[2026-09-19T23:44:45Z] === ENRICH ITERATION 1 START | repo=python-pillow/Pillow sha=204aae66 ===
[2026-09-19T23:44:45Z] [iter=1] PHASE START: enrich repo=python-pillow/Pillow sha=204aae66 runlog=/home/runner/work/forx/forx/storage/aggregate/lsp/logs/204aae66-enrich-iter-001.log output=/home/runner/work/forx/forx/storage/aggregate/lsp/204aae6682fc936f5350b3fe70335776f81480a7.nq.gz
[2026-09-19T23:44:59Z] [iter=1] Step 1: Loading AST into disk-backed store mem_mb=79 MB
[2026-09-19T23:45:36Z] [iter=1] AST store loaded triples=4178040 load_secs=36 mem_mb=973 MB
[2026-09-19T23:45:36Z] [iter=1] Step 2: Finding LSP targets mem_mb=973 MB
[2026-09-19T23:45:44Z] [iter=1] LSP targets found call_sites=26887 imports=163 extends=7 implements=0 secs=8
[2026-09-19T23:45:49Z] [iter=1] Step 2.7: Building position index (one-shot, shared across resolvers) mem_mb=973 MB
[2026-09-19T23:46:15Z] [iter=1] Position index built positions=277067 nodes_with_types=348543 secs=26 mem_mb=973 MB
[2026-09-19T23:46:15Z] [iter=1] Step 3: Starting LSP resolution mem_mb=973 MB already_completed_types=[] already_completed_files=0
[2026-09-19T23:46:15Z] [iter=1] Resolving target type target_type=call_site count=26887
[2026-09-19T23:46:16Z] [iter=1] HEARTBEAT target_type=call_site elapsed_min=1.5 files_done=0 resolved=0 errors=0 current=src/PIL/ImageGrab.py
[2026-09-19T23:46:51Z] [iter=1] HEARTBEAT target_type=call_site elapsed_min=2.1 files_done=1 resolved=27 errors=18 current=src/PIL/XpmImagePlugin.py
[2026-09-19T23:47:51Z] [iter=1] HEARTBEAT target_type=call_site elapsed_min=3.1 files_done=3 resolved=204 errors=49 current=src/PIL/PdfParser.py
[2026-09-19T23:51:13Z] [iter=1] HEARTBEAT target_type=call_site elapsed_min=6.5 files_done=4 resolved=523 errors=156 current=Tests/test_file_ico.py
[2026-09-19T23:51:53Z] [iter=1] HEARTBEAT target_type=call_site elapsed_min=7.1 files_done=5 resolved=596 errors=177 current=Tests/test_decompression_bomb.py
[2026-09-19T23:53:37Z] [iter=1] HEARTBEAT target_type=call_site elapsed_min=8.9 files_done=7 resolved=745 errors=232 current=Tests/check_png_dos.py
[2026-09-19T23:55:08Z] [iter=1] HEARTBEAT target_type=call_site elapsed_min=10.4 files_done=9 resolved=770 errors=281 current=Tests/test_file_container.py
[2026-09-19T23:59:52Z] [iter=1] HEARTBEAT target_type=call_site elapsed_min=15.1 files_done=14 resolved=1254 errors=432 current=Tests/test_core_resources.py
[2026-09-20T00:00:25Z] [iter=1] HEARTBEAT target_type=call_site elapsed_min=15.7 files_done=17 resolved=1354 errors=449 current=src/PIL/PngImagePlugin.py
[2026-09-20T00:06:16Z] [iter=1] HEARTBEAT target_type=call_site elapsed_min=21.5 files_done=18 resolved=1555 errors=637 current=Tests/test_imagewin.py
[2026-09-20T00:08:35Z] [iter=1] HEARTBEAT target_type=call_site elapsed_min=23.8 files_done=20 resolved=1861 errors=711 current=Tests/test_imagemath_lambda_eval.py
[2026-09-20T00:12:21Z] [iter=1] HEARTBEAT target_type=call_site elapsed_min=27.6 files_done=21 resolved=1973 errors=833 current=Tests/test_file_wmf.py
[2026-09-20T00:13:13Z] [iter=1] HEARTBEAT target_type=call_site elapsed_min=28.5 files_done=24 resolved=2042 errors=861 current=Tests/test_features.py
[2026-09-20T00:18:06Z] [iter=1] HEARTBEAT target_type=call_site elapsed_min=33.4 files_done=26 resolved=2214 errors=1018 current=Tests/test_format_hsv.py
[2026-09-20T00:18:56Z] [iter=1] HEARTBEAT target_type=call_site elapsed_min=34.2 files_done=27 resolved=2266 errors=1045 current=Tests/test_file_pdf.py
[2026-09-20T00:19:42Z] [iter=1] HEARTBEAT target_type=call_site elapsed_min=35.0 files_done=28 resolved=2381 errors=1069 current=src/PIL/EpsImagePlugin.py
[2026-09-20T00:20:26Z] [iter=1] HEARTBEAT target_type=call_site elapsed_min=35.7 files_done=29 resolved=2460 errors=1092 current=Tests/test_pickle.py
[2026-09-20T00:25:01Z] [iter=1] HEARTBEAT target_type=call_site elapsed_min=40.3 files_done=31 resolved=2705 errors=1239 current=Tests/test_qt_image_qapplication.py
[2026-09-20T00:27:19Z] [iter=1] HEARTBEAT target_type=call_site elapsed_min=42.6 files_done=33 resolved=2857 errors=1312 current=Tests/test_numpy.py
[2026-09-20T00:28:51Z] [iter=1] HEARTBEAT target_type=call_site elapsed_min=44.1 files_done=34 resolved=2912 errors=1360 current=Tests/test_file_png.py
[2026-09-20T00:31:52Z] [iter=1] HEARTBEAT target_type=call_site elapsed_min=47.1 files_done=35 resolved=3110 errors=1456 current=src/PIL/DdsImagePlugin.py
[2026-09-20T00:32:55Z] [iter=1] HEARTBEAT target_type=call_site elapsed_min=48.2 files_done=36 resolved=3145 errors=1490 current=Tests/test_image_access.py
[2026-09-20T00:33:33Z] [iter=1] HEARTBEAT target_type=call_site elapsed_min=48.8 files_done=37 resolved=3227 errors=1509 current=setup.py
[2026-09-20T00:40:00Z] [iter=1] HEARTBEAT target_type=call_site elapsed_min=55.3 files_done=38 resolved=3451 errors=1717 current=Tests/test_file_gif.py
[2026-09-20T00:41:52Z] [iter=1] HEARTBEAT target_type=call_site elapsed_min=57.1 files_done=39 resolved=3859 errors=1774 current=src/PIL/IptcImagePlugin.py
[2026-09-20T00:42:33Z] [iter=1] HEARTBEAT target_type=call_site elapsed_min=57.8 files_done=40 resolved=3888 errors=1796 current=src/PIL/WmfImagePlugin.py
[2026-09-20T00:43:14Z] [iter=1] HEARTBEAT target_type=call_site elapsed_min=58.5 files_done=41 resolved=3897 errors=1818 current=Tests/test_file_fits.py
[2026-09-20T00:44:13Z] [iter=1] HEARTBEAT target_type=call_site elapsed_min=59.5 files_done=43 resolved=3935 errors=1850 current=src/PIL/PcfFontFile.py
[2026-09-20T00:45:45Z] [iter=1] HEARTBEAT target_type=call_site elapsed_min=61.0 files_done=44 resolved=3995 errors=1899 current=src/PIL/ImageFile.py
[2026-09-20T00:47:25Z] [iter=1] HEARTBEAT target_type=call_site elapsed_min=62.7 files_done=45 resolved=4074 errors=1953 current=src/PIL/features.py
[2026-09-20T00:48:07Z] [iter=1] HEARTBEAT target_type=call_site elapsed_min=63.4 files_done=46 resolved=4139 errors=1975 current=Tests/test_imagewin_pointers.py
[2026-09-20T00:58:29Z] [iter=1] HEARTBEAT target_type=call_site elapsed_min=73.7 files_done=48 resolved=4552 errors=2307 current=Tests/test_imagechops.py
[2026-09-20T00:59:18Z] [iter=1] HEARTBEAT target_type=call_site elapsed_min=74.6 files_done=49 resolved=4693 errors=2333 current=Tests/test_imagestat.py
[2026-09-20T01:00:35Z] [iter=1] HEARTBEAT target_type=call_site elapsed_min=75.8 files_done=51 resolved=4908 errors=2373 current=Tests/test_image_getprojection.py
[2026-09-20T01:03:30Z] [iter=1] HEARTBEAT target_type=call_site elapsed_min=78.8 files_done=53 resolved=5036 errors=2467 current=Tests/test_file_webp_animated.py
[2026-09-20T01:04:10Z] [iter=1] HEARTBEAT target_type=call_site elapsed_min=79.4 files_done=55 resolved=5078 errors=2488 current=src/PIL/BlpImagePlugin.py
[2026-09-20T01:06:01Z] [iter=1] HEARTBEAT target_type=call_site elapsed_min=81.3 files_done=56 resolved=5155 errors=2548 current=Tests/test_imagecolor.py
[2026-09-20T01:06:48Z] [iter=1] HEARTBEAT target_type=call_site elapsed_min=82.1 files_done=59 resolved=5387 errors=2573 current=src/PIL/BmpImagePlugin.py
[2026-09-20T01:08:45Z] [iter=1] HEARTBEAT target_type=call_site elapsed_min=84.0 files_done=60 resolved=5455 errors=2636 current=Tests/helper.py
[2026-09-20T01:10:09Z] [iter=1] HEARTBEAT target_type=call_site elapsed_min=85.4 files_done=62 resolved=5557 errors=2681 current=Tests/test_imagecms.py
[2026-09-20T01:12:02Z] [iter=1] HEARTBEAT target_type=call_site elapsed_min=87.3 files_done=63 resolved=5732 errors=2742 current=src/PIL/PpmImagePlugin.py
[2026-09-20T01:13:02Z] [iter=1] HEARTBEAT target_type=call_site elapsed_min=88.3 files_done=64 resolved=5795 errors=2774 current=src/PIL/ImageColor.py
[2026-09-20T01:13:41Z] [iter=1] HEARTBEAT target_type=call_site elapsed_min=88.9 files_done=65 resolved=5856 errors=2795 current=Tests/test_file_libtiff.py
[2026-09-20T01:16:46Z] [iter=1] HEARTBEAT target_type=call_site elapsed_min=92.0 files_done=66 resolved=6095 errors=2893 current=src/PIL/ImageTk.py
[2026-09-20T01:17:20Z] [iter=1] HEARTBEAT target_type=call_site elapsed_min=92.6 files_done=67 resolved=6121 errors=2911 current=src/PIL/WebPImagePlugin.py
[2026-09-20T01:18:10Z] [iter=1] HEARTBEAT target_type=call_site elapsed_min=93.4 files_done=68 resolved=6168 errors=2938 current=Tests/test_imagefontctl.py
[2026-09-20T01:18:44Z] [iter=1] HEARTBEAT target_type=call_site elapsed_min=94.0 files_done=69 resolved=6273 errors=2956 current=Tests/test_image_transpose.py
[2026-09-20T01:21:33Z] [iter=1] HEARTBEAT target_type=call_site elapsed_min=96.8 files_done=70 resolved=6273 errors=3047 current=src/PIL/TgaImagePlugin.py
[2026-09-20T01:22:27Z] [iter=1] HEARTBEAT target_type=call_site elapsed_min=97.7 files_done=71 resolved=6301 errors=3076 current=Tests/test_font_pcf.py
[2026-09-20T01:29:01Z] [iter=1] HEARTBEAT target_type=call_site elapsed_min=104.3 files_done=73 resolved=6706 errors=3284 current=docs/example/anchors.py
[2026-09-20T01:29:48Z] [iter=1] HEARTBEAT target_type=call_site elapsed_min=105.1 files_done=76 resolved=6790 errors=3309 current=Tests/test_imagepath.py
[2026-09-20T01:32:21Z] [iter=1] HEARTBEAT target_type=call_site elapsed_min=107.6 files_done=79 resolved=6897 errors=3391 current=src/PIL/ImImagePlugin.py
[2026-09-20T01:33:11Z] [iter=1] HEARTBEAT target_type=call_site elapsed_min=108.4 files_done=81 resolved=6957 errors=3418 current=Tests/test_file_eps.py
[2026-09-20T01:36:37Z] [iter=1] HEARTBEAT target_type=call_site elapsed_min=111.9 files_done=83 resolved=7143 errors=3529 current=Tests/test_image_putdata.py
[2026-09-20T01:37:11Z] [iter=1] HEARTBEAT target_type=call_site elapsed_min=112.4 files_done=85 resolved=7225 errors=3547 current=Tests/createfontdatachunk.py
[2026-09-20T01:39:20Z] [iter=1] HEARTBEAT target_type=call_site elapsed_min=114.6 files_done=87 resolved=7241 errors=3617 current=Tests/test_format_lab.py
[2026-09-20T01:40:19Z] [iter=1] HEARTBEAT target_type=call_site elapsed_min=115.6 files_done=91 resolved=7309 errors=3648 current=src/PIL/FpxImagePlugin.py
[2026-09-20T01:41:02Z] [iter=1] HEARTBEAT target_type=call_site elapsed_min=116.3 files_done=92 resolved=7330 errors=3671 current=Tests/test_image_paste.py
[2026-09-20T01:41:58Z] [iter=1] HEARTBEAT target_type=call_site elapsed_min=117.2 files_done=95 resolved=7430 errors=3701 current=Tests/test_file_mpeg.py
[2026-09-20T01:42:58Z] [iter=1] HEARTBEAT target_type=call_site elapsed_min=118.2 files_done=97 resolved=7511 errors=3733 current=Tests/test_imagepalette.py
[2026-09-20T01:44:38Z] [iter=1] HEARTBEAT target_type=call_site elapsed_min=119.9 files_done=99 resolved=7610 errors=3786 current=Tests/test_map.py
[2026-09-20T01:46:25Z] [iter=1] HEARTBEAT target_type=call_site elapsed_min=121.7 files_done=101 resolved=7922 errors=3842 current=Tests/test_image_resample.py
[2026-09-20T01:50:03Z] [iter=1] HEARTBEAT target_type=call_site elapsed_min=125.3 files_done=102 resolved=8074 errors=3959 current=Tests/test_000_sanity.py
[2026-09-20T01:51:22Z] [iter=1] HEARTBEAT target_type=call_site elapsed_min=126.6 files_done=104 resolved=8146 errors=4001 current=Tests/test_image_getcolors.py
[2026-09-20T01:52:21Z] [iter=1] HEARTBEAT target_type=call_site elapsed_min=127.6 files_done=105 resolved=8147 errors=4033 current=src/PIL/ImageMath.py
[2026-09-20T01:54:23Z] [iter=1] HEARTBEAT target_type=call_site elapsed_min=129.6 files_done=106 resolved=8177 errors=4099 current=Tests/test_file_jpeg2k.py
[2026-09-20T01:55:29Z] [iter=1] HEARTBEAT target_type=call_site elapsed_min=130.7 files_done=107 resolved=8257 errors=4134 current=Tests/test_file_fli.py
[2026-09-20T01:56:19Z] [iter=1] HEARTBEAT target_type=call_site elapsed_min=131.6 files_done=110 resolved=8430 errors=4158 current=Tests/test_image_resize.py
[2026-09-20T01:57:26Z] [iter=1] HEARTBEAT target_type=call_site elapsed_min=132.7 files_done=111 resolved=8470 errors=4194 current=Tests/test_file_icns.py
[2026-09-20T01:57:59Z] [iter=1] HEARTBEAT target_type=call_site elapsed_min=133.2 files_done=113 resolved=8547 errors=4211 current=Tests/test_image_getextrema.py
[2026-09-20T01:59:14Z] [iter=1] HEARTBEAT target_type=call_site elapsed_min=134.5 files_done=115 resolved=8559 errors=4252 current=docs/example/DdsImagePlugin.py
[2026-09-20T01:59:58Z] [iter=1] HEARTBEAT target_type=call_site elapsed_min=135.2 files_done=116 resolved=8594 errors=4275 current=Tests/test_imagefile.py
[2026-09-20T02:01:22Z] [iter=1] HEARTBEAT target_type=call_site elapsed_min=136.6 files_done=117 resolved=8688 errors=4320 current=Tests/test_image_reduce.py
[2026-09-20T02:03:17Z] [iter=1] HEARTBEAT target_type=call_site elapsed_min=138.5 files_done=118 resolved=8715 errors=4382 current=src/PIL/ImageOps.py
[2026-09-20T02:04:49Z] [iter=1] HEARTBEAT target_type=call_site elapsed_min=140.1 files_done=119 resolved=8811 errors=4431 current=src/PIL/IcnsImagePlugin.py
[2026-09-20T02:06:00Z] [iter=1] HEARTBEAT target_type=call_site elapsed_min=141.3 files_done=120 resolved=8878 errors=4469 current=Tests/test_font_bdf.py
[2026-09-20T02:06:48Z] [iter=1] HEARTBEAT target_type=call_site elapsed_min=142.1 files_done=123 resolved=8989 errors=4494 current=Tests/test_file_qoi.py
[2026-09-20T02:07:21Z] [iter=1] HEARTBEAT target_type=call_site elapsed_min=142.6 files_done=126 resolved=9014 errors=4512 current=src/PIL/ImageFilter.py
[2026-09-20T02:10:20Z] [iter=1] HEARTBEAT target_type=call_site elapsed_min=145.6 files_done=129 resolved=9262 errors=4608 current=src/PIL/PcdImagePlugin.py
[2026-09-20T02:10:55Z] [iter=1] HEARTBEAT target_type=call_site elapsed_min=146.2 files_done=131 resolved=9303 errors=4626 current=Tests/test_file_tar.py
[2026-09-20T02:11:37Z] [iter=1] HEARTBEAT target_type=call_site elapsed_min=146.9 files_done=133 resolved=9354 errors=4649 current=Tests/test_bmp_reference.py
[2026-09-20T02:12:32Z] [iter=1] HEARTBEAT target_type=call_site elapsed_min=147.8 files_done=135 resolved=9401 errors=4678 current=src/PIL/IcoImagePlugin.py
[2026-09-20T02:13:56Z] [iter=1] HEARTBEAT target_type=call_site elapsed_min=149.2 files_done=136 resolved=9453 errors=4723 current=docs/dater.py
[2026-09-20T02:14:29Z] [iter=1] HEARTBEAT target_type=call_site elapsed_min=149.7 files_done=139 resolved=9514 errors=4740 current=Tests/test_lib_pack.py
[2026-09-20T02:24:50Z] [iter=1] HEARTBEAT target_type=call_site elapsed_min=160.1 files_done=140 resolved=9531 errors=5063 current=Tests/test_imagedraw2.py
[2026-09-20T02:26:03Z] [iter=1] HEARTBEAT target_type=call_site elapsed_min=161.3 files_done=141 resolved=9594 errors=5101 current=Tests/test_file_im.py
[2026-09-20T02:27:32Z] [iter=1] HEARTBEAT target_type=call_site elapsed_min=162.8 files_done=143 resolved=9696 errors=5148 current=src/PIL/TiffTags.py
[2026-09-20T02:28:19Z] [iter=1] HEARTBEAT target_type=call_site elapsed_min=163.6 files_done=146 resolved=9757 errors=5173 current=Tests/test_image_getbbox.py
[2026-09-20T02:28:50Z] [iter=1] HEARTBEAT target_type=call_site elapsed_min=164.1 files_done=147 resolved=9765 errors=5190 current=Tests/check_jp2_overflow.py
[2026-09-20T02:29:22Z] [iter=1] HEARTBEAT target_type=call_site elapsed_min=164.6 files_done=149 resolved=9811 errors=5207 current=src/PIL/XVThumbImagePlugin.py
[2026-09-20T02:30:15Z] [iter=1] HEARTBEAT target_type=call_site elapsed_min=165.5 files_done=152 resolved=9855 errors=5235 current=src/PIL/WalImageFile.py
[2026-09-20T02:31:46Z] [iter=1] HEARTBEAT target_type=call_site elapsed_min=167.0 files_done=155 resolved=9933 errors=5284 current=Tests/test_lib_image.py
[2026-09-20T02:32:20Z] [iter=1] HEARTBEAT target_type=call_site elapsed_min=167.6 files_done=156 resolved=9936 errors=5302 current=Tests/check_j2k_dos.py
[2026-09-20T02:33:10Z] [iter=1] HEARTBEAT target_type=call_site elapsed_min=168.4 files_done=158 resolved=10006 errors=5329 current=src/PIL/FitsImagePlugin.py
[2026-09-20T02:35:50Z] [iter=1] HEARTBEAT target_type=call_site elapsed_min=171.1 files_done=162 resolved=10099 errors=5415 current=Tests/test_file_fpx.py
[2026-09-20T02:36:53Z] [iter=1] HEARTBEAT target_type=call_site elapsed_min=172.1 files_done=165 resolved=10155 errors=5449 current=src/PIL/XbmImagePlugin.py
[2026-09-20T02:37:59Z] [iter=1] HEARTBEAT target_type=call_site elapsed_min=173.2 files_done=167 resolved=10238 errors=5484 current=Tests/test_file_gimpgradient.py
[2026-09-20T02:38:38Z] [iter=1] HEARTBEAT target_type=call_site elapsed_min=173.9 files_done=169 resolved=10270 errors=5505 current=Tests/test_file_psd.py
[2026-09-20T02:39:23Z] [iter=1] HEARTBEAT target_type=call_site elapsed_min=174.6 files_done=172 resolved=10320 errors=5529 current=Tests/check_jpeg_leaks.py
[2026-09-20T02:39:56Z] [iter=1] HEARTBEAT target_type=call_site elapsed_min=175.2 files_done=174 resolved=10348 errors=5547 current=Tests/test_psdraw.py
[2026-09-20T02:40:41Z] [iter=1] HEARTBEAT target_type=call_site elapsed_min=175.9 files_done=177 resolved=10423 errors=5571 current=Tests/test_deprecate.py
[2026-09-20T02:41:30Z] [iter=1] HEARTBEAT target_type=call_site elapsed_min=176.8 files_done=182 resolved=10560 errors=5597 current=Tests/test_sgi_crash.py
[2026-09-20T02:42:05Z] [iter=1] HEARTBEAT target_type=call_site elapsed_min=177.3 files_done=184 resolved=10651 errors=5615 current=Tests/test_file_dcx.py
[2026-09-20T02:42:42Z] [iter=1] HEARTBEAT target_type=call_site elapsed_min=178.0 files_done=186 resolved=10703 errors=5635 current=src/PIL/MspImagePlugin.py
[2026-09-20T02:43:25Z] [iter=1] HEARTBEAT target_type=call_site elapsed_min=178.7 files_done=188 resolved=10732 errors=5658 current=Tests/test_file_libtiff_small.py
[2026-09-20T02:44:02Z] [iter=1] HEARTBEAT target_type=call_site elapsed_min=179.3 files_done=191 resolved=10753 errors=5678 current=Tests/test_file_webp_alpha.py
[2026-09-20T02:44:48Z] [iter=1] HEARTBEAT target_type=call_site elapsed_min=180.1 files_done=197 resolved=10812 errors=5702 current=Tests/test_image_split.py
[2026-09-20T02:45:23Z] [iter=1] HEARTBEAT target_type=call_site elapsed_min=180.6 files_done=198 resolved=10822 errors=5721 current=Tests/oss-fuzz/fuzzers.py
[2026-09-20T02:46:15Z] [iter=1] HEARTBEAT target_type=call_site elapsed_min=181.5 files_done=201 resolved=10868 errors=5749 current=_custom_build/backend.py
[2026-09-20T02:46:51Z] [iter=1] HEARTBEAT target_type=call_site elapsed_min=182.1 files_done=204 resolved=10899 errors=5768 current=src/PIL/_binary.py
[2026-09-20T02:47:38Z] [iter=1] HEARTBEAT target_type=call_site elapsed_min=182.9 files_done=209 resolved=10926 errors=5793 current=selftest.py
[2026-09-20T02:48:13Z] [iter=1] HEARTBEAT target_type=call_site elapsed_min=183.5 files_done=212 resolved=10966 errors=5812 current=Tests/test_image_mode.py
[2026-09-20T02:48:50Z] [iter=1] HEARTBEAT target_type=call_site elapsed_min=184.1 files_done=218 resolved=11023 errors=5832 current=Tests/test_image_getpalette.py
[2026-09-20T02:49:22Z] [iter=1] HEARTBEAT target_type=call_site elapsed_min=184.6 files_done=219 resolved=11024 errors=5849 current=src/PIL/PalmImagePlugin.py
[2026-09-20T02:50:19Z] [iter=1] HEARTBEAT target_type=call_site elapsed_min=185.6 files_done=220 resolved=11048 errors=5880 current=Tests/test_imageshow.py
[2026-09-20T02:50:53Z] [iter=1] HEARTBEAT target_type=call_site elapsed_min=186.1 files_done=223 resolved=11094 errors=5898 current=src/PIL/SgiImagePlugin.py
[2026-09-20T02:51:35Z] [iter=1] HEARTBEAT target_type=call_site elapsed_min=186.8 files_done=224 resolved=11132 errors=5920 current=src/PIL/ImtImagePlugin.py
[2026-09-20T02:52:14Z] [iter=1] HEARTBEAT target_type=call_site elapsed_min=187.5 files_done=226 resolved=11150 errors=5941 current=src/PIL/CurImagePlugin.py
[2026-09-20T02:53:02Z] [iter=1] HEARTBEAT target_type=call_site elapsed_min=188.3 files_done=228 resolved=11168 errors=5967 current=Tests/test_font_crash.py
[2026-09-20T02:53:56Z] [iter=1] HEARTBEAT target_type=call_site elapsed_min=189.2 files_done=233 resolved=11194 errors=5996 current=Tests/test_file_mcidas.py
[2026-09-20T02:54:32Z] [iter=1] HEARTBEAT target_type=call_site elapsed_min=189.8 files_done=236 resolved=11219 errors=6015 current=Tests/test_file_palm.py
[2026-09-20T02:55:37Z] [iter=1] HEARTBEAT target_type=call_site elapsed_min=190.9 files_done=242 resolved=11276 errors=6050 current=Tests/test_image_copy.py
[2026-09-20T02:56:16Z] [iter=1] HEARTBEAT target_type=call_site elapsed_min=191.5 files_done=246 resolved=11301 errors=6071 current=Tests/test_image_tobitmap.py
[2026-09-20T02:56:52Z] [iter=1] HEARTBEAT target_type=call_site elapsed_min=192.1 files_done=253 resolved=11327 errors=6090 current=src/PIL/ImageSequence.py
[2026-09-20T02:57:24Z] [iter=1] HEARTBEAT target_type=call_site elapsed_min=192.7 files_done=259 resolved=11373 errors=6107 current=Tests/test_qt_image_toqimage.py
[2026-09-20T02:57:57Z] [iter=1] HEARTBEAT target_type=call_site elapsed_min=193.2 files_done=269 resolved=11407 errors=6125 current=Tests/test_file_gd.py
[2026-09-20T03:11:52Z] [iter=1] HEARTBEAT target_type=call_site elapsed_min=207.1 files_done=282 resolved=11434 errors=6573 current=src/display.c
[2026-09-20T03:15:31Z] [iter=1] HEARTBEAT target_type=call_site elapsed_min=210.8 files_done=284 resolved=11620 errors=6691 current=src/decode.c
[2026-09-20T03:17:44Z] [iter=1] HEARTBEAT target_type=call_site elapsed_min=213.0 files_done=285 resolved=11626 errors=6763 current=src/libImaging/Draw.c
[2026-09-20T03:22:45Z] [iter=1] HEARTBEAT target_type=call_site elapsed_min=218.0 files_done=286 resolved=11669 errors=6926 current=src/libImaging/TiffDecode.c
[2026-09-20T03:27:32Z] [iter=1] HEARTBEAT target_type=call_site elapsed_min=222.8 files_done=288 resolved=11690 errors=7082 current=src/libImaging/Jpeg2KDecode.c
[2026-09-20T03:28:31Z] [iter=1] HEARTBEAT target_type=call_site elapsed_min=223.8 files_done=290 resolved=11698 errors=7114 current=src/_imagingmath.c
[2026-09-20T03:29:57Z] [iter=1] HEARTBEAT target_type=call_site elapsed_min=225.2 files_done=291 resolved=11699 errors=7161 current=src/Tk/tkImaging.c
[2026-09-20T03:31:10Z] [iter=1] HEARTBEAT target_type=call_site elapsed_min=226.4 files_done=292 resolved=11710 errors=7201 current=src/libImaging/QuantOctree.c
[2026-09-20T03:32:38Z] [iter=1] HEARTBEAT target_type=call_site elapsed_min=227.9 files_done=293 resolved=11731 errors=7249 current=src/_imagingcms.c
[2026-09-20T03:34:52Z] [iter=1] HEARTBEAT target_type=call_site elapsed_min=230.1 files_done=294 resolved=11731 errors=7322 current=src/path.c
[2026-09-20T03:35:49Z] [iter=1] HEARTBEAT target_type=call_site elapsed_min=231.1 files_done=295 resolved=11736 errors=7353 current=src/libImaging/ColorLUT.c
[2026-09-20T03:36:46Z] [iter=1] HEARTBEAT target_type=call_site elapsed_min=232.0 files_done=296 resolved=11736 errors=7384 current=src/libImaging/Reduce.c
[2026-09-20T03:40:24Z] [iter=1] HEARTBEAT target_type=call_site elapsed_min=235.7 files_done=297 resolved=11736 errors=7503 current=src/libImaging/Copy.c
[2026-09-20T03:42:13Z] [iter=1] HEARTBEAT target_type=call_site elapsed_min=237.5 files_done=300 resolved=11736 errors=7562 current=src/libImaging/Unpack.c
[2026-09-20T03:44:58Z] [iter=1] CHECKPOINT TRIGGERED elapsed_min=240.2 files_completed=300 new_files_this_iter=300 mem_mb=973 MB
[2026-09-20T03:44:58Z] [iter=1] Writing partial enrichment graph path=/home/runner/work/forx/forx/storage/aggregate/lsp/204aae6682fc936f5350b3fe70335776f81480a7.nq.gz triples=124591
[2026-09-20T03:45:00Z] [iter=1] Checkpoint written, exiting with code 7
[2026-09-20T03:45:00Z] [iter=1] PHASE END: enrich (checkpointed) elapsed_s=14413 elapsed_min=240.2 files_completed=300
