[2026-09-20T03:50:43Z] === ENRICH ITERATION 2 START | repo=python-pillow/Pillow sha=204aae66 ===
[2026-09-20T03:50:43Z] [iter=2] PHASE START: enrich repo=python-pillow/Pillow sha=204aae66 runlog=/home/runner/work/forx/forx/storage/aggregate/lsp/logs/204aae66-enrich-iter-002.log output=/home/runner/work/forx/forx/storage/aggregate/lsp/204aae6682fc936f5350b3fe70335776f81480a7.nq.gz
[2026-09-20T03:50:58Z] [iter=2] Step 1: Loading AST into disk-backed store mem_mb=80 MB
[2026-09-20T03:51:48Z] [iter=2] AST store loaded triples=4178040 load_secs=49 mem_mb=1019 MB
[2026-09-20T03:51:48Z] [iter=2] Step 2: Finding LSP targets mem_mb=1019 MB
[2026-09-20T03:51:54Z] [iter=2] LSP targets found call_sites=26887 imports=163 extends=7 implements=0 secs=6
[2026-09-20T03:51:58Z] [iter=2] Loaded checkpoint partial graph triples=124591
[2026-09-20T03:52:02Z] [iter=2] Step 2.7: Building position index (one-shot, shared across resolvers) mem_mb=1019 MB
[2026-09-20T03:52:21Z] [iter=2] Position index built positions=277067 nodes_with_types=348543 secs=18 mem_mb=1166 MB
[2026-09-20T03:52:21Z] [iter=2] Step 3: Starting LSP resolution mem_mb=1166 MB already_completed_types=[] already_completed_files=300
[2026-09-20T03:52:21Z] [iter=2] Resolving target type target_type=call_site count=26887
[2026-09-20T03:52:25Z] [iter=2] HEARTBEAT target_type=call_site elapsed_min=1.7 files_done=0 resolved=0 errors=0 current=src/libImaging/Unpack.c
[2026-09-20T03:55:16Z] [iter=2] HEARTBEAT target_type=call_site elapsed_min=4.5 files_done=1 resolved=0 errors=142 current=src/libImaging/Histo.c
[2026-09-20T03:55:59Z] [iter=2] HEARTBEAT target_type=call_site elapsed_min=5.3 files_done=2 resolved=0 errors=178 current=src/_imagingft.c
[2026-09-20T03:58:13Z] [iter=2] HEARTBEAT target_type=call_site elapsed_min=7.5 files_done=3 resolved=9 errors=291 current=src/libImaging/Geometry.c
[2026-09-20T04:01:15Z] [iter=2] HEARTBEAT target_type=call_site elapsed_min=10.5 files_done=4 resolved=9 errors=444 current=src/libImaging/ZipEncode.c
[2026-09-20T04:02:00Z] [iter=2] HEARTBEAT target_type=call_site elapsed_min=11.3 files_done=7 resolved=41 errors=481 current=src/libImaging/Access.c
[2026-09-20T04:02:56Z] [iter=2] HEARTBEAT target_type=call_site elapsed_min=12.2 files_done=8 resolved=41 errors=528 current=src/encode.c
[2026-09-20T04:04:02Z] [iter=2] HEARTBEAT target_type=call_site elapsed_min=13.3 files_done=9 resolved=89 errors=583 current=src/libImaging/codec_fd.c
[2026-09-20T04:05:25Z] [iter=2] HEARTBEAT target_type=call_site elapsed_min=14.7 files_done=12 resolved=129 errors=653 current=src/libImaging/Paste.c
[2026-09-20T04:07:03Z] [iter=2] HEARTBEAT target_type=call_site elapsed_min=16.3 files_done=13 resolved=129 errors=735 current=src/libImaging/Convert.c
[2026-09-20T04:11:28Z] [iter=2] HEARTBEAT target_type=call_site elapsed_min=20.7 files_done=14 resolved=129 errors=957 current=src/libImaging/Palette.c
[2026-09-20T04:12:01Z] [iter=2] HEARTBEAT target_type=call_site elapsed_min=21.3 files_done=15 resolved=129 errors=985 current=src/libImaging/Bands.c
[2026-09-20T04:12:54Z] [iter=2] HEARTBEAT target_type=call_site elapsed_min=22.2 files_done=16 resolved=129 errors=1030 current=src/libImaging/FliDecode.c
[2026-09-20T04:13:28Z] [iter=2] HEARTBEAT target_type=call_site elapsed_min=22.7 files_done=17 resolved=129 errors=1058 current=src/libImaging/Chops.c
[2026-09-20T04:17:10Z] [iter=2] HEARTBEAT target_type=call_site elapsed_min=26.4 files_done=19 resolved=129 errors=1245 current=src/libImaging/JpegDecode.c
[2026-09-20T04:19:14Z] [iter=2] HEARTBEAT target_type=call_site elapsed_min=28.5 files_done=21 resolved=148 errors=1349 current=src/libImaging/Jpeg2KEncode.c
[2026-09-20T04:20:56Z] [iter=2] HEARTBEAT target_type=call_site elapsed_min=30.2 files_done=24 resolved=166 errors=1435 current=src/outline.c
[2026-09-20T04:21:33Z] [iter=2] HEARTBEAT target_type=call_site elapsed_min=30.8 files_done=26 resolved=166 errors=1466 current=src/libImaging/BcnDecode.c
[2026-09-20T04:23:24Z] [iter=2] HEARTBEAT target_type=call_site elapsed_min=32.7 files_done=27 resolved=166 errors=1559 current=src/libImaging/Dib.c
[2026-09-20T04:24:10Z] [iter=2] HEARTBEAT target_type=call_site elapsed_min=33.4 files_done=31 resolved=210 errors=1597 current=src/libImaging/File.c
[2026-09-20T04:25:00Z] [iter=2] HEARTBEAT target_type=call_site elapsed_min=34.3 files_done=35 resolved=224 errors=1639 current=src/libImaging/RankFilter.c
[2026-09-20T04:25:31Z] [iter=2] HEARTBEAT target_type=call_site elapsed_min=34.8 files_done=38 resolved=234 errors=1665 current=src/libImaging/ModeFilter.c
[2026-09-20T04:26:09Z] [iter=2] HEARTBEAT target_type=call_site elapsed_min=35.4 files_done=43 resolved=234 errors=1697 current=src/libImaging/Offset.c
[2026-09-20T04:26:58Z] [iter=2] HEARTBEAT target_type=call_site elapsed_min=36.2 files_done=48 resolved=235 errors=1738 current=src/libImaging/UnsharpMask.c
[2026-09-20T04:27:29Z] [iter=2] HEARTBEAT target_type=call_site elapsed_min=36.8 files_done=51 resolved=242 errors=1764 current=src/libImaging/Blend.c
[2026-09-20T04:28:01Z] [iter=2] HEARTBEAT target_type=call_site elapsed_min=37.3 files_done=57 resolved=248 errors=1790 current=src/libImaging/Except.c
[2026-09-20T04:28:26Z] [iter=2] Target type resolved target_type=call_site resolved=250 errors=1807 secs=2165 mem_mb=1185 MB
[2026-09-20T04:28:26Z] [iter=2] Resolving target type target_type=import_statement count=163
[2026-09-20T04:28:28Z] [iter=2] Target type resolved target_type=import_statement resolved=42 errors=0 secs=2 mem_mb=1186 MB
[2026-09-20T04:28:28Z] [iter=2] Resolving target type target_type=extends_clause count=7
[2026-09-20T04:28:29Z] [iter=2] Target type resolved target_type=extends_clause resolved=0 errors=0 secs=1 mem_mb=1186 MB
[2026-09-20T04:28:47Z] [iter=2] Step 5: Writing final enrichment file triples=195619
[2026-09-20T04:28:51Z] [iter=2] Enrichment file written path=/home/runner/work/forx/forx/storage/aggregate/lsp/204aae6682fc936f5350b3fe70335776f81480a7.nq.gz size_kb=4174
[2026-09-20T04:28:51Z] [iter=2] Checkpoint cleared (enrichment complete)
[2026-09-20T04:28:51Z] [iter=2] PHASE END: enrich elapsed_s=2288 elapsed_min=38.1 total_triples=195619
