[2026-09-19T14:59:06Z] === ENRICH ITERATION 1 START | repo=python-pillow/Pillow sha=339bc5db ===
[2026-09-19T14:59:06Z] [iter=1] PHASE START: enrich repo=python-pillow/Pillow sha=339bc5db runlog=/home/runner/work/forx/forx/storage/aggregate/lsp/logs/339bc5db-enrich-iter-001.log output=/home/runner/work/forx/forx/storage/aggregate/lsp/339bc5db93bd95decf65a59fab273f300db6594d.nq.gz
[2026-09-19T14:59:24Z] [iter=1] Step 1: Loading AST into disk-backed store mem_mb=80 MB
[2026-09-19T15:00:19Z] [iter=1] AST store loaded triples=4367223 load_secs=55 mem_mb=1020 MB
[2026-09-19T15:00:19Z] [iter=1] Step 2: Finding LSP targets mem_mb=1020 MB
[2026-09-19T15:00:24Z] [iter=1] LSP targets found call_sites=28251 imports=262 extends=12 implements=0 secs=5
[2026-09-19T15:00:27Z] [iter=1] Step 2.7: Building position index (one-shot, shared across resolvers) mem_mb=1020 MB
[2026-09-19T15:00:43Z] [iter=1] Position index built positions=289475 nodes_with_types=364030 secs=16 mem_mb=1020 MB
[2026-09-19T15:00:43Z] [iter=1] Step 3: Starting LSP resolution mem_mb=1020 MB already_completed_types=[] already_completed_files=0
[2026-09-19T15:00:43Z] [iter=1] Resolving target type target_type=call_site count=28251
[2026-09-19T15:00:43Z] [iter=1] HEARTBEAT target_type=call_site elapsed_min=1.6 files_done=0 resolved=0 errors=0 current=Tests/test_file_apng.py
[2026-09-19T15:01:14Z] [iter=1] HEARTBEAT target_type=call_site elapsed_min=2.1 files_done=2 resolved=192 errors=29 current=Tests/test_file_webp.py
[2026-09-19T15:02:01Z] [iter=1] HEARTBEAT target_type=call_site elapsed_min=2.9 files_done=4 resolved=298 errors=78 current=Tests/test_file_ico.py
[2026-09-19T15:07:10Z] [iter=1] HEARTBEAT target_type=call_site elapsed_min=8.1 files_done=7 resolved=766 errors=410 current=Tests/test_file_webp_animated.py
[2026-09-19T15:09:29Z] [iter=1] HEARTBEAT target_type=call_site elapsed_min=10.4 files_done=9 resolved=1178 errors=561 current=Tests/test_imagefile.py
[2026-09-19T15:10:12Z] [iter=1] HEARTBEAT target_type=call_site elapsed_min=11.1 files_done=10 resolved=1284 errors=607 current=Tests/test_file_avif.py
[2026-09-19T15:10:51Z] [iter=1] HEARTBEAT target_type=call_site elapsed_min=11.7 files_done=11 resolved=1407 errors=649 current=Tests/test_file_gif.py
[2026-09-19T15:11:48Z] [iter=1] HEARTBEAT target_type=call_site elapsed_min=12.7 files_done=12 resolved=1801 errors=706 current=src/PIL/GifImagePlugin.py
[2026-09-19T15:14:06Z] [iter=1] HEARTBEAT target_type=call_site elapsed_min=15.0 files_done=13 resolved=1926 errors=856 current=Tests/helper.py
[2026-09-19T15:15:13Z] [iter=1] HEARTBEAT target_type=call_site elapsed_min=16.1 files_done=15 resolved=2154 errors=927 current=src/PIL/ImageOps.py
[2026-09-19T15:15:58Z] [iter=1] HEARTBEAT target_type=call_site elapsed_min=16.9 files_done=16 resolved=2254 errors=976 current=Tests/test_file_tiff_metadata.py
[2026-09-19T15:21:18Z] [iter=1] HEARTBEAT target_type=call_site elapsed_min=22.2 files_done=19 resolved=2424 errors=1322 current=Tests/test_image_paste.py
[2026-09-19T15:22:19Z] [iter=1] HEARTBEAT target_type=call_site elapsed_min=23.2 files_done=23 resolved=2625 errors=1389 current=src/PIL/PcfFontFile.py
[2026-09-19T15:23:05Z] [iter=1] HEARTBEAT target_type=call_site elapsed_min=24.0 files_done=24 resolved=2685 errors=1438 current=src/PIL/ImageDraw.py
[2026-09-19T15:24:17Z] [iter=1] HEARTBEAT target_type=call_site elapsed_min=25.2 files_done=25 resolved=2805 errors=1517 current=Tests/test_file_bufrstub.py
[2026-09-19T15:25:20Z] [iter=1] HEARTBEAT target_type=call_site elapsed_min=26.2 files_done=28 resolved=2970 errors=1585 current=src/PIL/PngImagePlugin.py
[2026-09-19T15:28:11Z] [iter=1] HEARTBEAT target_type=call_site elapsed_min=29.1 files_done=29 resolved=3173 errors=1773 current=Tests/test_file_pcx.py
[2026-09-19T15:28:56Z] [iter=1] HEARTBEAT target_type=call_site elapsed_min=29.8 files_done=32 resolved=3323 errors=1822 current=src/PIL/ImageCms.py
[2026-09-19T15:30:04Z] [iter=1] HEARTBEAT target_type=call_site elapsed_min=31.0 files_done=33 resolved=3363 errors=1898 current=Tests/test_image_putdata.py
[2026-09-19T15:31:46Z] [iter=1] HEARTBEAT target_type=call_site elapsed_min=32.7 files_done=35 resolved=3647 errors=2008 current=src/PIL/MpoImagePlugin.py
[2026-09-19T15:32:44Z] [iter=1] HEARTBEAT target_type=call_site elapsed_min=33.6 files_done=37 resolved=3723 errors=2073 current=src/PIL/EpsImagePlugin.py
[2026-09-19T15:33:42Z] [iter=1] HEARTBEAT target_type=call_site elapsed_min=34.6 files_done=40 resolved=3901 errors=2137 current=src/PIL/XpmImagePlugin.py
[2026-09-19T15:37:30Z] [iter=1] HEARTBEAT target_type=call_site elapsed_min=38.4 files_done=43 resolved=4208 errors=2385 current=Tests/test_imagesequence.py
[2026-09-19T15:38:05Z] [iter=1] HEARTBEAT target_type=call_site elapsed_min=39.0 files_done=46 resolved=4313 errors=2423 current=Tests/test_file_jpeg.py
[2026-09-19T15:40:14Z] [iter=1] HEARTBEAT target_type=call_site elapsed_min=41.1 files_done=47 resolved=4515 errors=2564 current=Tests/test_file_tiff.py
[2026-09-19T15:40:51Z] [iter=1] HEARTBEAT target_type=call_site elapsed_min=41.7 files_done=48 resolved=4747 errors=2604 current=Tests/test_image_copy.py
[2026-09-19T15:42:34Z] [iter=1] HEARTBEAT target_type=call_site elapsed_min=43.5 files_done=50 resolved=4856 errors=2716 current=Tests/test_imagechops.py
[2026-09-19T15:43:45Z] [iter=1] HEARTBEAT target_type=call_site elapsed_min=44.6 files_done=52 resolved=5077 errors=2794 current=src/PIL/PsdImagePlugin.py
[2026-09-19T15:44:49Z] [iter=1] HEARTBEAT target_type=call_site elapsed_min=45.7 files_done=53 resolved=5115 errors=2866 current=Tests/test_core_resources.py
[2026-09-19T15:45:48Z] [iter=1] HEARTBEAT target_type=call_site elapsed_min=46.7 files_done=56 resolved=5178 errors=2932 current=src/PIL/TiffImagePlugin.py
[2026-09-19T15:48:51Z] [iter=1] HEARTBEAT target_type=call_site elapsed_min=49.7 files_done=57 resolved=5545 errors=3132 current=src/PIL/PdfImagePlugin.py
[2026-09-19T15:49:37Z] [iter=1] HEARTBEAT target_type=call_site elapsed_min=50.5 files_done=58 resolved=5574 errors=3183 current=Tests/test_pdfparser.py
[2026-09-19T15:50:12Z] [iter=1] HEARTBEAT target_type=call_site elapsed_min=51.1 files_done=61 resolved=5763 errors=3221 current=src/PIL/PdfParser.py
[2026-09-19T15:51:51Z] [iter=1] HEARTBEAT target_type=call_site elapsed_min=52.7 files_done=62 resolved=6082 errors=3328 current=Tests/test_file_icns.py
[2026-09-19T15:52:30Z] [iter=1] HEARTBEAT target_type=call_site elapsed_min=53.4 files_done=68 resolved=6310 errors=3371 current=Tests/test_imageops.py
[2026-09-19T15:53:49Z] [iter=1] HEARTBEAT target_type=call_site elapsed_min=54.7 files_done=69 resolved=6498 errors=3459 current=src/PIL/ImageFont.py
[2026-09-19T15:54:24Z] [iter=1] HEARTBEAT target_type=call_site elapsed_min=55.3 files_done=70 resolved=6562 errors=3497 current=Tests/test_file_png.py
[2026-09-19T15:55:51Z] [iter=1] HEARTBEAT target_type=call_site elapsed_min=56.7 files_done=71 resolved=6753 errors=3593 current=Tests/test_file_palm.py
[2026-09-19T15:56:59Z] [iter=1] HEARTBEAT target_type=call_site elapsed_min=57.9 files_done=74 resolved=7070 errors=3666 current=Tests/test_file_pdf.py
[2026-09-19T15:57:34Z] [iter=1] HEARTBEAT target_type=call_site elapsed_min=58.5 files_done=78 resolved=7205 errors=3704 current=Tests/test_file_cur.py
[2026-09-19T15:58:09Z] [iter=1] HEARTBEAT target_type=call_site elapsed_min=59.0 files_done=80 resolved=7307 errors=3742 current=Tests/test_image.py
[2026-09-19T15:59:05Z] [iter=1] HEARTBEAT target_type=call_site elapsed_min=60.0 files_done=81 resolved=7596 errors=3802 current=Tests/test_imagemath_unsafe_eval.py
[2026-09-19T16:00:33Z] [iter=1] HEARTBEAT target_type=call_site elapsed_min=61.4 files_done=82 resolved=7710 errors=3899 current=Tests/test_file_psd.py
[2026-09-19T16:01:06Z] [iter=1] HEARTBEAT target_type=call_site elapsed_min=62.0 files_done=84 resolved=7743 errors=3936 current=src/PIL/AvifImagePlugin.py
[2026-09-19T16:01:48Z] [iter=1] HEARTBEAT target_type=call_site elapsed_min=62.7 files_done=86 resolved=7836 errors=3982 current=Tests/test_qt_image_qapplication.py
[2026-09-19T16:02:56Z] [iter=1] HEARTBEAT target_type=call_site elapsed_min=63.8 files_done=88 resolved=8026 errors=4057 current=src/PIL/SpiderImagePlugin.py
[2026-09-19T16:03:50Z] [iter=1] HEARTBEAT target_type=call_site elapsed_min=64.7 files_done=90 resolved=8124 errors=4116 current=Tests/test_file_ppm.py
[2026-09-19T16:04:59Z] [iter=1] HEARTBEAT target_type=call_site elapsed_min=65.9 files_done=93 resolved=8294 errors=4190 current=Tests/test_font_pcf.py
[2026-09-19T16:06:05Z] [iter=1] HEARTBEAT target_type=call_site elapsed_min=67.0 files_done=95 resolved=8406 errors=4263 current=src/PIL/FpxImagePlugin.py
[2026-09-19T16:06:51Z] [iter=1] HEARTBEAT target_type=call_site elapsed_min=67.7 files_done=97 resolved=8496 errors=4313 current=src/PIL/PSDraw.py
[2026-09-19T16:07:32Z] [iter=1] HEARTBEAT target_type=call_site elapsed_min=68.4 files_done=102 resolved=8769 errors=4357 current=Tests/test_imagepalette.py
[2026-09-19T16:08:08Z] [iter=1] HEARTBEAT target_type=call_site elapsed_min=69.0 files_done=105 resolved=8893 errors=4396 current=Tests/test_file_dds.py
[2026-09-19T16:08:38Z] [iter=1] HEARTBEAT target_type=call_site elapsed_min=69.5 files_done=106 resolved=8952 errors=4429 current=Tests/oss-fuzz/fuzz_pillow.py
[2026-09-19T16:09:11Z] [iter=1] HEARTBEAT target_type=call_site elapsed_min=70.1 files_done=109 resolved=8967 errors=4465 current=Tests/test_arrow.py
[2026-09-19T16:09:47Z] [iter=1] HEARTBEAT target_type=call_site elapsed_min=70.7 files_done=113 resolved=9086 errors=4505 current=Tests/test_imagemath_lambda_eval.py
[2026-09-19T16:11:37Z] [iter=1] HEARTBEAT target_type=call_site elapsed_min=72.5 files_done=114 resolved=9198 errors=4627 current=src/PIL/_typing.py
[2026-09-19T16:13:46Z] [iter=1] HEARTBEAT target_type=call_site elapsed_min=74.7 files_done=118 resolved=9440 errors=4769 current=src/PIL/ImageEnhance.py
[2026-09-19T16:14:29Z] [iter=1] HEARTBEAT target_type=call_site elapsed_min=75.4 files_done=120 resolved=9471 errors=4817 current=Tests/test_image_entropy.py
[2026-09-19T16:15:07Z] [iter=1] HEARTBEAT target_type=call_site elapsed_min=76.0 files_done=126 resolved=9524 errors=4860 current=src/PIL/GimpGradientFile.py
[2026-09-19T16:15:45Z] [iter=1] HEARTBEAT target_type=call_site elapsed_min=76.7 files_done=129 resolved=9647 errors=4902 current=Tests/test_file_imt.py
[2026-09-19T16:16:27Z] [iter=1] HEARTBEAT target_type=call_site elapsed_min=77.3 files_done=132 resolved=9740 errors=4947 current=docs/example/DdsImagePlugin.py
[2026-09-19T16:17:49Z] [iter=1] HEARTBEAT target_type=call_site elapsed_min=78.7 files_done=134 resolved=9806 errors=5036 current=Tests/test_image_getpalette.py
[2026-09-19T16:18:19Z] [iter=1] HEARTBEAT target_type=call_site elapsed_min=79.2 files_done=136 resolved=9822 errors=5067 current=src/PIL/ImageStat.py
[2026-09-19T16:19:29Z] [iter=1] HEARTBEAT target_type=call_site elapsed_min=80.4 files_done=138 resolved=9848 errors=5139 current=Tests/test_image_quantize.py
[2026-09-19T16:20:06Z] [iter=1] HEARTBEAT target_type=call_site elapsed_min=81.0 files_done=140 resolved=9922 errors=5178 current=src/PIL/ImageGrab.py
[2026-09-19T16:20:44Z] [iter=1] HEARTBEAT target_type=call_site elapsed_min=81.6 files_done=142 resolved=9963 errors=5219 current=Tests/test_image_mode.py
[2026-09-19T16:21:15Z] [iter=1] HEARTBEAT target_type=call_site elapsed_min=82.1 files_done=147 resolved=10014 errors=5253 current=src/PIL/features.py
[2026-09-19T16:21:58Z] [iter=1] HEARTBEAT target_type=call_site elapsed_min=82.9 files_done=149 resolved=10107 errors=5301 current=Tests/test_file_xvthumb.py
[2026-09-19T16:22:42Z] [iter=1] HEARTBEAT target_type=call_site elapsed_min=83.6 files_done=151 resolved=10210 errors=5349 current=src/PIL/McIdasImagePlugin.py
[2026-09-19T16:23:34Z] [iter=1] HEARTBEAT target_type=call_site elapsed_min=84.5 files_done=155 resolved=10266 errors=5406 current=src/PIL/FtexImagePlugin.py
[2026-09-19T16:24:14Z] [iter=1] HEARTBEAT target_type=call_site elapsed_min=85.1 files_done=158 resolved=10352 errors=5448 current=src/PIL/ImImagePlugin.py
[2026-09-19T16:24:53Z] [iter=1] HEARTBEAT target_type=call_site elapsed_min=85.8 files_done=161 resolved=10423 errors=5490 current=Tests/test_psdraw.py
[2026-09-19T16:25:56Z] [iter=1] HEARTBEAT target_type=call_site elapsed_min=86.8 files_done=165 resolved=10470 errors=5559 current=Tests/test_file_container.py
[2026-09-19T16:26:40Z] [iter=1] HEARTBEAT target_type=call_site elapsed_min=87.6 files_done=168 resolved=10597 errors=5606 current=Tests/test_file_hdf5stub.py
[2026-09-19T16:27:13Z] [iter=1] HEARTBEAT target_type=call_site elapsed_min=88.1 files_done=174 resolved=10705 errors=5640 current=Tests/test_pickle.py
[2026-09-19T16:27:44Z] [iter=1] HEARTBEAT target_type=call_site elapsed_min=88.6 files_done=178 resolved=10778 errors=5673 current=Tests/test_font_pcf_charsets.py
[2026-09-19T16:28:28Z] [iter=1] HEARTBEAT target_type=call_site elapsed_min=89.4 files_done=182 resolved=10827 errors=5721 current=src/PIL/TarIO.py
[2026-09-19T16:29:04Z] [iter=1] HEARTBEAT target_type=call_site elapsed_min=90.0 files_done=184 resolved=10845 errors=5760 current=src/PIL/__main__.py
[2026-09-19T16:29:38Z] [iter=1] HEARTBEAT target_type=call_site elapsed_min=90.5 files_done=190 resolved=10903 errors=5796 current=docs/example/anchors.py
[2026-09-19T16:30:28Z] [iter=1] HEARTBEAT target_type=call_site elapsed_min=91.4 files_done=195 resolved=10990 errors=5847 current=Tests/test_image_transpose.py
[2026-09-19T16:31:51Z] [iter=1] HEARTBEAT target_type=call_site elapsed_min=92.7 files_done=196 resolved=10990 errors=5938 current=Tests/test_image_putpalette.py
[2026-09-19T16:33:11Z] [iter=1] HEARTBEAT target_type=call_site elapsed_min=94.1 files_done=201 resolved=11096 errors=6023 current=src/PIL/ImtImagePlugin.py
[2026-09-19T16:33:46Z] [iter=1] HEARTBEAT target_type=call_site elapsed_min=94.7 files_done=204 resolved=11133 errors=6061 current=Tests/test_box_blur.py
[2026-09-19T16:34:17Z] [iter=1] HEARTBEAT target_type=call_site elapsed_min=95.2 files_done=206 resolved=11195 errors=6094 current=Tests/test_image_getbbox.py
[2026-09-19T16:34:57Z] [iter=1] HEARTBEAT target_type=call_site elapsed_min=95.8 files_done=209 resolved=11225 errors=6139 current=Tests/test_qt_image_toqimage.py
[2026-09-19T16:35:27Z] [iter=1] HEARTBEAT target_type=call_site elapsed_min=96.3 files_done=215 resolved=11327 errors=6172 current=Tests/test_imageenhance.py
[2026-09-19T16:36:02Z] [iter=1] HEARTBEAT target_type=call_site elapsed_min=96.9 files_done=218 resolved=11350 errors=6211 current=Tests/test_imageqt.py
[2026-09-19T16:36:38Z] [iter=1] HEARTBEAT target_type=call_site elapsed_min=97.5 files_done=226 resolved=11431 errors=6251 current=Tests/test_file_tar.py
[2026-09-19T16:37:09Z] [iter=1] HEARTBEAT target_type=call_site elapsed_min=98.1 files_done=234 resolved=11477 errors=6286 current=Tests/oss-fuzz/fuzz_font.py
[2026-09-19T16:37:49Z] [iter=1] HEARTBEAT target_type=call_site elapsed_min=98.7 files_done=238 resolved=11497 errors=6331 current=Tests/test_pyroma.py
[2026-09-19T16:38:20Z] [iter=1] HEARTBEAT target_type=call_site elapsed_min=99.2 files_done=246 resolved=11527 errors=6365 current=Tests/test_file_msp.py
[2026-09-19T16:38:50Z] [iter=1] HEARTBEAT target_type=call_site elapsed_min=99.7 files_done=257 resolved=11600 errors=6399 current=Tests/test_file_mcidas.py
[2026-09-19T16:39:22Z] [iter=1] HEARTBEAT target_type=call_site elapsed_min=100.3 files_done=277 resolved=11697 errors=6434 current=Tests/test_locale.py
[2026-09-19T16:40:17Z] [iter=1] HEARTBEAT target_type=call_site elapsed_min=101.2 files_done=286 resolved=11708 errors=6492 current=src/_avif.c
[2026-09-19T16:43:11Z] [iter=1] HEARTBEAT target_type=call_site elapsed_min=104.1 files_done=288 resolved=11708 errors=6688 current=src/libImaging/GetBBox.c
[2026-09-19T16:45:22Z] [iter=1] HEARTBEAT target_type=call_site elapsed_min=106.3 files_done=290 resolved=11708 errors=6834 current=src/thirdparty/raqm/raqm.c
[2026-09-19T16:47:32Z] [iter=1] HEARTBEAT target_type=call_site elapsed_min=108.4 files_done=291 resolved=11717 errors=6980 current=src/encode.c
[2026-09-19T16:48:23Z] [iter=1] HEARTBEAT target_type=call_site elapsed_min=109.3 files_done=292 resolved=11765 errors=7037 current=src/libImaging/Quant.c
[2026-09-19T16:50:08Z] [iter=1] HEARTBEAT target_type=call_site elapsed_min=111.0 files_done=293 resolved=11948 errors=7153 current=src/path.c
[2026-09-19T16:50:44Z] [iter=1] HEARTBEAT target_type=call_site elapsed_min=111.6 files_done=294 resolved=11948 errors=7194 current=src/map.c
[2026-09-19T16:51:57Z] [iter=1] HEARTBEAT target_type=call_site elapsed_min=112.9 files_done=296 resolved=12036 errors=7276 current=src/libImaging/Unpack.c
[2026-09-19T16:54:04Z] [iter=1] HEARTBEAT target_type=call_site elapsed_min=115.0 files_done=297 resolved=12036 errors=7418 current=src/libImaging/Resample.c
[2026-09-19T16:55:36Z] [iter=1] HEARTBEAT target_type=call_site elapsed_min=116.5 files_done=298 resolved=12040 errors=7521 current=src/_imagingft.c
[2026-09-19T16:57:43Z] [iter=1] HEARTBEAT target_type=call_site elapsed_min=118.6 files_done=299 resolved=12049 errors=7661 current=src/_webp.c
[2026-09-19T16:58:22Z] [iter=1] HEARTBEAT target_type=call_site elapsed_min=119.3 files_done=300 resolved=12050 errors=7704 current=src/decode.c
[2026-09-19T16:59:27Z] [iter=1] HEARTBEAT target_type=call_site elapsed_min=120.3 files_done=301 resolved=12056 errors=7776 current=src/libImaging/PcxDecode.c
[2026-09-19T17:00:11Z] [iter=1] HEARTBEAT target_type=call_site elapsed_min=121.1 files_done=303 resolved=12057 errors=7825 current=src/libImaging/Convert.c
[2026-09-19T17:03:30Z] [iter=1] HEARTBEAT target_type=call_site elapsed_min=124.4 files_done=304 resolved=12057 errors=8047 current=src/libImaging/QuantOctree.c
[2026-09-19T17:04:14Z] [iter=1] HEARTBEAT target_type=call_site elapsed_min=125.1 files_done=305 resolved=12078 errors=8095 current=src/libImaging/File.c
[2026-09-19T17:05:05Z] [iter=1] HEARTBEAT target_type=call_site elapsed_min=126.0 files_done=307 resolved=12091 errors=8152 current=src/libImaging/Draw.c
[2026-09-19T17:07:30Z] [iter=1] HEARTBEAT target_type=call_site elapsed_min=128.4 files_done=308 resolved=12138 errors=8313 current=src/libImaging/Paste.c
[2026-09-19T17:08:44Z] [iter=1] HEARTBEAT target_type=call_site elapsed_min=129.6 files_done=309 resolved=12138 errors=8395 current=src/libImaging/ZipEncode.c
[2026-09-19T17:09:47Z] [iter=1] HEARTBEAT target_type=call_site elapsed_min=130.7 files_done=312 resolved=12184 errors=8466 current=src/libImaging/QuantPngQuant.c
[2026-09-19T17:10:54Z] [iter=1] HEARTBEAT target_type=call_site elapsed_min=131.8 files_done=314 resolved=12193 errors=8541 current=src/_imaging.c
[2026-09-19T17:17:46Z] [iter=1] HEARTBEAT target_type=call_site elapsed_min=138.7 files_done=315 resolved=12196 errors=9000 current=src/libImaging/BoxBlur.c
[2026-09-19T17:18:53Z] [iter=1] HEARTBEAT target_type=call_site elapsed_min=139.8 files_done=316 resolved=12196 errors=9075 current=src/libImaging/BcnDecode.c
[2026-09-19T17:20:16Z] [iter=1] HEARTBEAT target_type=call_site elapsed_min=141.2 files_done=317 resolved=12196 errors=9167 current=src/libImaging/JpegEncode.c
[2026-09-19T17:20:49Z] [iter=1] HEARTBEAT target_type=call_site elapsed_min=141.7 files_done=319 resolved=12212 errors=9204 current=src/libImaging/SgiRleDecode.c
[2026-09-19T17:21:44Z] [iter=1] HEARTBEAT target_type=call_site elapsed_min=142.6 files_done=322 resolved=12218 errors=9266 current=src/libImaging/Crop.c
[2026-09-19T17:22:25Z] [iter=1] HEARTBEAT target_type=call_site elapsed_min=143.3 files_done=324 resolved=12229 errors=9312 current=src/libImaging/Dib.c
[2026-09-19T17:23:00Z] [iter=1] HEARTBEAT target_type=call_site elapsed_min=143.9 files_done=327 resolved=12248 errors=9350 current=src/libImaging/Chops.c
[2026-09-19T17:23:42Z] [iter=1] HEARTBEAT target_type=call_site elapsed_min=144.6 files_done=329 resolved=12248 errors=9397 current=src/libImaging/TiffDecode.c
[2026-09-19T17:24:15Z] [iter=1] HEARTBEAT target_type=call_site elapsed_min=145.1 files_done=332 resolved=12260 errors=9432 current=src/display.c
[2026-09-19T17:26:36Z] [iter=1] HEARTBEAT target_type=call_site elapsed_min=147.5 files_done=334 resolved=12263 errors=9587 current=src/libImaging/Jpeg2KEncode.c
[2026-09-19T17:27:22Z] [iter=1] HEARTBEAT target_type=call_site elapsed_min=148.3 files_done=338 resolved=12280 errors=9638 current=src/libImaging/QuantHeap.c
[2026-09-19T17:28:03Z] [iter=1] HEARTBEAT target_type=call_site elapsed_min=149.0 files_done=341 resolved=12294 errors=9683 current=src/libImaging/TgaRleEncode.c
[2026-09-19T17:28:52Z] [iter=1] HEARTBEAT target_type=call_site elapsed_min=149.8 files_done=348 resolved=12322 errors=9736 current=src/libImaging/ModeFilter.c
[2026-09-19T17:29:32Z] [iter=1] HEARTBEAT target_type=call_site elapsed_min=150.4 files_done=353 resolved=12332 errors=9781 current=src/libImaging/GifEncode.c
[2026-09-19T17:30:05Z] [iter=1] HEARTBEAT target_type=call_site elapsed_min=151.0 files_done=361 resolved=12335 errors=9818 current=src/libImaging/XbmDecode.c
[2026-09-19T17:30:27Z] [iter=1] Target type resolved target_type=call_site resolved=12337 errors=9836 secs=8984 mem_mb=1020 MB
[2026-09-19T17:30:27Z] [iter=1] Resolving target type target_type=import_statement count=262
[2026-09-19T17:30:30Z] [iter=1] Target type resolved target_type=import_statement resolved=201 errors=0 secs=3 mem_mb=1020 MB
[2026-09-19T17:30:30Z] [iter=1] Resolving target type target_type=extends_clause count=12
[2026-09-19T17:30:31Z] [iter=1] Target type resolved target_type=extends_clause resolved=12 errors=0 secs=1 mem_mb=1020 MB
[2026-09-19T17:30:44Z] [iter=1] Step 5: Writing final enrichment file triples=205797
[2026-09-19T17:30:47Z] [iter=1] Enrichment file written path=/home/runner/work/forx/forx/storage/aggregate/lsp/339bc5db93bd95decf65a59fab273f300db6594d.nq.gz size_kb=4429
[2026-09-19T17:30:47Z] [iter=1] PHASE END: enrich elapsed_s=9100 elapsed_min=151.7 total_triples=205797
