[2026-09-18T21:05:27Z] === ENRICH ITERATION 1 START | repo=python-pillow/Pillow sha=46f45f67 ===
[2026-09-18T21:05:27Z] [iter=1] PHASE START: enrich repo=python-pillow/Pillow sha=46f45f67 runlog=/home/runner/work/forx/forx/storage/aggregate/lsp/logs/46f45f67-enrich-iter-001.log output=/home/runner/work/forx/forx/storage/aggregate/lsp/46f45f674d47b5d8bc54230dda8fe9e214598b87.nq.gz
[2026-09-18T21:05:49Z] [iter=1] Step 1: Loading AST into disk-backed store mem_mb=80 MB
[2026-09-18T21:06:43Z] [iter=1] AST store loaded triples=4522505 load_secs=52 mem_mb=910 MB
[2026-09-18T21:06:43Z] [iter=1] Step 2: Finding LSP targets mem_mb=910 MB
[2026-09-18T21:06:50Z] [iter=1] LSP targets found call_sites=28623 imports=740 extends=71 implements=0 secs=7
[2026-09-18T21:06:55Z] [iter=1] Step 2.7: Building position index (one-shot, shared across resolvers) mem_mb=910 MB
[2026-09-18T21:07:17Z] [iter=1] Position index built positions=294066 nodes_with_types=370013 secs=22 mem_mb=910 MB
[2026-09-18T21:07:17Z] [iter=1] Step 3: Starting LSP resolution mem_mb=910 MB already_completed_types=[] already_completed_files=0
[2026-09-18T21:07:17Z] [iter=1] Resolving target type target_type=call_site count=28623
[2026-09-18T21:07:18Z] [iter=1] HEARTBEAT target_type=call_site elapsed_min=1.9 files_done=0 resolved=0 errors=0 current=checks/check_j2k_dos.py
[2026-09-18T21:07:57Z] [iter=1] HEARTBEAT target_type=call_site elapsed_min=2.5 files_done=2 resolved=56 errors=27 current=Tests/test_file_png.py
[2026-09-18T21:10:14Z] [iter=1] HEARTBEAT target_type=call_site elapsed_min=4.8 files_done=3 resolved=259 errors=125 current=Tests/test_file_jpeg.py
[2026-09-18T21:13:30Z] [iter=1] HEARTBEAT target_type=call_site elapsed_min=8.1 files_done=4 resolved=472 errors=269 current=Tests/test_file_gif.py
[2026-09-18T21:14:55Z] [iter=1] HEARTBEAT target_type=call_site elapsed_min=9.5 files_done=5 resolved=874 errors=327 current=Tests/test_file_webp_metadata.py
[2026-09-18T21:15:30Z] [iter=1] HEARTBEAT target_type=call_site elapsed_min=10.1 files_done=6 resolved=895 errors=353 current=src/PIL/FpxImagePlugin.py
[2026-09-18T21:16:01Z] [iter=1] HEARTBEAT target_type=call_site elapsed_min=10.6 files_done=7 resolved=917 errors=376 current=Tests/test_imageops.py
[2026-09-18T21:19:18Z] [iter=1] HEARTBEAT target_type=call_site elapsed_min=13.9 files_done=8 resolved=1062 errors=522 current=src/PIL/GifImagePlugin.py
[2026-09-18T21:22:46Z] [iter=1] HEARTBEAT target_type=call_site elapsed_min=17.3 files_done=9 resolved=1178 errors=677 current=Tests/test_file_ppm.py
[2026-09-18T21:24:01Z] [iter=1] HEARTBEAT target_type=call_site elapsed_min=18.6 files_done=10 resolved=1233 errors=734 current=Tests/test_image_convert.py
[2026-09-18T21:26:27Z] [iter=1] HEARTBEAT target_type=call_site elapsed_min=21.0 files_done=11 resolved=1249 errors=846 current=Tests/test_image_point.py
[2026-09-18T21:27:08Z] [iter=1] HEARTBEAT target_type=call_site elapsed_min=21.7 files_done=12 resolved=1260 errors=878 current=Tests/test_imagefontctl.py
[2026-09-18T21:28:35Z] [iter=1] HEARTBEAT target_type=call_site elapsed_min=23.1 files_done=13 resolved=1324 errors=944 current=Tests/test_file_apng.py
[2026-09-18T21:33:54Z] [iter=1] HEARTBEAT target_type=call_site elapsed_min=28.5 files_done=14 resolved=1475 errors=1189 current=Tests/test_file_eps.py
[2026-09-18T21:34:51Z] [iter=1] HEARTBEAT target_type=call_site elapsed_min=29.4 files_done=15 resolved=1542 errors=1233 current=Tests/test_file_dds.py
[2026-09-18T21:37:09Z] [iter=1] HEARTBEAT target_type=call_site elapsed_min=31.7 files_done=16 resolved=1586 errors=1339 current=Tests/test_image_rotate.py
[2026-09-18T21:38:06Z] [iter=1] HEARTBEAT target_type=call_site elapsed_min=32.7 files_done=17 resolved=1598 errors=1382 current=Tests/test_imagedraw2.py
[2026-09-18T21:38:59Z] [iter=1] HEARTBEAT target_type=call_site elapsed_min=33.5 files_done=18 resolved=1661 errors=1420 current=Tests/test_imagefile.py
[2026-09-18T21:40:03Z] [iter=1] HEARTBEAT target_type=call_site elapsed_min=34.6 files_done=19 resolved=1768 errors=1466 current=Tests/test_image_getprojection.py
[2026-09-18T21:40:41Z] [iter=1] HEARTBEAT target_type=call_site elapsed_min=35.2 files_done=21 resolved=1824 errors=1494 current=src/PIL/PngImagePlugin.py
[2026-09-18T21:45:02Z] [iter=1] HEARTBEAT target_type=call_site elapsed_min=39.6 files_done=22 resolved=2029 errors=1688 current=Tests/test_file_avif.py
[2026-09-18T21:46:02Z] [iter=1] HEARTBEAT target_type=call_site elapsed_min=40.6 files_done=23 resolved=2162 errors=1730 current=Tests/test_imagecolor.py
[2026-09-18T21:46:37Z] [iter=1] HEARTBEAT target_type=call_site elapsed_min=41.2 files_done=25 resolved=2290 errors=1756 current=src/PIL/Image.py
[2026-09-18T21:53:38Z] [iter=1] HEARTBEAT target_type=call_site elapsed_min=48.2 files_done=26 resolved=2678 errors=2067 current=src/PIL/PpmImagePlugin.py
[2026-09-18T21:54:49Z] [iter=1] HEARTBEAT target_type=call_site elapsed_min=49.4 files_done=27 resolved=2721 errors=2119 current=src/PIL/GimpGradientFile.py
[2026-09-18T21:56:18Z] [iter=1] HEARTBEAT target_type=call_site elapsed_min=50.9 files_done=29 resolved=3053 errors=2184 current=Tests/test_file_tiff.py
[2026-09-18T21:57:12Z] [iter=1] HEARTBEAT target_type=call_site elapsed_min=51.8 files_done=30 resolved=3283 errors=2222 current=Tests/test_imagefont.py
[2026-09-18T22:01:47Z] [iter=1] HEARTBEAT target_type=call_site elapsed_min=56.3 files_done=31 resolved=3444 errors=2432 current=Tests/test_image_resize.py
[2026-09-18T22:03:16Z] [iter=1] HEARTBEAT target_type=call_site elapsed_min=57.8 files_done=32 resolved=3456 errors=2500 current=src/PIL/ImageFile.py
[2026-09-18T22:04:12Z] [iter=1] HEARTBEAT target_type=call_site elapsed_min=58.8 files_done=33 resolved=3560 errors=2543 current=Tests/test_image_mode.py
[2026-09-18T22:05:30Z] [iter=1] HEARTBEAT target_type=call_site elapsed_min=60.1 files_done=35 resolved=3716 errors=2601 current=Tests/test_imagepath.py
[2026-09-18T22:06:12Z] [iter=1] HEARTBEAT target_type=call_site elapsed_min=60.8 files_done=38 resolved=3829 errors=2632 current=Tests/test_image_resample.py
[2026-09-18T22:11:09Z] [iter=1] HEARTBEAT target_type=call_site elapsed_min=65.7 files_done=39 resolved=3879 errors=2858 current=docs/dater.py
[2026-09-18T22:12:16Z] [iter=1] HEARTBEAT target_type=call_site elapsed_min=66.8 files_done=42 resolved=3910 errors=2908 current=src/PIL/TiffImagePlugin.py
[2026-09-18T22:16:51Z] [iter=1] HEARTBEAT target_type=call_site elapsed_min=71.4 files_done=43 resolved=4279 errors=3107 current=src/PIL/PdfParser.py
[2026-09-18T22:19:16Z] [iter=1] HEARTBEAT target_type=call_site elapsed_min=73.8 files_done=44 resolved=4598 errors=3214 current=src/PIL/SpiderImagePlugin.py
[2026-09-18T22:19:49Z] [iter=1] HEARTBEAT target_type=call_site elapsed_min=74.4 files_done=45 resolved=4656 errors=3239 current=Tests/test_file_libtiff_small.py
[2026-09-18T22:20:21Z] [iter=1] HEARTBEAT target_type=call_site elapsed_min=74.9 files_done=48 resolved=4731 errors=3264 current=Tests/test_features.py
[2026-09-18T22:21:13Z] [iter=1] HEARTBEAT target_type=call_site elapsed_min=75.8 files_done=50 resolved=4851 errors=3303 current=Tests/test_file_container.py
[2026-09-18T22:24:18Z] [iter=1] HEARTBEAT target_type=call_site elapsed_min=78.9 files_done=52 resolved=5285 errors=3444 current=src/PIL/FitsImagePlugin.py
[2026-09-18T22:24:58Z] [iter=1] HEARTBEAT target_type=call_site elapsed_min=79.5 files_done=54 resolved=5376 errors=3474 current=src/PIL/ImageQt.py
[2026-09-18T22:25:37Z] [iter=1] HEARTBEAT target_type=call_site elapsed_min=80.2 files_done=55 resolved=5402 errors=3504 current=Tests/test_image_array.py
[2026-09-18T22:26:25Z] [iter=1] HEARTBEAT target_type=call_site elapsed_min=81.0 files_done=56 resolved=5412 errors=3541 current=Tests/test_lib_pack.py
[2026-09-18T22:33:23Z] [iter=1] HEARTBEAT target_type=call_site elapsed_min=87.9 files_done=57 resolved=5426 errors=3864 current=Tests/test_image_quantize.py
[2026-09-18T22:34:47Z] [iter=1] HEARTBEAT target_type=call_site elapsed_min=89.3 files_done=58 resolved=5444 errors=3929 current=src/PIL/WalImageFile.py
[2026-09-18T22:36:28Z] [iter=1] HEARTBEAT target_type=call_site elapsed_min=91.0 files_done=60 resolved=5542 errors=4006 current=Tests/test_file_libtiff.py
[2026-09-18T22:38:44Z] [iter=1] HEARTBEAT target_type=call_site elapsed_min=93.3 files_done=61 resolved=5786 errors=4107 current=Tests/test_imagemath_lambda_eval.py
[2026-09-18T22:41:42Z] [iter=1] HEARTBEAT target_type=call_site elapsed_min=96.2 files_done=62 resolved=5908 errors=4244 current=src/PIL/ImageShow.py
[2026-09-18T22:42:18Z] [iter=1] HEARTBEAT target_type=call_site elapsed_min=96.9 files_done=63 resolved=5946 errors=4272 current=Tests/test_imageops_usm.py
[2026-09-18T22:43:21Z] [iter=1] HEARTBEAT target_type=call_site elapsed_min=97.9 files_done=64 resolved=5952 errors=4321 current=Tests/test_image_transform.py
[2026-09-18T22:43:57Z] [iter=1] HEARTBEAT target_type=call_site elapsed_min=98.5 files_done=65 resolved=6020 errors=4348 current=src/PIL/BmpImagePlugin.py
[2026-09-18T22:45:19Z] [iter=1] HEARTBEAT target_type=call_site elapsed_min=99.9 files_done=66 resolved=6089 errors=4411 current=src/PIL/GbrImagePlugin.py
[2026-09-18T22:47:58Z] [iter=1] HEARTBEAT target_type=call_site elapsed_min=102.5 files_done=68 resolved=6205 errors=4534 current=Tests/test_imagemorph.py
[2026-09-18T22:48:30Z] [iter=1] HEARTBEAT target_type=call_site elapsed_min=103.1 files_done=70 resolved=6291 errors=4558 current=Tests/test_imagecms.py
[2026-09-18T22:50:18Z] [iter=1] HEARTBEAT target_type=call_site elapsed_min=104.9 files_done=71 resolved=6435 errors=4641 current=Tests/test_numpy.py
[2026-09-18T22:52:04Z] [iter=1] HEARTBEAT target_type=call_site elapsed_min=106.6 files_done=72 resolved=6466 errors=4721 current=src/PIL/JpegImagePlugin.py
[2026-09-18T22:53:14Z] [iter=1] HEARTBEAT target_type=call_site elapsed_min=107.8 files_done=73 resolved=6609 errors=4774 current=setup.py
[2026-09-18T22:58:11Z] [iter=1] HEARTBEAT target_type=call_site elapsed_min=112.7 files_done=74 resolved=6848 errors=4999 current=Tests/test_file_gimpgradient.py
[2026-09-18T23:00:27Z] [iter=1] HEARTBEAT target_type=call_site elapsed_min=115.0 files_done=76 resolved=6966 errors=5101 current=Tests/test_image_filter.py
[2026-09-18T23:01:05Z] [iter=1] HEARTBEAT target_type=call_site elapsed_min=115.6 files_done=77 resolved=6996 errors=5130 current=src/PIL/ImageOps.py
[2026-09-18T23:02:48Z] [iter=1] HEARTBEAT target_type=call_site elapsed_min=117.4 files_done=78 resolved=7070 errors=5208 current=src/PIL/MspImagePlugin.py
[2026-09-18T23:04:09Z] [iter=1] HEARTBEAT target_type=call_site elapsed_min=118.7 files_done=80 resolved=7128 errors=5268 current=Tests/test_util.py
[2026-09-18T23:05:25Z] [iter=1] HEARTBEAT target_type=call_site elapsed_min=120.0 files_done=84 resolved=7201 errors=5325 current=src/PIL/WebPImagePlugin.py
[2026-09-18T23:06:54Z] [iter=1] HEARTBEAT target_type=call_site elapsed_min=121.5 files_done=85 resolved=7223 errors=5393 current=src/PIL/SgiImagePlugin.py
[2026-09-18T23:07:53Z] [iter=1] HEARTBEAT target_type=call_site elapsed_min=122.4 files_done=86 resolved=7247 errors=5437 current=Tests/test_image_access.py
[2026-09-18T23:09:52Z] [iter=1] HEARTBEAT target_type=call_site elapsed_min=124.4 files_done=89 resolved=7467 errors=5527 current=Tests/test_file_tiff_metadata.py
[2026-09-18T23:10:53Z] [iter=1] HEARTBEAT target_type=call_site elapsed_min=125.4 files_done=90 resolved=7561 errors=5573 current=Tests/test_qt_image_toqimage.py
[2026-09-18T23:11:31Z] [iter=1] HEARTBEAT target_type=call_site elapsed_min=126.1 files_done=93 resolved=7608 errors=5602 current=Tests/test_file_webp_animated.py
[2026-09-18T23:12:31Z] [iter=1] HEARTBEAT target_type=call_site elapsed_min=127.1 files_done=94 resolved=7638 errors=5648 current=Tests/test_file_bmp.py
[2026-09-18T23:13:46Z] [iter=1] HEARTBEAT target_type=call_site elapsed_min=128.3 files_done=96 resolved=7769 errors=5704 current=src/PIL/ImageDraw2.py
[2026-09-18T23:14:28Z] [iter=1] HEARTBEAT target_type=call_site elapsed_min=129.0 files_done=98 resolved=7799 errors=5736 current=Tests/test_file_mpo.py
[2026-09-18T23:14:59Z] [iter=1] HEARTBEAT target_type=call_site elapsed_min=129.5 files_done=100 resolved=7887 errors=5759 current=Tests/test_file_webp_alpha.py
[2026-09-18T23:15:35Z] [iter=1] HEARTBEAT target_type=call_site elapsed_min=130.1 files_done=101 resolved=7900 errors=5787 current=src/PIL/IcnsImagePlugin.py
[2026-09-18T23:16:23Z] [iter=1] HEARTBEAT target_type=call_site elapsed_min=130.9 files_done=102 resolved=7967 errors=5823 current=src/PIL/ImageFont.py
[2026-09-18T23:17:14Z] [iter=1] HEARTBEAT target_type=call_site elapsed_min=131.8 files_done=103 resolved=8025 errors=5862 current=src/PIL/PcfFontFile.py
[2026-09-18T23:18:19Z] [iter=1] HEARTBEAT target_type=call_site elapsed_min=132.9 files_done=104 resolved=8047 errors=5911 current=src/PIL/DdsImagePlugin.py
[2026-09-18T23:19:22Z] [iter=1] HEARTBEAT target_type=call_site elapsed_min=133.9 files_done=105 resolved=8085 errors=5959 current=docs/example/DdsImagePlugin.py
[2026-09-18T23:20:10Z] [iter=1] HEARTBEAT target_type=call_site elapsed_min=134.7 files_done=106 resolved=8123 errors=5996 current=src/PIL/PsdImagePlugin.py
[2026-09-18T23:21:44Z] [iter=1] HEARTBEAT target_type=call_site elapsed_min=136.3 files_done=107 resolved=8161 errors=6068 current=Tests/test_file_pdf.py
[2026-09-18T23:23:15Z] [iter=1] HEARTBEAT target_type=call_site elapsed_min=137.8 files_done=108 resolved=8236 errors=6139 current=src/PIL/BlpImagePlugin.py
[2026-09-18T23:25:08Z] [iter=1] HEARTBEAT target_type=call_site elapsed_min=139.7 files_done=109 resolved=8317 errors=6226 current=Tests/test_imagechops.py
[2026-09-18T23:26:40Z] [iter=1] HEARTBEAT target_type=call_site elapsed_min=141.2 files_done=110 resolved=8413 errors=6297 current=Tests/test_file_psd.py
[2026-09-18T23:28:01Z] [iter=1] HEARTBEAT target_type=call_site elapsed_min=142.6 files_done=112 resolved=8489 errors=6359 current=src/PIL/TgaImagePlugin.py
[2026-09-18T23:28:39Z] [iter=1] HEARTBEAT target_type=call_site elapsed_min=143.2 files_done=113 resolved=8517 errors=6388 current=src/PIL/XpmImagePlugin.py
[2026-09-18T23:29:22Z] [iter=1] HEARTBEAT target_type=call_site elapsed_min=143.9 files_done=114 resolved=8537 errors=6421 current=Tests/test_imagewin.py
[2026-09-18T23:31:45Z] [iter=1] HEARTBEAT target_type=call_site elapsed_min=146.3 files_done=117 resolved=8563 errors=6532 current=Tests/test_imagesequence.py
[2026-09-18T23:32:20Z] [iter=1] HEARTBEAT target_type=call_site elapsed_min=146.9 files_done=119 resolved=8592 errors=6559 current=Tests/test_mode_i16.py
[2026-09-18T23:33:15Z] [iter=1] HEARTBEAT target_type=call_site elapsed_min=147.8 files_done=120 resolved=8604 errors=6601 current=Tests/test_imagegrab.py
[2026-09-18T23:34:16Z] [iter=1] HEARTBEAT target_type=call_site elapsed_min=148.8 files_done=122 resolved=8688 errors=6648 current=src/PIL/GdImageFile.py
[2026-09-18T23:35:36Z] [iter=1] HEARTBEAT target_type=call_site elapsed_min=150.2 files_done=124 resolved=8709 errors=6710 current=src/PIL/XbmImagePlugin.py
[2026-09-18T23:36:07Z] [iter=1] HEARTBEAT target_type=call_site elapsed_min=150.7 files_done=125 resolved=8720 errors=6734 current=src/PIL/ImageChops.py
[2026-09-18T23:37:37Z] [iter=1] HEARTBEAT target_type=call_site elapsed_min=152.2 files_done=126 resolved=8720 errors=6804 current=src/PIL/IcoImagePlugin.py
[2026-09-18T23:39:21Z] [iter=1] HEARTBEAT target_type=call_site elapsed_min=153.9 files_done=127 resolved=8740 errors=6885 current=Tests/test_file_sun.py
[2026-09-18T23:39:53Z] [iter=1] HEARTBEAT target_type=call_site elapsed_min=154.4 files_done=129 resolved=8780 errors=6909 current=src/PIL/BdfFontFile.py
[2026-09-18T23:40:45Z] [iter=1] HEARTBEAT target_type=call_site elapsed_min=155.3 files_done=131 resolved=8858 errors=6949 current=Tests/test_file_bufrstub.py
[2026-09-18T23:41:19Z] [iter=1] HEARTBEAT target_type=call_site elapsed_min=155.9 files_done=133 resolved=8880 errors=6976 current=Tests/test_file_fli.py
[2026-09-18T23:42:06Z] [iter=1] HEARTBEAT target_type=call_site elapsed_min=156.7 files_done=134 resolved=8914 errors=7012 current=Tests/test_arro3.py
[2026-09-18T23:42:56Z] [iter=1] HEARTBEAT target_type=call_site elapsed_min=157.5 files_done=136 resolved=8981 errors=7051 current=Tests/test_image_tobitmap.py
[2026-09-18T23:43:39Z] [iter=1] HEARTBEAT target_type=call_site elapsed_min=158.2 files_done=139 resolved=9020 errors=7085 current=Tests/helper.py
[2026-09-18T23:44:25Z] [iter=1] HEARTBEAT target_type=call_site elapsed_min=159.0 files_done=140 resolved=9089 errors=7121 current=Tests/test_file_tga.py
[2026-09-18T23:46:08Z] [iter=1] HEARTBEAT target_type=call_site elapsed_min=160.7 files_done=142 resolved=9155 errors=7200 current=checks/check_jp2_overflow.py
[2026-09-18T23:47:26Z] [iter=1] HEARTBEAT target_type=call_site elapsed_min=162.0 files_done=146 resolved=9296 errors=7261 current=src/PIL/PalmImagePlugin.py
[2026-09-18T23:47:57Z] [iter=1] HEARTBEAT target_type=call_site elapsed_min=162.5 files_done=147 resolved=9320 errors=7285 current=Tests/test_imagepalette.py
[2026-09-18T23:49:04Z] [iter=1] HEARTBEAT target_type=call_site elapsed_min=163.6 files_done=149 resolved=9406 errors=7337 current=Tests/test_font_leaks.py
[2026-09-18T23:49:49Z] [iter=1] HEARTBEAT target_type=call_site elapsed_min=164.4 files_done=151 resolved=9442 errors=7373 current=Tests/test_binary.py
[2026-09-18T23:50:35Z] [iter=1] HEARTBEAT target_type=call_site elapsed_min=165.1 files_done=155 resolved=9502 errors=7409 current=Tests/test_image_thumbnail.py
[2026-09-18T23:51:29Z] [iter=1] HEARTBEAT target_type=call_site elapsed_min=166.0 files_done=156 resolved=9524 errors=7451 current=src/PIL/AvifImagePlugin.py
[2026-09-18T23:52:46Z] [iter=1] HEARTBEAT target_type=call_site elapsed_min=167.3 files_done=157 resolved=9555 errors=7512 current=src/PIL/PdfImagePlugin.py
[2026-09-18T23:53:48Z] [iter=1] HEARTBEAT target_type=call_site elapsed_min=168.4 files_done=158 resolved=9589 errors=7560 current=Tests/test_file_icns.py
[2026-09-18T23:54:30Z] [iter=1] HEARTBEAT target_type=call_site elapsed_min=169.1 files_done=161 resolved=9640 errors=7593 current=Tests/test_image_putdata.py
[2026-09-18T23:55:12Z] [iter=1] HEARTBEAT target_type=call_site elapsed_min=169.8 files_done=162 resolved=9665 errors=7626 current=Tests/test_file_xvthumb.py
[2026-09-18T23:55:56Z] [iter=1] HEARTBEAT target_type=call_site elapsed_min=170.5 files_done=167 resolved=9711 errors=7660 current=src/PIL/ContainerIO.py
[2026-09-18T23:56:35Z] [iter=1] HEARTBEAT target_type=call_site elapsed_min=171.1 files_done=169 resolved=9745 errors=7690 current=Tests/test_file_xpm.py
[2026-09-18T23:57:17Z] [iter=1] HEARTBEAT target_type=call_site elapsed_min=171.8 files_done=171 resolved=9765 errors=7723 current=src/PIL/FliImagePlugin.py
[2026-09-18T23:58:11Z] [iter=1] HEARTBEAT target_type=call_site elapsed_min=172.7 files_done=172 resolved=9776 errors=7765 current=Tests/test_map.py
[2026-09-18T23:58:46Z] [iter=1] HEARTBEAT target_type=call_site elapsed_min=173.3 files_done=175 resolved=9819 errors=7792 current=src/PIL/GribStubImagePlugin.py
[2026-09-18T23:59:25Z] [iter=1] HEARTBEAT target_type=call_site elapsed_min=174.0 files_done=179 resolved=9895 errors=7822 current=Tests/test_file_cur.py
[2026-09-18T23:59:57Z] [iter=1] HEARTBEAT target_type=call_site elapsed_min=174.5 files_done=183 resolved=9960 errors=7847 current=Tests/test_nanoarrow.py
[2026-09-19T00:00:54Z] [iter=1] HEARTBEAT target_type=call_site elapsed_min=175.5 files_done=185 resolved=10004 errors=7891 current=Tests/test_bmp_reference.py
[2026-09-19T00:01:33Z] [iter=1] HEARTBEAT target_type=call_site elapsed_min=176.1 files_done=188 resolved=10042 errors=7920 current=Tests/test_imageenhance.py
[2026-09-19T00:02:04Z] [iter=1] HEARTBEAT target_type=call_site elapsed_min=176.6 files_done=190 resolved=10063 errors=7944 current=Tests/test_file_wmf.py
[2026-09-19T00:03:35Z] [iter=1] HEARTBEAT target_type=call_site elapsed_min=178.1 files_done=192 resolved=10125 errors=8014 current=Tests/test_font_crash.py
[2026-09-19T00:04:05Z] [iter=1] HEARTBEAT target_type=call_site elapsed_min=178.6 files_done=198 resolved=10190 errors=8037 current=src/PIL/ImageWin.py
[2026-09-19T00:04:38Z] [iter=1] HEARTBEAT target_type=call_site elapsed_min=179.2 files_done=199 resolved=10204 errors=8062 current=Tests/conftest.py
[2026-09-19T00:05:44Z] [iter=1] HEARTBEAT target_type=call_site elapsed_min=180.3 files_done=203 resolved=10242 errors=8113 current=src/PIL/WmfImagePlugin.py
[2026-09-19T00:06:27Z] [iter=1] HEARTBEAT target_type=call_site elapsed_min=181.0 files_done=205 resolved=10263 errors=8145 current=Tests/test_file_gd.py
[2026-09-19T00:06:58Z] [iter=1] HEARTBEAT target_type=call_site elapsed_min=181.5 files_done=208 resolved=10303 errors=8168 current=Tests/test_image_paste.py
[2026-09-19T00:07:57Z] [iter=1] HEARTBEAT target_type=call_site elapsed_min=182.5 files_done=209 resolved=10342 errors=8212 current=Tests/oss-fuzz/test_fuzzers.py
[2026-09-19T00:08:34Z] [iter=1] HEARTBEAT target_type=call_site elapsed_min=183.1 files_done=212 resolved=10424 errors=8240 current=Tests/test_file_im.py
[2026-09-19T00:09:06Z] [iter=1] HEARTBEAT target_type=call_site elapsed_min=183.7 files_done=214 resolved=10445 errors=8264 current=Tests/test_file_blp.py
[2026-09-19T00:09:47Z] [iter=1] HEARTBEAT target_type=call_site elapsed_min=184.3 files_done=218 resolved=10467 errors=8295 current=Tests/test_file_spider.py
[2026-09-19T00:10:19Z] [iter=1] HEARTBEAT target_type=call_site elapsed_min=184.9 files_done=221 resolved=10511 errors=8318 current=Tests/test_imageqt.py
[2026-09-19T00:10:59Z] [iter=1] HEARTBEAT target_type=call_site elapsed_min=185.5 files_done=223 resolved=10522 errors=8348 current=Tests/test_file_xbm.py
[2026-09-19T00:11:30Z] [iter=1] HEARTBEAT target_type=call_site elapsed_min=186.1 files_done=227 resolved=10544 errors=8372 current=Tests/test_file_pcd.py
[2026-09-19T00:12:13Z] [iter=1] HEARTBEAT target_type=call_site elapsed_min=186.8 files_done=233 resolved=10568 errors=8405 current=src/PIL/McIdasImagePlugin.py
[2026-09-19T00:12:51Z] [iter=1] HEARTBEAT target_type=call_site elapsed_min=187.4 files_done=237 resolved=10607 errors=8434 current=Tests/test_file_hdf5stub.py
[2026-09-19T00:13:43Z] [iter=1] HEARTBEAT target_type=call_site elapsed_min=188.3 files_done=241 resolved=10622 errors=8474 current=Tests/test_image_histogram.py
[2026-09-19T00:14:24Z] [iter=1] HEARTBEAT target_type=call_site elapsed_min=189.0 files_done=244 resolved=10653 errors=8505 current=checks/check_jpeg_leaks.py
[2026-09-19T00:15:10Z] [iter=1] HEARTBEAT target_type=call_site elapsed_min=189.7 files_done=247 resolved=10679 errors=8540 current=Tests/test_format_lab.py
[2026-09-19T00:15:53Z] [iter=1] HEARTBEAT target_type=call_site elapsed_min=190.4 files_done=252 resolved=10707 errors=8573 current=Tests/test_image_getpalette.py
[2026-09-19T00:16:30Z] [iter=1] HEARTBEAT target_type=call_site elapsed_min=191.1 files_done=254 resolved=10713 errors=8602 current=Tests/test_image_load.py
[2026-09-19T00:17:02Z] [iter=1] HEARTBEAT target_type=call_site elapsed_min=191.6 files_done=257 resolved=10739 errors=8626 current=Tests/test_sgi_crash.py
[2026-09-19T00:17:33Z] [iter=1] HEARTBEAT target_type=call_site elapsed_min=192.1 files_done=263 resolved=10771 errors=8650 current=src/PIL/ImageTransform.py
[2026-09-19T00:18:15Z] [iter=1] HEARTBEAT target_type=call_site elapsed_min=192.8 files_done=272 resolved=10815 errors=8682 current=src/PIL/BufrStubImagePlugin.py
[2026-09-19T00:18:47Z] [iter=1] HEARTBEAT target_type=call_site elapsed_min=193.3 files_done=289 resolved=10842 errors=8705 current=src/_imagingcms.c
[2026-09-19T00:20:16Z] [iter=1] HEARTBEAT target_type=call_site elapsed_min=194.8 files_done=290 resolved=10842 errors=8773 current=src/decode.c
[2026-09-19T00:22:16Z] [iter=1] HEARTBEAT target_type=call_site elapsed_min=196.8 files_done=291 resolved=10844 errors=8865 current=src/_imagingft.c
[2026-09-19T00:24:50Z] [iter=1] HEARTBEAT target_type=call_site elapsed_min=199.4 files_done=292 resolved=10849 errors=8983 current=src/thirdparty/pythoncapi_compat.h
[2026-09-19T00:25:50Z] [iter=1] HEARTBEAT target_type=call_site elapsed_min=200.4 files_done=293 resolved=10862 errors=9026 current=src/_imaging.c
[2026-09-19T00:35:31Z] [iter=1] HEARTBEAT target_type=call_site elapsed_min=210.1 files_done=294 resolved=10865 errors=9478 current=src/path.c
[2026-09-19T00:36:23Z] [iter=1] HEARTBEAT target_type=call_site elapsed_min=210.9 files_done=295 resolved=10865 errors=9519 current=src/libImaging/Unpack.c
[2026-09-19T00:39:05Z] [iter=1] HEARTBEAT target_type=call_site elapsed_min=213.6 files_done=296 resolved=10865 errors=9645 current=src/libImaging/Draw.c
[2026-09-19T00:42:26Z] [iter=1] HEARTBEAT target_type=call_site elapsed_min=217.0 files_done=297 resolved=10912 errors=9800 current=src/libImaging/Dib.c
[2026-09-19T00:44:24Z] [iter=1] HEARTBEAT target_type=call_site elapsed_min=219.0 files_done=301 resolved=10992 errors=9893 current=src/_webp.c
[2026-09-19T00:45:16Z] [iter=1] HEARTBEAT target_type=call_site elapsed_min=219.8 files_done=302 resolved=10993 errors=9934 current=src/libImaging/Quant.c
[2026-09-19T00:47:45Z] [iter=1] HEARTBEAT target_type=call_site elapsed_min=222.3 files_done=303 resolved=11163 errors=10050 current=src/_avif.c
[2026-09-19T00:48:22Z] [iter=1] HEARTBEAT target_type=call_site elapsed_min=222.9 files_done=304 resolved=11163 errors=10079 current=src/thirdparty/raqm/raqm.c
[2026-09-19T00:51:29Z] [iter=1] HEARTBEAT target_type=call_site elapsed_min=226.0 files_done=305 resolved=11172 errors=10225 current=src/libImaging/Jpeg2KEncode.c
[2026-09-19T00:55:03Z] [iter=1] HEARTBEAT target_type=call_site elapsed_min=229.6 files_done=307 resolved=11179 errors=10393 current=src/libImaging/Arrow.c
[2026-09-19T00:56:07Z] [iter=1] HEARTBEAT target_type=call_site elapsed_min=230.7 files_done=308 resolved=11191 errors=10444 current=src/encode.c
[2026-09-19T00:57:37Z] [iter=1] HEARTBEAT target_type=call_site elapsed_min=232.2 files_done=309 resolved=11239 errors=10515 current=src/libImaging/PcxEncode.c
[2026-09-19T00:58:35Z] [iter=1] HEARTBEAT target_type=call_site elapsed_min=233.1 files_done=311 resolved=11239 errors=10561 current=src/libImaging/Crop.c
[2026-09-19T01:02:21Z] [iter=1] HEARTBEAT target_type=call_site elapsed_min=236.9 files_done=313 resolved=11239 errors=10738 current=src/libImaging/ModeFilter.c
[2026-09-19T01:04:21Z] [iter=1] HEARTBEAT target_type=call_site elapsed_min=238.9 files_done=315 resolved=11239 errors=10832 current=src/_imagingmath.c
[2026-09-19T01:05:22Z] [iter=1] HEARTBEAT target_type=call_site elapsed_min=239.9 files_done=316 resolved=11240 errors=10880 current=src/libImaging/TiffDecode.c
[2026-09-19T01:05:27Z] [iter=1] CHECKPOINT TRIGGERED elapsed_min=240.0 files_completed=316 new_files_this_iter=316 mem_mb=1035 MB
[2026-09-19T01:05:27Z] [iter=1] Writing partial enrichment graph path=/home/runner/work/forx/forx/storage/aggregate/lsp/46f45f674d47b5d8bc54230dda8fe9e214598b87.nq.gz triples=138946
[2026-09-19T01:05:30Z] [iter=1] Checkpoint written, exiting with code 7
[2026-09-19T01:05:30Z] [iter=1] PHASE END: enrich (checkpointed) elapsed_s=14401 elapsed_min=240.0 files_completed=316
