[2026-09-19T18:11:07Z] === ENRICH ITERATION 1 START | repo=python-pillow/Pillow sha=4c1aed80 ===
[2026-09-19T18:11:07Z] [iter=1] PHASE START: enrich repo=python-pillow/Pillow sha=4c1aed80 runlog=/home/runner/work/forx/forx/storage/aggregate/lsp/logs/4c1aed80-enrich-iter-001.log output=/home/runner/work/forx/forx/storage/aggregate/lsp/4c1aed801e43c6b307e7135279ca1dbc02bbf052.nq.gz
[2026-09-19T18:11:20Z] [iter=1] Step 1: Loading AST into disk-backed store mem_mb=79 MB
[2026-09-19T18:11:59Z] [iter=1] AST store loaded triples=4198014 load_secs=37 mem_mb=917 MB
[2026-09-19T18:11:59Z] [iter=1] Step 2: Finding LSP targets mem_mb=917 MB
[2026-09-19T18:12:06Z] [iter=1] LSP targets found call_sites=27083 imports=170 extends=7 implements=0 secs=8
[2026-09-19T18:12:12Z] [iter=1] Step 2.7: Building position index (one-shot, shared across resolvers) mem_mb=917 MB
[2026-09-19T18:12:38Z] [iter=1] Position index built positions=278403 nodes_with_types=350225 secs=26 mem_mb=917 MB
[2026-09-19T18:12:38Z] [iter=1] Step 3: Starting LSP resolution mem_mb=917 MB already_completed_types=[] already_completed_files=0
[2026-09-19T18:12:38Z] [iter=1] Resolving target type target_type=call_site count=27083
[2026-09-19T18:12:39Z] [iter=1] HEARTBEAT target_type=call_site elapsed_min=1.5 files_done=0 resolved=0 errors=0 current=Tests/test_image.py
[2026-09-19T18:14:23Z] [iter=1] HEARTBEAT target_type=call_site elapsed_min=3.3 files_done=1 resolved=295 errors=58 current=Tests/test_file_psd.py
[2026-09-19T18:17:19Z] [iter=1] HEARTBEAT target_type=call_site elapsed_min=6.2 files_done=4 resolved=622 errors=159 current=Tests/test_file_eps.py
[2026-09-19T18:21:04Z] [iter=1] HEARTBEAT target_type=call_site elapsed_min=9.9 files_done=6 resolved=846 errors=290 current=src/PIL/ImageFile.py
[2026-09-19T18:22:38Z] [iter=1] HEARTBEAT target_type=call_site elapsed_min=11.5 files_done=7 resolved=924 errors=344 current=src/PIL/ImageColor.py
[2026-09-19T18:23:14Z] [iter=1] HEARTBEAT target_type=call_site elapsed_min=12.1 files_done=8 resolved=985 errors=365 current=src/PIL/ImageSequence.py
[2026-09-19T18:29:37Z] [iter=1] HEARTBEAT target_type=call_site elapsed_min=18.5 files_done=11 resolved=1234 errors=587 current=src/PIL/Image.py
[2026-09-19T18:38:52Z] [iter=1] HEARTBEAT target_type=call_site elapsed_min=27.7 files_done=12 resolved=1627 errors=906 current=src/PIL/ImageFont.py
[2026-09-19T18:40:03Z] [iter=1] HEARTBEAT target_type=call_site elapsed_min=28.9 files_done=13 resolved=1690 errors=947 current=src/PIL/JpegImagePlugin.py
[2026-09-19T18:41:42Z] [iter=1] HEARTBEAT target_type=call_site elapsed_min=30.6 files_done=14 resolved=1827 errors=1003 current=Tests/test_file_apng.py
[2026-09-19T18:43:43Z] [iter=1] HEARTBEAT target_type=call_site elapsed_min=32.6 files_done=17 resolved=1991 errors=1071 current=Tests/test_file_tiff.py
[2026-09-19T18:44:54Z] [iter=1] HEARTBEAT target_type=call_site elapsed_min=33.8 files_done=18 resolved=2202 errors=1110 current=src/PIL/PngImagePlugin.py
[2026-09-19T18:50:19Z] [iter=1] HEARTBEAT target_type=call_site elapsed_min=39.2 files_done=19 resolved=2403 errors=1298 current=Tests/test_imagedraw.py
[2026-09-19T18:54:22Z] [iter=1] HEARTBEAT target_type=call_site elapsed_min=43.2 files_done=20 resolved=2771 errors=1438 current=src/PIL/XpmImagePlugin.py
[2026-09-19T18:55:44Z] [iter=1] HEARTBEAT target_type=call_site elapsed_min=44.6 files_done=22 resolved=2892 errors=1485 current=src/PIL/TiffImagePlugin.py
[2026-09-19T19:01:40Z] [iter=1] HEARTBEAT target_type=call_site elapsed_min=50.5 files_done=23 resolved=3254 errors=1688 current=Tests/test_file_mpo.py
[2026-09-19T19:03:03Z] [iter=1] HEARTBEAT target_type=call_site elapsed_min=51.9 files_done=25 resolved=3373 errors=1735 current=src/PIL/SpiderImagePlugin.py
[2026-09-19T19:03:51Z] [iter=1] HEARTBEAT target_type=call_site elapsed_min=52.7 files_done=26 resolved=3430 errors=1763 current=Tests/test_imageops.py
[2026-09-19T19:06:23Z] [iter=1] HEARTBEAT target_type=call_site elapsed_min=55.3 files_done=27 resolved=3615 errors=1851 current=Tests/test_file_webp.py
[2026-09-19T19:09:03Z] [iter=1] HEARTBEAT target_type=call_site elapsed_min=57.9 files_done=29 resolved=3698 errors=1944 current=src/PIL/BlpImagePlugin.py
[2026-09-19T19:10:38Z] [iter=1] HEARTBEAT target_type=call_site elapsed_min=59.5 files_done=30 resolved=3776 errors=1999 current=Tests/test_imagemath_lambda_eval.py
[2026-09-19T19:14:07Z] [iter=1] HEARTBEAT target_type=call_site elapsed_min=63.0 files_done=31 resolved=3888 errors=2121 current=src/PIL/GifImagePlugin.py
[2026-09-19T19:18:26Z] [iter=1] HEARTBEAT target_type=call_site elapsed_min=67.3 files_done=32 resolved=4010 errors=2271 current=Tests/test_image_quantize.py
[2026-09-19T19:18:58Z] [iter=1] HEARTBEAT target_type=call_site elapsed_min=67.8 files_done=33 resolved=4066 errors=2289 current=Tests/test_imagedraw2.py
[2026-09-19T19:20:02Z] [iter=1] HEARTBEAT target_type=call_site elapsed_min=68.9 files_done=34 resolved=4129 errors=2327 current=Tests/test_image_point.py
[2026-09-19T19:20:57Z] [iter=1] HEARTBEAT target_type=call_site elapsed_min=69.8 files_done=35 resolved=4140 errors=2359 current=Tests/helper.py
[2026-09-19T19:23:08Z] [iter=1] HEARTBEAT target_type=call_site elapsed_min=72.0 files_done=37 resolved=4299 errors=2435 current=src/PIL/DdsImagePlugin.py
[2026-09-19T19:24:06Z] [iter=1] HEARTBEAT target_type=call_site elapsed_min=73.0 files_done=38 resolved=4334 errors=2469 current=Tests/test_file_gif.py
[2026-09-19T19:25:49Z] [iter=1] HEARTBEAT target_type=call_site elapsed_min=74.7 files_done=39 resolved=4744 errors=2526 current=Tests/test_uploader.py
[2026-09-19T19:26:29Z] [iter=1] HEARTBEAT target_type=call_site elapsed_min=75.4 files_done=41 resolved=4771 errors=2549 current=src/PIL/ImageStat.py
[2026-09-19T19:27:19Z] [iter=1] HEARTBEAT target_type=call_site elapsed_min=76.2 files_done=43 resolved=4844 errors=2578 current=Tests/test_color_lut.py
[2026-09-19T19:27:58Z] [iter=1] HEARTBEAT target_type=call_site elapsed_min=76.8 files_done=44 resolved=4994 errors=2600 current=src/PIL/ImageTk.py
[2026-09-19T19:28:30Z] [iter=1] HEARTBEAT target_type=call_site elapsed_min=77.4 files_done=45 resolved=5020 errors=2618 current=src/PIL/Jpeg2KImagePlugin.py
[2026-09-19T19:29:44Z] [iter=1] HEARTBEAT target_type=call_site elapsed_min=78.6 files_done=46 resolved=5099 errors=2661 current=src/PIL/TgaImagePlugin.py
[2026-09-19T19:30:34Z] [iter=1] HEARTBEAT target_type=call_site elapsed_min=79.4 files_done=47 resolved=5127 errors=2690 current=src/PIL/PalmImagePlugin.py
[2026-09-19T19:31:27Z] [iter=1] HEARTBEAT target_type=call_site elapsed_min=80.3 files_done=48 resolved=5151 errors=2721 current=src/PIL/ImageQt.py
[2026-09-19T19:32:00Z] [iter=1] HEARTBEAT target_type=call_site elapsed_min=80.9 files_done=49 resolved=5178 errors=2740 current=src/PIL/FpxImagePlugin.py
[2026-09-19T19:32:40Z] [iter=1] HEARTBEAT target_type=call_site elapsed_min=81.5 files_done=50 resolved=5199 errors=2763 current=docs/example/DdsImagePlugin.py
[2026-09-19T19:33:19Z] [iter=1] HEARTBEAT target_type=call_site elapsed_min=82.2 files_done=51 resolved=5234 errors=2786 current=src/PIL/IcnsImagePlugin.py
[2026-09-19T19:34:25Z] [iter=1] HEARTBEAT target_type=call_site elapsed_min=83.3 files_done=52 resolved=5301 errors=2824 current=Tests/test_box_blur.py
[2026-09-19T19:35:14Z] [iter=1] HEARTBEAT target_type=call_site elapsed_min=84.1 files_done=53 resolved=5333 errors=2853 current=Tests/test_imagepalette.py
[2026-09-19T19:38:10Z] [iter=1] HEARTBEAT target_type=call_site elapsed_min=87.0 files_done=55 resolved=5648 errors=2953 current=src/PIL/PcxImagePlugin.py
[2026-09-19T19:39:11Z] [iter=1] HEARTBEAT target_type=call_site elapsed_min=88.1 files_done=56 resolved=5672 errors=2989 current=Tests/test_file_bmp.py
[2026-09-19T19:39:49Z] [iter=1] HEARTBEAT target_type=call_site elapsed_min=88.7 files_done=57 resolved=5723 errors=3011 current=Tests/test_file_ppm.py
[2026-09-19T19:40:20Z] [iter=1] HEARTBEAT target_type=call_site elapsed_min=89.2 files_done=58 resolved=5812 errors=3028 current=src/PIL/PdfParser.py
[2026-09-19T19:43:26Z] [iter=1] HEARTBEAT target_type=call_site elapsed_min=92.3 files_done=59 resolved=6131 errors=3135 current=Tests/test_file_jpeg.py
[2026-09-19T19:47:24Z] [iter=1] HEARTBEAT target_type=call_site elapsed_min=96.3 files_done=60 resolved=6340 errors=3273 current=Tests/test_imageshow.py
[2026-09-19T19:48:09Z] [iter=1] HEARTBEAT target_type=call_site elapsed_min=97.0 files_done=62 resolved=6369 errors=3299 current=Tests/test_file_fli.py
[2026-09-19T19:48:57Z] [iter=1] HEARTBEAT target_type=call_site elapsed_min=97.8 files_done=64 resolved=6472 errors=3326 current=src/PIL/PsdImagePlugin.py
[2026-09-19T19:51:00Z] [iter=1] HEARTBEAT target_type=call_site elapsed_min=99.9 files_done=65 resolved=6508 errors=3398 current=src/PIL/PixarImagePlugin.py
[2026-09-19T19:51:56Z] [iter=1] HEARTBEAT target_type=call_site elapsed_min=100.8 files_done=67 resolved=6626 errors=3430 current=Tests/test_image_getbands.py
[2026-09-19T19:52:31Z] [iter=1] HEARTBEAT target_type=call_site elapsed_min=101.4 files_done=70 resolved=6691 errors=3450 current=Tests/test_imagechops.py
[2026-09-19T19:53:16Z] [iter=1] HEARTBEAT target_type=call_site elapsed_min=102.1 files_done=71 resolved=6832 errors=3476 current=Tests/test_imagecolor.py
[2026-09-19T19:55:21Z] [iter=1] HEARTBEAT target_type=call_site elapsed_min=104.2 files_done=74 resolved=6993 errors=3549 current=src/PIL/TiffTags.py
[2026-09-19T19:57:13Z] [iter=1] HEARTBEAT target_type=call_site elapsed_min=106.1 files_done=76 resolved=7180 errors=3614 current=Tests/createfontdatachunk.py
[2026-09-19T19:58:19Z] [iter=1] HEARTBEAT target_type=call_site elapsed_min=107.2 files_done=79 resolved=7255 errors=3652 current=src/PIL/QoiImagePlugin.py
[2026-09-19T19:58:50Z] [iter=1] HEARTBEAT target_type=call_site elapsed_min=107.7 files_done=82 resolved=7301 errors=3670 current=Tests/test_image_crop.py
[2026-09-19T20:01:50Z] [iter=1] HEARTBEAT target_type=call_site elapsed_min=110.7 files_done=84 resolved=7320 errors=3775 current=Tests/test_imagefontctl.py
[2026-09-19T20:02:21Z] [iter=1] HEARTBEAT target_type=call_site elapsed_min=111.2 files_done=85 resolved=7425 errors=3793 current=src/PIL/PdfImagePlugin.py
[2026-09-19T20:03:49Z] [iter=1] HEARTBEAT target_type=call_site elapsed_min=112.7 files_done=86 resolved=7454 errors=3844 current=docs/dater.py
[2026-09-19T20:13:02Z] [iter=1] HEARTBEAT target_type=call_site elapsed_min=121.9 files_done=88 resolved=7481 errors=4168 current=src/PIL/PcfFontFile.py
[2026-09-19T20:14:26Z] [iter=1] HEARTBEAT target_type=call_site elapsed_min=123.3 files_done=89 resolved=7541 errors=4217 current=Tests/test_imagefont.py
[2026-09-19T20:16:04Z] [iter=1] HEARTBEAT target_type=call_site elapsed_min=124.9 files_done=90 resolved=7850 errors=4273 current=Tests/test_features.py
[2026-09-19T20:16:54Z] [iter=1] HEARTBEAT target_type=call_site elapsed_min=125.8 files_done=93 resolved=7957 errors=4302 current=Tests/test_image_array.py
[2026-09-19T20:17:30Z] [iter=1] HEARTBEAT target_type=call_site elapsed_min=126.4 files_done=94 resolved=7975 errors=4323 current=Tests/check_wheel.py
[2026-09-19T20:18:45Z] [iter=1] HEARTBEAT target_type=call_site elapsed_min=127.6 files_done=97 resolved=8071 errors=4367 current=Tests/test_font_pcf.py
[2026-09-19T20:19:56Z] [iter=1] HEARTBEAT target_type=call_site elapsed_min=128.8 files_done=100 resolved=8191 errors=4408 current=Tests/test_file_tiff_metadata.py
[2026-09-19T20:20:26Z] [iter=1] HEARTBEAT target_type=call_site elapsed_min=129.3 files_done=102 resolved=8331 errors=4425 current=Tests/test_image_resize.py
[2026-09-19T20:21:28Z] [iter=1] HEARTBEAT target_type=call_site elapsed_min=130.3 files_done=103 resolved=8371 errors=4461 current=src/PIL/PpmImagePlugin.py
[2026-09-19T20:22:23Z] [iter=1] HEARTBEAT target_type=call_site elapsed_min=131.3 files_done=104 resolved=8434 errors=4493 current=Tests/test_image_access.py
[2026-09-19T20:22:56Z] [iter=1] HEARTBEAT target_type=call_site elapsed_min=131.8 files_done=105 resolved=8516 errors=4512 current=Tests/test_imagefile.py
[2026-09-19T20:24:14Z] [iter=1] HEARTBEAT target_type=call_site elapsed_min=133.1 files_done=106 resolved=8616 errors=4557 current=src/PIL/ImageDraw.py
[2026-09-19T20:26:36Z] [iter=1] HEARTBEAT target_type=call_site elapsed_min=135.5 files_done=107 resolved=8739 errors=4639 current=Tests/test_pickle.py
[2026-09-19T20:29:37Z] [iter=1] HEARTBEAT target_type=call_site elapsed_min=138.5 files_done=109 resolved=8896 errors=4745 current=Tests/test_numpy.py
[2026-09-19T20:31:03Z] [iter=1] HEARTBEAT target_type=call_site elapsed_min=139.9 files_done=110 resolved=8952 errors=4793 current=Tests/test_imagegrab.py
[2026-09-19T20:31:51Z] [iter=1] HEARTBEAT target_type=call_site elapsed_min=140.7 files_done=113 resolved=9035 errors=4821 current=Tests/test_file_fits.py
[2026-09-19T20:32:49Z] [iter=1] HEARTBEAT target_type=call_site elapsed_min=141.7 files_done=116 resolved=9174 errors=4854 current=src/PIL/ContainerIO.py
[2026-09-19T20:33:45Z] [iter=1] HEARTBEAT target_type=call_site elapsed_min=142.6 files_done=119 resolved=9226 errors=4887 current=Tests/test_psdraw.py
[2026-09-19T20:34:35Z] [iter=1] HEARTBEAT target_type=call_site elapsed_min=143.5 files_done=122 resolved=9376 errors=4916 current=Tests/test_image_thumbnail.py
[2026-09-19T20:35:10Z] [iter=1] HEARTBEAT target_type=call_site elapsed_min=144.0 files_done=124 resolved=9431 errors=4936 current=src/PIL/ImageWin.py
[2026-09-19T20:35:53Z] [iter=1] HEARTBEAT target_type=call_site elapsed_min=144.8 files_done=125 resolved=9445 errors=4961 current=Tests/test_file_webp_animated.py
[2026-09-19T20:36:33Z] [iter=1] HEARTBEAT target_type=call_site elapsed_min=145.4 files_done=127 resolved=9531 errors=4984 current=Tests/test_file_mcidas.py
[2026-09-19T20:37:31Z] [iter=1] HEARTBEAT target_type=call_site elapsed_min=146.4 files_done=130 resolved=9595 errors=5017 current=Tests/test_file_mic.py
[2026-09-19T20:38:03Z] [iter=1] HEARTBEAT target_type=call_site elapsed_min=146.9 files_done=134 resolved=9655 errors=5035 current=Tests/test_file_spider.py
[2026-09-19T20:39:00Z] [iter=1] HEARTBEAT target_type=call_site elapsed_min=147.9 files_done=137 resolved=9724 errors=5068 current=src/PIL/GribStubImagePlugin.py
[2026-09-19T20:40:49Z] [iter=1] HEARTBEAT target_type=call_site elapsed_min=149.7 files_done=139 resolved=9869 errors=5131 current=Tests/test_image_getdata.py
[2026-09-19T20:43:05Z] [iter=1] HEARTBEAT target_type=call_site elapsed_min=152.0 files_done=141 resolved=9877 errors=5211 current=Tests/test_file_imt.py
[2026-09-19T20:43:44Z] [iter=1] HEARTBEAT target_type=call_site elapsed_min=152.6 files_done=143 resolved=9890 errors=5234 current=src/PIL/FontFile.py
[2026-09-19T20:45:33Z] [iter=1] HEARTBEAT target_type=call_site elapsed_min=154.4 files_done=146 resolved=10026 errors=5297 current=Tests/test_imageops_usm.py
[2026-09-19T20:46:56Z] [iter=1] HEARTBEAT target_type=call_site elapsed_min=155.8 files_done=147 resolved=10032 errors=5346 current=Tests/test_binary.py
[2026-09-19T20:47:29Z] [iter=1] HEARTBEAT target_type=call_site elapsed_min=156.4 files_done=151 resolved=10099 errors=5365 current=Tests/test_imageenhance.py
[2026-09-19T20:48:49Z] [iter=1] HEARTBEAT target_type=call_site elapsed_min=157.7 files_done=154 resolved=10153 errors=5412 current=Tests/test_file_wmf.py
[2026-09-19T20:49:32Z] [iter=1] HEARTBEAT target_type=call_site elapsed_min=158.4 files_done=156 resolved=10187 errors=5437 current=src/PIL/ImImagePlugin.py
[2026-09-19T20:50:07Z] [iter=1] HEARTBEAT target_type=call_site elapsed_min=159.0 files_done=158 resolved=10241 errors=5457 current=Tests/test_core_resources.py
[2026-09-19T20:51:33Z] [iter=1] HEARTBEAT target_type=call_site elapsed_min=160.4 files_done=161 resolved=10320 errors=5507 current=Tests/test_image_split.py
[2026-09-19T20:52:06Z] [iter=1] HEARTBEAT target_type=call_site elapsed_min=161.0 files_done=162 resolved=10330 errors=5526 current=Tests/test_font_pcf_charsets.py
[2026-09-19T20:53:06Z] [iter=1] HEARTBEAT target_type=call_site elapsed_min=162.0 files_done=165 resolved=10375 errors=5561 current=Tests/test_tiff_ifdrational.py
[2026-09-19T20:53:51Z] [iter=1] HEARTBEAT target_type=call_site elapsed_min=162.7 files_done=171 resolved=10493 errors=5586 current=src/PIL/IptcImagePlugin.py
[2026-09-19T20:54:30Z] [iter=1] HEARTBEAT target_type=call_site elapsed_min=163.4 files_done=172 resolved=10522 errors=5608 current=src/PIL/GbrImagePlugin.py
[2026-09-19T20:55:01Z] [iter=1] HEARTBEAT target_type=call_site elapsed_min=163.9 files_done=174 resolved=10542 errors=5626 current=Tests/test_image_rotate.py
[2026-09-19T20:55:43Z] [iter=1] HEARTBEAT target_type=call_site elapsed_min=164.6 files_done=175 resolved=10570 errors=5650 current=src/PIL/ImagePalette.py
[2026-09-19T20:56:33Z] [iter=1] HEARTBEAT target_type=call_site elapsed_min=165.4 files_done=177 resolved=10678 errors=5678 current=Tests/test_file_gimppalette.py
[2026-09-19T20:57:13Z] [iter=1] HEARTBEAT target_type=call_site elapsed_min=166.1 files_done=179 resolved=10754 errors=5701 current=Tests/test_mode_i16.py
[2026-09-19T20:57:56Z] [iter=1] HEARTBEAT target_type=call_site elapsed_min=166.8 files_done=181 resolved=10821 errors=5726 current=src/PIL/DcxImagePlugin.py
[2026-09-19T20:58:32Z] [iter=1] HEARTBEAT target_type=call_site elapsed_min=167.4 files_done=183 resolved=10859 errors=5747 current=Tests/check_imaging_leaks.py
[2026-09-19T20:59:08Z] [iter=1] HEARTBEAT target_type=call_site elapsed_min=168.0 files_done=185 resolved=10883 errors=5768 current=src/PIL/SgiImagePlugin.py
[2026-09-19T20:59:47Z] [iter=1] HEARTBEAT target_type=call_site elapsed_min=168.7 files_done=186 resolved=10921 errors=5790 current=Tests/test_file_hdf5stub.py
[2026-09-19T21:00:25Z] [iter=1] HEARTBEAT target_type=call_site elapsed_min=169.3 files_done=191 resolved=10961 errors=5812 current=src/PIL/ImtImagePlugin.py
[2026-09-19T21:01:08Z] [iter=1] HEARTBEAT target_type=call_site elapsed_min=170.0 files_done=194 resolved=10986 errors=5837 current=Tests/test_imagefontpil.py
[2026-09-19T21:01:48Z] [iter=1] HEARTBEAT target_type=call_site elapsed_min=170.7 files_done=198 resolved=11034 errors=5860 current=src/PIL/MicImagePlugin.py
[2026-09-19T21:02:34Z] [iter=1] HEARTBEAT target_type=call_site elapsed_min=171.4 files_done=201 resolved=11052 errors=5887 current=Tests/test_image_putalpha.py
[2026-09-19T21:03:14Z] [iter=1] HEARTBEAT target_type=call_site elapsed_min=172.1 files_done=203 resolved=11065 errors=5910 current=Tests/test_shell_injection.py
[2026-09-19T21:03:58Z] [iter=1] HEARTBEAT target_type=call_site elapsed_min=172.8 files_done=205 resolved=11075 errors=5936 current=Tests/test_file_cur.py
[2026-09-19T21:04:31Z] [iter=1] HEARTBEAT target_type=call_site elapsed_min=173.4 files_done=212 resolved=11139 errors=5955 current=Tests/test_file_palm.py
[2026-09-19T21:05:17Z] [iter=1] HEARTBEAT target_type=call_site elapsed_min=174.2 files_done=217 resolved=11231 errors=5982 current=Tests/test_file_bufrstub.py
[2026-09-19T21:05:48Z] [iter=1] HEARTBEAT target_type=call_site elapsed_min=174.7 files_done=222 resolved=11278 errors=6000 current=Tests/oss-fuzz/fuzz_font.py
[2026-09-19T21:06:19Z] [iter=1] HEARTBEAT target_type=call_site elapsed_min=175.2 files_done=229 resolved=11315 errors=6018 current=Tests/oss-fuzz/test_fuzzers.py
[2026-09-19T21:06:57Z] [iter=1] HEARTBEAT target_type=call_site elapsed_min=175.8 files_done=233 resolved=11339 errors=6040 current=Tests/test_font_bdf.py
[2026-09-19T21:07:30Z] [iter=1] HEARTBEAT target_type=call_site elapsed_min=176.4 files_done=243 resolved=11399 errors=6059 current=Tests/test_image_getextrema.py
[2026-09-19T21:08:18Z] [iter=1] HEARTBEAT target_type=call_site elapsed_min=177.2 files_done=246 resolved=11407 errors=6087 current=Tests/test_000_sanity.py
[2026-09-19T21:08:52Z] [iter=1] HEARTBEAT target_type=call_site elapsed_min=177.7 files_done=254 resolved=11452 errors=6107 current=Tests/check_jpeg_leaks.py
[2026-09-19T21:09:23Z] [iter=1] HEARTBEAT target_type=call_site elapsed_min=178.3 files_done=262 resolved=11483 errors=6125 current=src/PIL/report.py
[2026-09-19T21:09:53Z] [iter=1] HEARTBEAT target_type=call_site elapsed_min=178.8 files_done=277 resolved=11509 errors=6143 current=Tests/test_file_gd.py
[2026-09-19T21:12:53Z] [iter=1] HEARTBEAT target_type=call_site elapsed_min=181.8 files_done=282 resolved=11518 errors=6247 current=src/libImaging/Quant.c
[2026-09-19T21:16:11Z] [iter=1] HEARTBEAT target_type=call_site elapsed_min=185.1 files_done=283 resolved=11701 errors=6363 current=src/_imaging.c
[2026-09-19T21:28:37Z] [iter=1] HEARTBEAT target_type=call_site elapsed_min=197.5 files_done=284 resolved=11704 errors=6800 current=src/libImaging/Filter.c
[2026-09-19T21:33:24Z] [iter=1] HEARTBEAT target_type=call_site elapsed_min=202.3 files_done=285 resolved=11704 errors=6968 current=src/libImaging/Draw.c
[2026-09-19T21:38:02Z] [iter=1] HEARTBEAT target_type=call_site elapsed_min=206.9 files_done=286 resolved=11747 errors=7131 current=src/thirdparty/pythoncapi_compat.h
[2026-09-19T21:39:04Z] [iter=1] HEARTBEAT target_type=call_site elapsed_min=207.9 files_done=287 resolved=11754 errors=7167 current=src/_webp.c
[2026-09-19T21:40:19Z] [iter=1] HEARTBEAT target_type=call_site elapsed_min=209.2 files_done=288 resolved=11754 errors=7211 current=src/_imagingcms.c
[2026-09-19T21:42:27Z] [iter=1] HEARTBEAT target_type=call_site elapsed_min=211.3 files_done=289 resolved=11754 errors=7286 current=src/libImaging/BcnDecode.c
[2026-09-19T21:45:05Z] [iter=1] HEARTBEAT target_type=call_site elapsed_min=214.0 files_done=290 resolved=11754 errors=7379 current=src/libImaging/Paste.c
[2026-09-19T21:47:26Z] [iter=1] HEARTBEAT target_type=call_site elapsed_min=216.3 files_done=291 resolved=11754 errors=7461 current=src/libImaging/FliDecode.c
[2026-09-19T21:48:14Z] [iter=1] HEARTBEAT target_type=call_site elapsed_min=217.1 files_done=292 resolved=11754 errors=7489 current=src/thirdparty/raqm/raqm.c
[2026-09-19T21:52:23Z] [iter=1] HEARTBEAT target_type=call_site elapsed_min=221.3 files_done=293 resolved=11763 errors=7635 current=src/libImaging/Bands.c
[2026-09-19T21:53:41Z] [iter=1] HEARTBEAT target_type=call_site elapsed_min=222.6 files_done=294 resolved=11763 errors=7680 current=src/libImaging/Jpeg2KDecode.c
[2026-09-19T21:55:25Z] [iter=1] HEARTBEAT target_type=call_site elapsed_min=224.3 files_done=296 resolved=11817 errors=7740 current=src/libImaging/Crop.c
[2026-09-19T21:57:23Z] [iter=1] HEARTBEAT target_type=call_site elapsed_min=226.3 files_done=298 resolved=11843 errors=7808 current=src/_imagingft.c
[2026-09-19T22:01:10Z] [iter=1] HEARTBEAT target_type=call_site elapsed_min=230.0 files_done=299 resolved=11852 errors=7939 current=src/libImaging/QuantOctree.c
[2026-09-19T22:02:33Z] [iter=1] HEARTBEAT target_type=call_site elapsed_min=231.4 files_done=300 resolved=11873 errors=7987 current=src/display.c
[2026-09-19T22:09:00Z] [iter=1] HEARTBEAT target_type=call_site elapsed_min=237.9 files_done=302 resolved=11876 errors=8211 current=src/libImaging/Histo.c
[2026-09-19T22:10:02Z] [iter=1] HEARTBEAT target_type=call_site elapsed_min=238.9 files_done=303 resolved=11876 errors=8247 current=src/libImaging/QuantHash.c
[2026-09-19T22:10:40Z] [iter=1] HEARTBEAT target_type=call_site elapsed_min=239.5 files_done=304 resolved=11893 errors=8269 current=src/libImaging/JpegEncode.c
[2026-09-19T22:11:11Z] [iter=1] CHECKPOINT TRIGGERED elapsed_min=240.1 files_completed=305 new_files_this_iter=305 mem_mb=976 MB
[2026-09-19T22:11:11Z] [iter=1] Writing partial enrichment graph path=/home/runner/work/forx/forx/storage/aggregate/lsp/4c1aed801e43c6b307e7135279ca1dbc02bbf052.nq.gz triples=128988
[2026-09-19T22:11:14Z] [iter=1] Checkpoint written, exiting with code 7
[2026-09-19T22:11:14Z] [iter=1] PHASE END: enrich (checkpointed) elapsed_s=14404 elapsed_min=240.1 files_completed=305
