[2026-09-18T13:12:34Z] === ENRICH ITERATION 2 START | repo=python-pillow/Pillow sha=5158d98c ===
[2026-09-18T13:12:34Z] [iter=2] PHASE START: enrich repo=python-pillow/Pillow sha=5158d98c runlog=/home/runner/work/forx/forx/storage/aggregate/lsp/logs/5158d98c-enrich-iter-002.log output=/home/runner/work/forx/forx/storage/aggregate/lsp/5158d98c807e719c5938aa3886913ef0ea6814e9.nq.gz
[2026-09-18T13:12:51Z] [iter=2] Step 1: Loading AST into disk-backed store mem_mb=79 MB
[2026-09-18T13:13:33Z] [iter=2] AST store loaded triples=4523902 load_secs=39 mem_mb=970 MB
[2026-09-18T13:13:33Z] [iter=2] Step 2: Finding LSP targets mem_mb=970 MB
[2026-09-18T13:13:40Z] [iter=2] LSP targets found call_sites=28635 imports=740 extends=71 implements=0 secs=8
[2026-09-18T13:13:46Z] [iter=2] Loaded checkpoint partial graph triples=127869
[2026-09-18T13:13:52Z] [iter=2] Step 2.7: Building position index (one-shot, shared across resolvers) mem_mb=970 MB
[2026-09-18T13:14:20Z] [iter=2] Position index built positions=294153 nodes_with_types=370125 secs=28 mem_mb=1172 MB
[2026-09-18T13:14:20Z] [iter=2] Step 3: Starting LSP resolution mem_mb=1172 MB already_completed_types=[] already_completed_files=297
[2026-09-18T13:14:20Z] [iter=2] Resolving target type target_type=call_site count=28635
[2026-09-18T13:14:23Z] [iter=2] HEARTBEAT target_type=call_site elapsed_min=1.8 files_done=0 resolved=0 errors=0 current=src/_imaging.c
[2026-09-18T13:28:20Z] [iter=2] HEARTBEAT target_type=call_site elapsed_min=15.8 files_done=1 resolved=2 errors=452 current=src/path.c
[2026-09-18T13:29:36Z] [iter=2] HEARTBEAT target_type=call_site elapsed_min=17.0 files_done=2 resolved=2 errors=493 current=src/libImaging/Draw.c
[2026-09-18T13:34:23Z] [iter=2] HEARTBEAT target_type=call_site elapsed_min=21.8 files_done=3 resolved=49 errors=648 current=src/libImaging/QuantPngQuant.c
[2026-09-18T13:37:13Z] [iter=2] HEARTBEAT target_type=call_site elapsed_min=24.7 files_done=5 resolved=60 errors=740 current=src/libImaging/Unpack.c
[2026-09-18T13:41:06Z] [iter=2] HEARTBEAT target_type=call_site elapsed_min=28.5 files_done=6 resolved=60 errors=866 current=src/display.c
[2026-09-18T13:42:38Z] [iter=2] HEARTBEAT target_type=call_site elapsed_min=30.1 files_done=8 resolved=63 errors=916 current=src/libImaging/Quant.c
[2026-09-18T13:46:14Z] [iter=2] HEARTBEAT target_type=call_site elapsed_min=33.7 files_done=9 resolved=235 errors=1032 current=src/libImaging/RankFilter.c
[2026-09-18T13:50:19Z] [iter=2] HEARTBEAT target_type=call_site elapsed_min=37.8 files_done=11 resolved=235 errors=1164 current=src/_imagingmath.c
[2026-09-18T13:51:48Z] [iter=2] HEARTBEAT target_type=call_site elapsed_min=39.2 files_done=12 resolved=236 errors=1212 current=src/thirdparty/fribidi-shim/fribidi.c
[2026-09-18T13:53:22Z] [iter=2] HEARTBEAT target_type=call_site elapsed_min=40.8 files_done=14 resolved=255 errors=1262 current=src/libImaging/Convert.c
[2026-09-18T13:58:39Z] [iter=2] HEARTBEAT target_type=call_site elapsed_min=46.1 files_done=15 resolved=255 errors=1433 current=src/libImaging/Resample.c
[2026-09-18T14:01:38Z] [iter=2] HEARTBEAT target_type=call_site elapsed_min=49.1 files_done=16 resolved=259 errors=1530 current=src/libImaging/Storage.c
[2026-09-18T14:03:59Z] [iter=2] HEARTBEAT target_type=call_site elapsed_min=51.4 files_done=17 resolved=321 errors=1606 current=src/Tk/tkImaging.c
[2026-09-18T14:05:06Z] [iter=2] HEARTBEAT target_type=call_site elapsed_min=52.5 files_done=18 resolved=332 errors=1642 current=src/libImaging/TiffDecode.c
[2026-09-18T14:06:20Z] [iter=2] HEARTBEAT target_type=call_site elapsed_min=53.8 files_done=20 resolved=343 errors=1681 current=src/libImaging/Chops.c
[2026-09-18T14:06:56Z] [iter=2] HEARTBEAT target_type=call_site elapsed_min=54.4 files_done=21 resolved=343 errors=1700 current=src/libImaging/Geometry.c
[2026-09-18T14:11:22Z] [iter=2] HEARTBEAT target_type=call_site elapsed_min=58.8 files_done=22 resolved=343 errors=1843 current=src/_webp.c
[2026-09-18T14:12:38Z] [iter=2] HEARTBEAT target_type=call_site elapsed_min=60.1 files_done=23 resolved=344 errors=1884 current=src/_imagingcms.c
[2026-09-18T14:14:45Z] [iter=2] HEARTBEAT target_type=call_site elapsed_min=62.2 files_done=24 resolved=344 errors=1952 current=src/thirdparty/raqm/raqm.c
[2026-09-18T14:19:18Z] [iter=2] HEARTBEAT target_type=call_site elapsed_min=66.7 files_done=25 resolved=353 errors=2098 current=src/libImaging/QuantOctree.c
[2026-09-18T14:20:46Z] [iter=2] HEARTBEAT target_type=call_site elapsed_min=68.2 files_done=26 resolved=374 errors=2146 current=src/libImaging/Palette.c
[2026-09-18T14:21:32Z] [iter=2] HEARTBEAT target_type=call_site elapsed_min=69.0 files_done=27 resolved=374 errors=2171 current=src/libImaging/Dib.c
[2026-09-18T14:22:37Z] [iter=2] HEARTBEAT target_type=call_site elapsed_min=70.1 files_done=30 resolved=386 errors=2206 current=src/_imagingmorph.c
[2026-09-18T14:23:35Z] [iter=2] HEARTBEAT target_type=call_site elapsed_min=71.0 files_done=33 resolved=415 errors=2237 current=src/libImaging/JpegEncode.c
[2026-09-18T14:26:16Z] [iter=2] HEARTBEAT target_type=call_site elapsed_min=73.7 files_done=35 resolved=423 errors=2324 current=src/libImaging/QuantHash.c
[2026-09-18T14:26:56Z] [iter=2] HEARTBEAT target_type=call_site elapsed_min=74.4 files_done=36 resolved=440 errors=2346 current=src/libImaging/GifEncode.c
[2026-09-18T14:29:21Z] [iter=2] HEARTBEAT target_type=call_site elapsed_min=76.8 files_done=40 resolved=447 errors=2424 current=src/libImaging/ZipDecode.c
[2026-09-18T14:29:54Z] [iter=2] HEARTBEAT target_type=call_site elapsed_min=77.3 files_done=42 resolved=457 errors=2442 current=src/libImaging/Copy.c
[2026-09-18T14:30:55Z] [iter=2] HEARTBEAT target_type=call_site elapsed_min=78.4 files_done=45 resolved=458 errors=2475 current=src/outline.c
[2026-09-18T14:31:26Z] [iter=2] HEARTBEAT target_type=call_site elapsed_min=78.9 files_done=46 resolved=458 errors=2492 current=src/libImaging/UnsharpMask.c
[2026-09-18T14:32:03Z] [iter=2] HEARTBEAT target_type=call_site elapsed_min=79.5 files_done=48 resolved=458 errors=2512 current=src/libImaging/QuantHeap.c
[2026-09-18T14:33:21Z] [iter=2] HEARTBEAT target_type=call_site elapsed_min=80.8 files_done=52 resolved=472 errors=2554 current=src/libImaging/GetBBox.c
[2026-09-18T14:34:00Z] [iter=2] HEARTBEAT target_type=call_site elapsed_min=81.4 files_done=53 resolved=472 errors=2575 current=src/libImaging/Effects.c
[2026-09-18T14:34:50Z] [iter=2] HEARTBEAT target_type=call_site elapsed_min=82.3 files_done=58 resolved=485 errors=2602 current=src/libImaging/RawEncode.c
[2026-09-18T14:35:25Z] [iter=2] HEARTBEAT target_type=call_site elapsed_min=82.9 files_done=61 resolved=485 errors=2621 current=src/libImaging/File.c
[2026-09-18T14:35:57Z] [iter=2] HEARTBEAT target_type=call_site elapsed_min=83.4 files_done=65 resolved=486 errors=2638 current=src/libImaging/Access.c
[2026-09-18T14:36:36Z] [iter=2] HEARTBEAT target_type=call_site elapsed_min=84.0 files_done=69 resolved=486 errors=2659 current=src/libImaging/Crop.c
[2026-09-18T14:37:09Z] [iter=2] HEARTBEAT target_type=call_site elapsed_min=84.6 files_done=76 resolved=486 errors=2677 current=src/libImaging/XbmDecode.c
[2026-09-18T14:37:28Z] [iter=2] Target type resolved target_type=call_site resolved=488 errors=2685 secs=4988 mem_mb=1202 MB
[2026-09-18T14:37:28Z] [iter=2] Resolving target type target_type=import_statement count=740
[2026-09-18T14:37:32Z] [iter=2] Target type resolved target_type=import_statement resolved=93 errors=0 secs=4 mem_mb=1202 MB
[2026-09-18T14:37:32Z] [iter=2] Resolving target type target_type=extends_clause count=71
[2026-09-18T14:37:34Z] [iter=2] Target type resolved target_type=extends_clause resolved=2 errors=0 secs=1 mem_mb=1202 MB
[2026-09-18T14:37:57Z] [iter=2] Step 5: Writing final enrichment file triples=211110
[2026-09-18T14:38:01Z] [iter=2] Enrichment file written path=/home/runner/work/forx/forx/storage/aggregate/lsp/5158d98c807e719c5938aa3886913ef0ea6814e9.nq.gz size_kb=4568
[2026-09-18T14:38:01Z] [iter=2] Checkpoint cleared (enrichment complete)
[2026-09-18T14:38:01Z] [iter=2] PHASE END: enrich elapsed_s=5127 elapsed_min=85.5 total_triples=211110
