[2026-09-18T09:07:02Z] === ENRICH ITERATION 1 START | repo=python-pillow/Pillow sha=5158d98c ===
[2026-09-18T09:07:02Z] [iter=1] PHASE START: enrich repo=python-pillow/Pillow sha=5158d98c runlog=/home/runner/work/forx/forx/storage/aggregate/lsp/logs/5158d98c-enrich-iter-001.log output=/home/runner/work/forx/forx/storage/aggregate/lsp/5158d98c807e719c5938aa3886913ef0ea6814e9.nq.gz
[2026-09-18T09:07:26Z] [iter=1] Step 1: Loading AST into disk-backed store mem_mb=79 MB
[2026-09-18T09:08:22Z] [iter=1] AST store loaded triples=4523902 load_secs=54 mem_mb=919 MB
[2026-09-18T09:08:22Z] [iter=1] Step 2: Finding LSP targets mem_mb=919 MB
[2026-09-18T09:08:28Z] [iter=1] LSP targets found call_sites=28635 imports=740 extends=71 implements=0 secs=6
[2026-09-18T09:08:32Z] [iter=1] Step 2.7: Building position index (one-shot, shared across resolvers) mem_mb=919 MB
[2026-09-18T09:08:52Z] [iter=1] Position index built positions=294153 nodes_with_types=370125 secs=20 mem_mb=919 MB
[2026-09-18T09:08:52Z] [iter=1] Step 3: Starting LSP resolution mem_mb=919 MB already_completed_types=[] already_completed_files=0
[2026-09-18T09:08:52Z] [iter=1] Resolving target type target_type=call_site count=28635
[2026-09-18T09:08:53Z] [iter=1] HEARTBEAT target_type=call_site elapsed_min=1.8 files_done=0 resolved=0 errors=0 current=src/PIL/FontFile.py
[2026-09-18T09:10:17Z] [iter=1] HEARTBEAT target_type=call_site elapsed_min=3.2 files_done=2 resolved=47 errors=55 current=setup.py
[2026-09-18T09:16:02Z] [iter=1] HEARTBEAT target_type=call_site elapsed_min=9.0 files_done=3 resolved=286 errors=280 current=Tests/test_imageshow.py
[2026-09-18T09:17:30Z] [iter=1] HEARTBEAT target_type=call_site elapsed_min=10.5 files_done=5 resolved=347 errors=338 current=Tests/test_imagefont.py
[2026-09-18T09:22:48Z] [iter=1] HEARTBEAT target_type=call_site elapsed_min=15.8 files_done=6 resolved=508 errors=548 current=Tests/test_psdraw.py
[2026-09-18T09:23:24Z] [iter=1] HEARTBEAT target_type=call_site elapsed_min=16.4 files_done=8 resolved=584 errors=572 current=src/PIL/EpsImagePlugin.py
[2026-09-18T09:23:58Z] [iter=1] HEARTBEAT target_type=call_site elapsed_min=16.9 files_done=9 resolved=667 errors=594 current=Tests/test_imagedraw.py
[2026-09-18T09:27:33Z] [iter=1] HEARTBEAT target_type=call_site elapsed_min=20.5 files_done=10 resolved=1041 errors=735 current=Tests/test_file_mic.py
[2026-09-18T09:29:13Z] [iter=1] HEARTBEAT target_type=call_site elapsed_min=22.2 files_done=13 resolved=1117 errors=801 current=Tests/test_imagemath_lambda_eval.py
[2026-09-18T09:32:39Z] [iter=1] HEARTBEAT target_type=call_site elapsed_min=25.6 files_done=14 resolved=1239 errors=938 current=src/PIL/GimpPaletteFile.py
[2026-09-18T09:33:16Z] [iter=1] HEARTBEAT target_type=call_site elapsed_min=26.2 files_done=16 resolved=1265 errors=963 current=Tests/test_file_libtiff.py
[2026-09-18T09:35:51Z] [iter=1] HEARTBEAT target_type=call_site elapsed_min=28.8 files_done=17 resolved=1509 errors=1064 current=src/PIL/TiffImagePlugin.py
[2026-09-18T09:40:56Z] [iter=1] HEARTBEAT target_type=call_site elapsed_min=33.9 files_done=18 resolved=1878 errors=1263 current=src/PIL/Image.py
[2026-09-18T09:48:54Z] [iter=1] HEARTBEAT target_type=call_site elapsed_min=41.9 files_done=19 resolved=2266 errors=1574 current=Tests/test_file_xpm.py
[2026-09-18T09:50:21Z] [iter=1] HEARTBEAT target_type=call_site elapsed_min=43.3 files_done=21 resolved=2416 errors=1631 current=Tests/test_core_resources.py
[2026-09-18T09:51:46Z] [iter=1] HEARTBEAT target_type=call_site elapsed_min=44.7 files_done=23 resolved=2522 errors=1687 current=winbuild/build_prepare.py
[2026-09-18T09:53:13Z] [iter=1] HEARTBEAT target_type=call_site elapsed_min=46.2 files_done=24 resolved=2662 errors=1744 current=src/PIL/PcfFontFile.py
[2026-09-18T09:54:29Z] [iter=1] HEARTBEAT target_type=call_site elapsed_min=47.4 files_done=25 resolved=2684 errors=1793 current=src/PIL/JpegImagePlugin.py
[2026-09-18T09:55:50Z] [iter=1] HEARTBEAT target_type=call_site elapsed_min=48.8 files_done=26 resolved=2827 errors=1846 current=Tests/test_image_filter.py
[2026-09-18T09:56:33Z] [iter=1] HEARTBEAT target_type=call_site elapsed_min=49.5 files_done=27 resolved=2857 errors=1875 current=Tests/test_file_jpeg.py
[2026-09-18T10:00:11Z] [iter=1] HEARTBEAT target_type=call_site elapsed_min=53.1 files_done=28 resolved=3070 errors=2019 current=Tests/helper.py
[2026-09-18T10:01:06Z] [iter=1] HEARTBEAT target_type=call_site elapsed_min=54.1 files_done=29 resolved=3139 errors=2055 current=Tests/test_image.py
[2026-09-18T10:02:32Z] [iter=1] HEARTBEAT target_type=call_site elapsed_min=55.5 files_done=30 resolved=3450 errors=2111 current=Tests/test_file_qoi.py
[2026-09-18T10:04:48Z] [iter=1] HEARTBEAT target_type=call_site elapsed_min=57.8 files_done=33 resolved=3578 errors=2201 current=src/PIL/GifImagePlugin.py
[2026-09-18T10:08:43Z] [iter=1] HEARTBEAT target_type=call_site elapsed_min=61.7 files_done=34 resolved=3694 errors=2356 current=Tests/test_image_putdata.py
[2026-09-18T10:09:32Z] [iter=1] HEARTBEAT target_type=call_site elapsed_min=62.5 files_done=35 resolved=3719 errors=2389 current=Tests/test_file_jpeg2k.py
[2026-09-18T10:10:34Z] [iter=1] HEARTBEAT target_type=call_site elapsed_min=63.5 files_done=36 resolved=3814 errors=2427 current=src/PIL/ImageDraw.py
[2026-09-18T10:12:19Z] [iter=1] HEARTBEAT target_type=call_site elapsed_min=65.3 files_done=37 resolved=3907 errors=2496 current=Tests/test_file_png.py
[2026-09-18T10:14:49Z] [iter=1] HEARTBEAT target_type=call_site elapsed_min=67.8 files_done=38 resolved=4110 errors=2594 current=Tests/test_file_icns.py
[2026-09-18T10:18:01Z] [iter=1] HEARTBEAT target_type=call_site elapsed_min=71.0 files_done=40 resolved=4458 errors=2720 current=Tests/test_image_quantize.py
[2026-09-18T10:19:46Z] [iter=1] HEARTBEAT target_type=call_site elapsed_min=72.7 files_done=41 resolved=4476 errors=2785 current=Tests/test_file_gif.py
[2026-09-18T10:21:18Z] [iter=1] HEARTBEAT target_type=call_site elapsed_min=74.3 files_done=42 resolved=4878 errors=2843 current=Tests/test_image_resample.py
[2026-09-18T10:26:56Z] [iter=1] HEARTBEAT target_type=call_site elapsed_min=79.9 files_done=43 resolved=4928 errors=3069 current=src/PIL/ImageCms.py
[2026-09-18T10:28:44Z] [iter=1] HEARTBEAT target_type=call_site elapsed_min=81.7 files_done=44 resolved=4962 errors=3141 current=Tests/test_imagefile.py
[2026-09-18T10:29:53Z] [iter=1] HEARTBEAT target_type=call_site elapsed_min=82.8 files_done=45 resolved=5073 errors=3187 current=Tests/test_imageops.py
[2026-09-18T10:33:32Z] [iter=1] HEARTBEAT target_type=call_site elapsed_min=86.5 files_done=46 resolved=5218 errors=3333 current=Tests/test_file_webp.py
[2026-09-18T10:34:38Z] [iter=1] HEARTBEAT target_type=call_site elapsed_min=87.6 files_done=47 resolved=5258 errors=3377 current=src/PIL/PsdImagePlugin.py
[2026-09-18T10:36:26Z] [iter=1] HEARTBEAT target_type=call_site elapsed_min=89.4 files_done=48 resolved=5296 errors=3449 current=Tests/test_image_convert.py
[2026-09-18T10:39:13Z] [iter=1] HEARTBEAT target_type=call_site elapsed_min=92.2 files_done=49 resolved=5312 errors=3561 current=Tests/test_image_getbbox.py
[2026-09-18T10:42:09Z] [iter=1] HEARTBEAT target_type=call_site elapsed_min=95.1 files_done=51 resolved=5430 errors=3678 current=Tests/test_file_tiff.py
[2026-09-18T10:43:08Z] [iter=1] HEARTBEAT target_type=call_site elapsed_min=96.1 files_done=52 resolved=5660 errors=3716 current=src/PIL/ImageMath.py
[2026-09-18T10:44:53Z] [iter=1] HEARTBEAT target_type=call_site elapsed_min=97.8 files_done=53 resolved=5678 errors=3786 current=src/PIL/MicImagePlugin.py
[2026-09-18T10:45:31Z] [iter=1] HEARTBEAT target_type=call_site elapsed_min=98.5 files_done=55 resolved=5718 errors=3811 current=Tests/test_lib_pack.py
[2026-09-18T10:53:34Z] [iter=1] HEARTBEAT target_type=call_site elapsed_min=106.5 files_done=56 resolved=5732 errors=4134 current=src/PIL/ImageFont.py
[2026-09-18T10:54:33Z] [iter=1] HEARTBEAT target_type=call_site elapsed_min=107.5 files_done=57 resolved=5790 errors=4173 current=Tests/test_pyarrow.py
[2026-09-18T10:57:15Z] [iter=1] HEARTBEAT target_type=call_site elapsed_min=110.2 files_done=59 resolved=5818 errors=4281 current=Tests/oss-fuzz/test_fuzzers.py
[2026-09-18T10:59:50Z] [iter=1] HEARTBEAT target_type=call_site elapsed_min=112.8 files_done=63 resolved=6041 errors=4383 current=Tests/test_imagefontpil.py
[2026-09-18T11:02:32Z] [iter=1] HEARTBEAT target_type=call_site elapsed_min=115.5 files_done=65 resolved=6119 errors=4491 current=Tests/test_file_ico.py
[2026-09-18T11:03:57Z] [iter=1] HEARTBEAT target_type=call_site elapsed_min=116.9 files_done=66 resolved=6163 errors=4548 current=Tests/test_file_spider.py
[2026-09-18T11:05:00Z] [iter=1] HEARTBEAT target_type=call_site elapsed_min=118.0 files_done=68 resolved=6260 errors=4589 current=Tests/test_file_pcx.py
[2026-09-18T11:06:34Z] [iter=1] HEARTBEAT target_type=call_site elapsed_min=119.5 files_done=70 resolved=6405 errors=4651 current=Tests/test_imagegrab.py
[2026-09-18T11:08:27Z] [iter=1] HEARTBEAT target_type=call_site elapsed_min=121.4 files_done=72 resolved=6554 errors=4726 current=src/PIL/ImageText.py
[2026-09-18T11:09:48Z] [iter=1] HEARTBEAT target_type=call_site elapsed_min=122.8 files_done=74 resolved=6647 errors=4780 current=src/PIL/MpegImagePlugin.py
[2026-09-18T11:10:44Z] [iter=1] HEARTBEAT target_type=call_site elapsed_min=123.7 files_done=76 resolved=6670 errors=4817 current=src/PIL/FtexImagePlugin.py
[2026-09-18T11:11:45Z] [iter=1] HEARTBEAT target_type=call_site elapsed_min=124.7 files_done=78 resolved=6737 errors=4857 current=Tests/test_arrow.py
[2026-09-18T11:13:13Z] [iter=1] HEARTBEAT target_type=call_site elapsed_min=126.2 files_done=81 resolved=6872 errors=4915 current=Tests/test_file_apng.py
[2026-09-18T11:19:24Z] [iter=1] HEARTBEAT target_type=call_site elapsed_min=132.4 files_done=82 resolved=7023 errors=5160 current=Tests/test_numpy.py
[2026-09-18T11:21:36Z] [iter=1] HEARTBEAT target_type=call_site elapsed_min=134.6 files_done=83 resolved=7054 errors=5240 current=src/PIL/PngImagePlugin.py
[2026-09-18T11:26:35Z] [iter=1] HEARTBEAT target_type=call_site elapsed_min=139.5 files_done=84 resolved=7259 errors=5434 current=Tests/test_imagepath.py
[2026-09-18T11:27:18Z] [iter=1] HEARTBEAT target_type=call_site elapsed_min=140.3 files_done=86 resolved=7307 errors=5463 current=src/PIL/ImageOps.py
[2026-09-18T11:29:15Z] [iter=1] HEARTBEAT target_type=call_site elapsed_min=142.2 files_done=87 resolved=7381 errors=5541 current=src/PIL/ImageChops.py
[2026-09-18T11:31:00Z] [iter=1] HEARTBEAT target_type=call_site elapsed_min=144.0 files_done=88 resolved=7381 errors=5611 current=src/PIL/XpmImagePlugin.py
[2026-09-18T11:31:49Z] [iter=1] HEARTBEAT target_type=call_site elapsed_min=144.8 files_done=89 resolved=7401 errors=5644 current=Tests/test_file_fpx.py
[2026-09-18T11:33:57Z] [iter=1] HEARTBEAT target_type=call_site elapsed_min=146.9 files_done=91 resolved=7427 errors=5729 current=Tests/test_image_transform.py
[2026-09-18T11:34:38Z] [iter=1] HEARTBEAT target_type=call_site elapsed_min=147.6 files_done=92 resolved=7495 errors=5756 current=src/PIL/PcdImagePlugin.py
[2026-09-18T11:35:18Z] [iter=1] HEARTBEAT target_type=call_site elapsed_min=148.3 files_done=94 resolved=7529 errors=5783 current=Tests/test_image_point.py
[2026-09-18T11:36:06Z] [iter=1] HEARTBEAT target_type=call_site elapsed_min=149.1 files_done=95 resolved=7540 errors=5815 current=Tests/test_file_webp_metadata.py
[2026-09-18T11:36:46Z] [iter=1] HEARTBEAT target_type=call_site elapsed_min=149.7 files_done=96 resolved=7561 errors=5841 current=Tests/test_pyroma.py
[2026-09-18T11:38:19Z] [iter=1] HEARTBEAT target_type=call_site elapsed_min=151.3 files_done=98 resolved=7597 errors=5903 current=Tests/test_file_bmp.py
[2026-09-18T11:39:02Z] [iter=1] HEARTBEAT target_type=call_site elapsed_min=152.0 files_done=100 resolved=7688 errors=5931 current=Tests/test_image_getextrema.py
[2026-09-18T11:39:45Z] [iter=1] HEARTBEAT target_type=call_site elapsed_min=152.7 files_done=102 resolved=7699 errors=5960 current=src/PIL/ImageShow.py
[2026-09-18T11:40:27Z] [iter=1] HEARTBEAT target_type=call_site elapsed_min=153.4 files_done=103 resolved=7737 errors=5988 current=Tests/test_image_putalpha.py
[2026-09-18T11:41:00Z] [iter=1] HEARTBEAT target_type=call_site elapsed_min=154.0 files_done=105 resolved=7748 errors=6010 current=Tests/test_imagesequence.py
[2026-09-18T11:41:32Z] [iter=1] HEARTBEAT target_type=call_site elapsed_min=154.5 files_done=106 resolved=7776 errors=6031 current=Tests/test_font_bdf.py
[2026-09-18T11:42:24Z] [iter=1] HEARTBEAT target_type=call_site elapsed_min=155.4 files_done=110 resolved=7825 errors=6066 current=Tests/test_imagedraw2.py
[2026-09-18T11:43:21Z] [iter=1] HEARTBEAT target_type=call_site elapsed_min=156.3 files_done=111 resolved=7888 errors=6104 current=Tests/test_image_access.py
[2026-09-18T11:43:52Z] [iter=1] HEARTBEAT target_type=call_site elapsed_min=156.8 files_done=113 resolved=8044 errors=6124 current=src/PIL/MpoImagePlugin.py
[2026-09-18T11:44:24Z] [iter=1] HEARTBEAT target_type=call_site elapsed_min=157.4 files_done=114 resolved=8068 errors=6145 current=checks/check_large_memory_numpy.py
[2026-09-18T11:45:33Z] [iter=1] HEARTBEAT target_type=call_site elapsed_min=158.5 files_done=116 resolved=8081 errors=6191 current=Tests/test_image_getcolors.py
[2026-09-18T11:46:21Z] [iter=1] HEARTBEAT target_type=call_site elapsed_min=159.3 files_done=117 resolved=8082 errors=6223 current=Tests/test_image_reduce.py
[2026-09-18T11:47:54Z] [iter=1] HEARTBEAT target_type=call_site elapsed_min=160.9 files_done=118 resolved=8109 errors=6285 current=Tests/test_imagemorph.py
[2026-09-18T11:48:37Z] [iter=1] HEARTBEAT target_type=call_site elapsed_min=161.6 files_done=120 resolved=8193 errors=6314 current=Tests/test_file_bufrstub.py
[2026-09-18T11:51:25Z] [iter=1] HEARTBEAT target_type=call_site elapsed_min=164.4 files_done=123 resolved=8420 errors=6425 current=Tests/test_file_msp.py
[2026-09-18T11:52:00Z] [iter=1] HEARTBEAT target_type=call_site elapsed_min=165.0 files_done=125 resolved=8497 errors=6448 current=Tests/test_image_getpalette.py
[2026-09-18T11:53:20Z] [iter=1] HEARTBEAT target_type=call_site elapsed_min=166.3 files_done=127 resolved=8546 errors=6501 current=src/PIL/_binary.py
[2026-09-18T11:54:41Z] [iter=1] HEARTBEAT target_type=call_site elapsed_min=167.6 files_done=130 resolved=8587 errors=6555 current=Tests/test_imagetk.py
[2026-09-18T11:56:49Z] [iter=1] HEARTBEAT target_type=call_site elapsed_min=169.8 files_done=132 resolved=8619 errors=6640 current=src/PIL/QoiImagePlugin.py
[2026-09-18T11:58:10Z] [iter=1] HEARTBEAT target_type=call_site elapsed_min=171.1 files_done=133 resolved=8637 errors=6694 current=Tests/test_file_psd.py
[2026-09-18T11:58:59Z] [iter=1] HEARTBEAT target_type=call_site elapsed_min=171.9 files_done=135 resolved=8725 errors=6726 current=Tests/test_file_mpo.py
[2026-09-18T11:59:31Z] [iter=1] HEARTBEAT target_type=call_site elapsed_min=172.5 files_done=136 resolved=8779 errors=6747 current=src/PIL/PcxImagePlugin.py
[2026-09-18T12:00:25Z] [iter=1] HEARTBEAT target_type=call_site elapsed_min=173.4 files_done=137 resolved=8803 errors=6783 current=Tests/test_image_histogram.py
[2026-09-18T12:02:12Z] [iter=1] HEARTBEAT target_type=call_site elapsed_min=175.2 files_done=139 resolved=8861 errors=6854 current=Tests/test_file_iptc.py
[2026-09-18T12:02:45Z] [iter=1] HEARTBEAT target_type=call_site elapsed_min=175.7 files_done=140 resolved=8900 errors=6876 current=Tests/test_image_thumbnail.py
[2026-09-18T12:03:48Z] [iter=1] HEARTBEAT target_type=call_site elapsed_min=176.8 files_done=141 resolved=8922 errors=6918 current=Tests/test_imagecms.py
[2026-09-18T12:05:53Z] [iter=1] HEARTBEAT target_type=call_site elapsed_min=178.8 files_done=142 resolved=9066 errors=7001 current=src/PIL/ImageTk.py
[2026-09-18T12:06:32Z] [iter=1] HEARTBEAT target_type=call_site elapsed_min=179.5 files_done=143 resolved=9077 errors=7027 current=Tests/test_imagefontctl.py
[2026-09-18T12:08:11Z] [iter=1] HEARTBEAT target_type=call_site elapsed_min=181.1 files_done=144 resolved=9141 errors=7093 current=src/PIL/ImageMorph.py
[2026-09-18T12:08:59Z] [iter=1] HEARTBEAT target_type=call_site elapsed_min=181.9 files_done=145 resolved=9169 errors=7125 current=docs/dater.py
[2026-09-18T12:09:36Z] [iter=1] HEARTBEAT target_type=call_site elapsed_min=182.6 files_done=148 resolved=9213 errors=7149 current=Tests/test_image_load.py
[2026-09-18T12:10:26Z] [iter=1] HEARTBEAT target_type=call_site elapsed_min=183.4 files_done=150 resolved=9245 errors=7182 current=Tests/test_imagestat.py
[2026-09-18T12:12:07Z] [iter=1] HEARTBEAT target_type=call_site elapsed_min=185.1 files_done=152 resolved=9324 errors=7249 current=Tests/test_file_gimpgradient.py
[2026-09-18T12:12:46Z] [iter=1] HEARTBEAT target_type=call_site elapsed_min=185.7 files_done=156 resolved=9403 errors=7274 current=Tests/test_image_getdata.py
[2026-09-18T12:13:32Z] [iter=1] HEARTBEAT target_type=call_site elapsed_min=186.5 files_done=158 resolved=9425 errors=7305 current=Tests/test_sgi_crash.py
[2026-09-18T12:14:05Z] [iter=1] HEARTBEAT target_type=call_site elapsed_min=187.0 files_done=160 resolved=9462 errors=7327 current=docs/example/DdsImagePlugin.py
[2026-09-18T12:15:01Z] [iter=1] HEARTBEAT target_type=call_site elapsed_min=188.0 files_done=161 resolved=9500 errors=7364 current=src/PIL/FliImagePlugin.py
[2026-09-18T12:16:04Z] [iter=1] HEARTBEAT target_type=call_site elapsed_min=189.0 files_done=162 resolved=9511 errors=7406 current=checks/check_large_memory.py
[2026-09-18T12:16:34Z] [iter=1] HEARTBEAT target_type=call_site elapsed_min=189.5 files_done=164 resolved=9531 errors=7426 current=src/PIL/WmfImagePlugin.py
[2026-09-18T12:17:07Z] [iter=1] HEARTBEAT target_type=call_site elapsed_min=190.1 files_done=165 resolved=9547 errors=7448 current=src/PIL/GdImageFile.py
[2026-09-18T12:18:19Z] [iter=1] HEARTBEAT target_type=call_site elapsed_min=191.3 files_done=168 resolved=9561 errors=7496 current=src/PIL/SgiImagePlugin.py
[2026-09-18T12:19:25Z] [iter=1] HEARTBEAT target_type=call_site elapsed_min=192.4 files_done=169 resolved=9585 errors=7540 current=Tests/test_fontfile.py
[2026-09-18T12:19:58Z] [iter=1] HEARTBEAT target_type=call_site elapsed_min=192.9 files_done=172 resolved=9649 errors=7562 current=Tests/test_file_wmf.py
[2026-09-18T12:21:08Z] [iter=1] HEARTBEAT target_type=call_site elapsed_min=194.1 files_done=175 resolved=9699 errors=7609 current=Tests/test_image_rotate.py
[2026-09-18T12:22:13Z] [iter=1] HEARTBEAT target_type=call_site elapsed_min=195.2 files_done=176 resolved=9711 errors=7652 current=src/PIL/ImageGrab.py
[2026-09-18T12:22:43Z] [iter=1] HEARTBEAT target_type=call_site elapsed_min=195.7 files_done=177 resolved=9746 errors=7672 current=src/PIL/ImageDraw2.py
[2026-09-18T12:23:34Z] [iter=1] HEARTBEAT target_type=call_site elapsed_min=196.5 files_done=179 resolved=9761 errors=7706 current=Tests/test_file_pcd.py
[2026-09-18T12:24:10Z] [iter=1] HEARTBEAT target_type=call_site elapsed_min=197.1 files_done=182 resolved=9797 errors=7730 current=Tests/conftest.py
[2026-09-18T12:25:58Z] [iter=1] HEARTBEAT target_type=call_site elapsed_min=198.9 files_done=185 resolved=9822 errors=7802 current=Tests/test_file_gribstub.py
[2026-09-18T12:26:30Z] [iter=1] HEARTBEAT target_type=call_site elapsed_min=199.5 files_done=187 resolved=9834 errors=7823 current=Tests/test_box_blur.py
[2026-09-18T12:27:45Z] [iter=1] HEARTBEAT target_type=call_site elapsed_min=200.7 files_done=188 resolved=9848 errors=7873 current=Tests/test_image_fromqimage.py
[2026-09-18T12:28:16Z] [iter=1] HEARTBEAT target_type=call_site elapsed_min=201.2 files_done=189 resolved=9853 errors=7894 current=Tests/test_tiff_ifdrational.py
[2026-09-18T12:29:06Z] [iter=1] HEARTBEAT target_type=call_site elapsed_min=202.1 files_done=191 resolved=9892 errors=7927 current=Tests/test_imageenhance.py
[2026-09-18T12:30:42Z] [iter=1] HEARTBEAT target_type=call_site elapsed_min=203.7 files_done=195 resolved=9998 errors=7990 current=src/PIL/FitsImagePlugin.py
[2026-09-18T12:32:09Z] [iter=1] HEARTBEAT target_type=call_site elapsed_min=205.1 files_done=199 resolved=10100 errors=8048 current=Tests/test_file_fli.py
[2026-09-18T12:33:03Z] [iter=1] HEARTBEAT target_type=call_site elapsed_min=206.0 files_done=200 resolved=10134 errors=8084 current=src/PIL/GimpGradientFile.py
[2026-09-18T12:33:46Z] [iter=1] HEARTBEAT target_type=call_site elapsed_min=206.7 files_done=202 resolved=10156 errors=8112 current=src/PIL/SunImagePlugin.py
[2026-09-18T12:34:22Z] [iter=1] HEARTBEAT target_type=call_site elapsed_min=207.3 files_done=206 resolved=10203 errors=8136 current=Tests/test_image_tobitmap.py
[2026-09-18T12:34:55Z] [iter=1] HEARTBEAT target_type=call_site elapsed_min=207.9 files_done=209 resolved=10212 errors=8158 current=Tests/test_image_copy.py
[2026-09-18T12:35:44Z] [iter=1] HEARTBEAT target_type=call_site elapsed_min=208.7 files_done=211 resolved=10223 errors=8191 current=src/PIL/BdfFontFile.py
[2026-09-18T12:36:20Z] [iter=1] HEARTBEAT target_type=call_site elapsed_min=209.3 files_done=214 resolved=10268 errors=8215 current=Tests/test_imagewin_pointers.py
[2026-09-18T12:36:50Z] [iter=1] HEARTBEAT target_type=call_site elapsed_min=209.8 files_done=216 resolved=10296 errors=8235 current=checks/check_png_dos.py
[2026-09-18T12:37:28Z] [iter=1] HEARTBEAT target_type=call_site elapsed_min=210.4 files_done=219 resolved=10328 errors=8260 current=Tests/test_file_ftex.py
[2026-09-18T12:38:10Z] [iter=1] HEARTBEAT target_type=call_site elapsed_min=211.1 files_done=221 resolved=10347 errors=8288 current=src/PIL/ImageWin.py
[2026-09-18T12:38:48Z] [iter=1] HEARTBEAT target_type=call_site elapsed_min=211.8 files_done=222 resolved=10361 errors=8313 current=Tests/test_lib_image.py
[2026-09-18T12:39:33Z] [iter=1] HEARTBEAT target_type=call_site elapsed_min=212.5 files_done=225 resolved=10405 errors=8343 current=src/PIL/ImtImagePlugin.py
[2026-09-18T12:40:16Z] [iter=1] HEARTBEAT target_type=call_site elapsed_min=213.2 files_done=228 resolved=10437 errors=8372 current=Tests/test_file_fits.py
[2026-09-18T12:40:54Z] [iter=1] HEARTBEAT target_type=call_site elapsed_min=213.9 files_done=232 resolved=10459 errors=8397 current=checks/check_jp2_overflow.py
[2026-09-18T12:42:22Z] [iter=1] HEARTBEAT target_type=call_site elapsed_min=215.3 files_done=237 resolved=10492 errors=8456 current=src/PIL/PixarImagePlugin.py
[2026-09-18T12:43:24Z] [iter=1] HEARTBEAT target_type=call_site elapsed_min=216.4 files_done=239 resolved=10521 errors=8496 current=Tests/test_imageqt.py
[2026-09-18T12:44:27Z] [iter=1] HEARTBEAT target_type=call_site elapsed_min=217.4 files_done=244 resolved=10545 errors=8538 current=Tests/test_font_pcf_charsets.py
[2026-09-18T12:44:57Z] [iter=1] HEARTBEAT target_type=call_site elapsed_min=217.9 files_done=247 resolved=10589 errors=8558 current=Tests/test_font_leaks.py
[2026-09-18T12:45:30Z] [iter=1] HEARTBEAT target_type=call_site elapsed_min=218.5 files_done=253 resolved=10690 errors=8580 current=selftest.py
[2026-09-18T12:46:06Z] [iter=1] HEARTBEAT target_type=call_site elapsed_min=219.1 files_done=258 resolved=10724 errors=8604 current=Tests/createfontdatachunk.py
[2026-09-18T12:46:50Z] [iter=1] HEARTBEAT target_type=call_site elapsed_min=219.8 files_done=264 resolved=10776 errors=8633 current=checks/check_j2k_dos.py
[2026-09-18T12:47:24Z] [iter=1] HEARTBEAT target_type=call_site elapsed_min=220.4 files_done=268 resolved=10789 errors=8656 current=docs/example/anchors.py
[2026-09-18T12:47:56Z] [iter=1] HEARTBEAT target_type=call_site elapsed_min=220.9 files_done=274 resolved=10819 errors=8677 current=src/PIL/_tkinter_finder.py
[2026-09-18T12:48:29Z] [iter=1] HEARTBEAT target_type=call_site elapsed_min=221.4 files_done=282 resolved=10841 errors=8699 current=src/PIL/ImageTransform.py
[2026-09-18T12:49:57Z] [iter=1] HEARTBEAT target_type=call_site elapsed_min=222.9 files_done=290 resolved=10860 errors=8756 current=src/libImaging/FliDecode.c
[2026-09-18T12:50:39Z] [iter=1] HEARTBEAT target_type=call_site elapsed_min=223.6 files_done=291 resolved=10860 errors=8784 current=src/libImaging/Jpeg2KDecode.c
[2026-09-18T12:55:01Z] [iter=1] HEARTBEAT target_type=call_site elapsed_min=228.0 files_done=294 resolved=10865 errors=8959 current=src/libImaging/Paste.c
[2026-09-18T12:56:50Z] [iter=1] HEARTBEAT target_type=call_site elapsed_min=229.8 files_done=295 resolved=10865 errors=9032 current=src/_imagingft.c
[2026-09-18T12:59:46Z] [iter=1] HEARTBEAT target_type=call_site elapsed_min=232.7 files_done=296 resolved=10870 errors=9150 current=src/encode.c
[2026-09-18T13:01:32Z] [iter=1] HEARTBEAT target_type=call_site elapsed_min=234.5 files_done=297 resolved=10918 errors=9221 current=src/_imaging.c
[2026-09-18T13:07:04Z] [iter=1] CHECKPOINT TRIGGERED elapsed_min=240.0 files_completed=297 new_files_this_iter=297 mem_mb=997 MB
[2026-09-18T13:07:04Z] [iter=1] Writing partial enrichment graph path=/home/runner/work/forx/forx/storage/aggregate/lsp/5158d98c807e719c5938aa3886913ef0ea6814e9.nq.gz triples=127869
[2026-09-18T13:07:06Z] [iter=1] Checkpoint written, exiting with code 7
[2026-09-18T13:07:06Z] [iter=1] PHASE END: enrich (checkpointed) elapsed_s=14401 elapsed_min=240.0 files_completed=297
