[2026-09-20T15:09:22Z] === ENRICH ITERATION 1 START | repo=python-pillow/Pillow sha=5c89d88e ===
[2026-09-20T15:09:22Z] [iter=1] PHASE START: enrich repo=python-pillow/Pillow sha=5c89d88e runlog=/home/runner/work/forx/forx/storage/aggregate/lsp/logs/5c89d88e-enrich-iter-001.log output=/home/runner/work/forx/forx/storage/aggregate/lsp/5c89d88eee199ba53f64581ea39b6a1bc52feb1a.nq.gz
[2026-09-20T15:09:38Z] [iter=1] Step 1: Loading AST into disk-backed store mem_mb=80 MB
[2026-09-20T15:10:47Z] [iter=1] AST store loaded triples=3988917 load_secs=68 mem_mb=1010 MB
[2026-09-20T15:10:47Z] [iter=1] Step 2: Finding LSP targets mem_mb=1010 MB
[2026-09-20T15:10:54Z] [iter=1] LSP targets found call_sites=25985 imports=90 extends=2 implements=0 secs=7
[2026-09-20T15:10:59Z] [iter=1] Step 2.7: Building position index (one-shot, shared across resolvers) mem_mb=1010 MB
[2026-09-20T15:11:19Z] [iter=1] Position index built positions=266893 nodes_with_types=335531 secs=21 mem_mb=1010 MB
[2026-09-20T15:11:19Z] [iter=1] Step 3: Starting LSP resolution mem_mb=1010 MB already_completed_types=[] already_completed_files=0
[2026-09-20T15:11:19Z] [iter=1] Resolving target type target_type=call_site count=25985
[2026-09-20T15:11:22Z] [iter=1] HEARTBEAT target_type=call_site elapsed_min=2.0 files_done=0 resolved=0 errors=0 current=src/_imaging.c
[2026-09-20T15:20:13Z] [iter=1] HEARTBEAT target_type=call_site elapsed_min=10.9 files_done=1 resolved=3 errors=412 current=src/_imagingmorph.c
[2026-09-20T15:23:30Z] [iter=1] HEARTBEAT target_type=call_site elapsed_min=14.1 files_done=3 resolved=12 errors=565 current=src/map.c
[2026-09-20T15:24:55Z] [iter=1] HEARTBEAT target_type=call_site elapsed_min=15.6 files_done=6 resolved=66 errors=631 current=src/path.c
[2026-09-20T15:25:35Z] [iter=1] HEARTBEAT target_type=call_site elapsed_min=16.2 files_done=7 resolved=71 errors=662 current=src/_imagingft.c
[2026-09-20T15:28:09Z] [iter=1] HEARTBEAT target_type=call_site elapsed_min=18.8 files_done=8 resolved=79 errors=781 current=src/_webp.c
[2026-09-20T15:29:39Z] [iter=1] HEARTBEAT target_type=call_site elapsed_min=20.3 files_done=10 resolved=91 errors=851 current=src/libImaging/Resample.c
[2026-09-20T15:31:32Z] [iter=1] HEARTBEAT target_type=call_site elapsed_min=22.2 files_done=11 resolved=95 errors=939 current=src/libImaging/PcdDecode.c
[2026-09-20T15:32:46Z] [iter=1] HEARTBEAT target_type=call_site elapsed_min=23.4 files_done=16 resolved=145 errors=996 current=src/libImaging/Geometry.c
[2026-09-20T15:36:02Z] [iter=1] HEARTBEAT target_type=call_site elapsed_min=26.7 files_done=17 resolved=145 errors=1149 current=src/libImaging/Quant.c
[2026-09-20T15:38:32Z] [iter=1] HEARTBEAT target_type=call_site elapsed_min=29.2 files_done=18 resolved=328 errors=1265 current=src/libImaging/Draw.c
[2026-09-20T15:42:01Z] [iter=1] HEARTBEAT target_type=call_site elapsed_min=32.7 files_done=19 resolved=371 errors=1428 current=src/libImaging/Storage.c
[2026-09-20T15:43:11Z] [iter=1] HEARTBEAT target_type=call_site elapsed_min=33.8 files_done=20 resolved=397 errors=1482 current=src/libImaging/Filter.c
[2026-09-20T15:46:22Z] [iter=1] HEARTBEAT target_type=call_site elapsed_min=37.0 files_done=21 resolved=397 errors=1631 current=src/libImaging/TiffDecode.c
[2026-09-20T15:48:11Z] [iter=1] HEARTBEAT target_type=call_site elapsed_min=38.8 files_done=23 resolved=409 errors=1716 current=src/libImaging/ColorLUT.c
[2026-09-20T15:48:51Z] [iter=1] HEARTBEAT target_type=call_site elapsed_min=39.5 files_done=24 resolved=409 errors=1747 current=src/libImaging/BcnDecode.c
[2026-09-20T15:50:51Z] [iter=1] HEARTBEAT target_type=call_site elapsed_min=41.5 files_done=25 resolved=409 errors=1840 current=src/decode.c
[2026-09-20T15:52:23Z] [iter=1] HEARTBEAT target_type=call_site elapsed_min=43.0 files_done=26 resolved=415 errors=1912 current=src/libImaging/Reduce.c
[2026-09-20T15:54:56Z] [iter=1] HEARTBEAT target_type=call_site elapsed_min=45.6 files_done=27 resolved=415 errors=2031 current=src/libImaging/UnpackYCC.c
[2026-09-20T15:59:46Z] [iter=1] HEARTBEAT target_type=call_site elapsed_min=50.4 files_done=29 resolved=415 errors=2257 current=src/Tk/tkImaging.c
[2026-09-20T16:00:33Z] [iter=1] HEARTBEAT target_type=call_site elapsed_min=51.2 files_done=30 resolved=427 errors=2293 current=src/_imagingtk.c
[2026-09-20T16:01:13Z] [iter=1] HEARTBEAT target_type=call_site elapsed_min=51.8 files_done=32 resolved=427 errors=2324 current=src/libImaging/Jpeg2KDecode.c
[2026-09-20T16:03:01Z] [iter=1] HEARTBEAT target_type=call_site elapsed_min=53.6 files_done=35 resolved=465 errors=2408 current=src/libImaging/Unpack.c
[2026-09-20T16:05:58Z] [iter=1] HEARTBEAT target_type=call_site elapsed_min=56.6 files_done=36 resolved=465 errors=2546 current=src/libImaging/Effects.c
[2026-09-20T16:06:53Z] [iter=1] HEARTBEAT target_type=call_site elapsed_min=57.5 files_done=38 resolved=467 errors=2589 current=src/libImaging/QuantHeap.c
[2026-09-20T16:07:24Z] [iter=1] HEARTBEAT target_type=call_site elapsed_min=58.0 files_done=41 resolved=494 errors=2613 current=src/_imagingmath.c
[2026-09-20T16:08:25Z] [iter=1] HEARTBEAT target_type=call_site elapsed_min=59.0 files_done=42 resolved=495 errors=2660 current=src/libImaging/QuantHash.c
[2026-09-20T16:09:29Z] [iter=1] HEARTBEAT target_type=call_site elapsed_min=60.1 files_done=44 resolved=512 errors=2710 current=src/libImaging/Paste.c
[2026-09-20T16:11:14Z] [iter=1] HEARTBEAT target_type=call_site elapsed_min=61.9 files_done=45 resolved=512 errors=2791 current=src/libImaging/GifEncode.c
[2026-09-20T16:11:48Z] [iter=1] HEARTBEAT target_type=call_site elapsed_min=62.4 files_done=47 resolved=512 errors=2818 current=src/libImaging/TgaRleEncode.c
[2026-09-20T16:12:27Z] [iter=1] HEARTBEAT target_type=call_site elapsed_min=63.1 files_done=49 resolved=519 errors=2848 current=src/libImaging/RankFilter.c
[2026-09-20T16:13:06Z] [iter=1] HEARTBEAT target_type=call_site elapsed_min=63.7 files_done=51 resolved=519 errors=2878 current=src/libImaging/Bands.c
[2026-09-20T16:14:04Z] [iter=1] HEARTBEAT target_type=call_site elapsed_min=64.7 files_done=52 resolved=519 errors=2923 current=src/libImaging/FliDecode.c
[2026-09-20T16:14:40Z] [iter=1] HEARTBEAT target_type=call_site elapsed_min=65.3 files_done=53 resolved=519 errors=2951 current=src/libImaging/AlphaComposite.c
[2026-09-20T16:15:24Z] [iter=1] HEARTBEAT target_type=call_site elapsed_min=66.0 files_done=58 resolved=537 errors=2985 current=src/libImaging/Pack.c
[2026-09-20T16:16:15Z] [iter=1] HEARTBEAT target_type=call_site elapsed_min=66.9 files_done=62 resolved=537 errors=3025 current=src/libImaging/JpegDecode.c
[2026-09-20T16:16:51Z] [iter=1] HEARTBEAT target_type=call_site elapsed_min=67.5 files_done=66 resolved=554 errors=3053 current=src/libImaging/BitDecode.c
[2026-09-20T16:17:33Z] [iter=1] HEARTBEAT target_type=call_site elapsed_min=68.2 files_done=72 resolved=563 errors=3085 current=src/libImaging/PcxEncode.c
[2026-09-20T16:18:04Z] [iter=1] HEARTBEAT target_type=call_site elapsed_min=68.7 files_done=81 resolved=563 errors=3109 current=src/libImaging/PcxDecode.c
[2026-09-20T16:22:12Z] [iter=1] HEARTBEAT target_type=call_site elapsed_min=72.8 files_done=83 resolved=712 errors=3291 current=Tests/test_file_tiff_metadata.py
[2026-09-20T16:24:01Z] [iter=1] HEARTBEAT target_type=call_site elapsed_min=74.7 files_done=85 resolved=859 errors=3374 current=Tests/test_file_apng.py
[2026-09-20T16:25:07Z] [iter=1] HEARTBEAT target_type=call_site elapsed_min=75.7 files_done=87 resolved=1067 errors=3420 current=Tests/test_imagemath_lambda_eval.py
[2026-09-20T16:27:44Z] [iter=1] HEARTBEAT target_type=call_site elapsed_min=78.4 files_done=88 resolved=1178 errors=3542 current=Tests/oss-fuzz/fuzz_font.py
[2026-09-20T16:28:31Z] [iter=1] HEARTBEAT target_type=call_site elapsed_min=79.2 files_done=90 resolved=1228 errors=3578 current=src/PIL/WebPImagePlugin.py
[2026-09-20T16:29:05Z] [iter=1] HEARTBEAT target_type=call_site elapsed_min=79.7 files_done=92 resolved=1281 errors=3602 current=Tests/test_file_libtiff.py
[2026-09-20T16:31:15Z] [iter=1] HEARTBEAT target_type=call_site elapsed_min=81.9 files_done=93 resolved=1519 errors=3700 current=Tests/test_imagefont.py
[2026-09-20T16:32:24Z] [iter=1] HEARTBEAT target_type=call_site elapsed_min=83.0 files_done=94 resolved=1795 errors=3752 current=winbuild/build_prepare.py
[2026-09-20T16:33:46Z] [iter=1] HEARTBEAT target_type=call_site elapsed_min=84.4 files_done=95 resolved=1936 errors=3811 current=Tests/test_imagedraw.py
[2026-09-20T16:36:34Z] [iter=1] HEARTBEAT target_type=call_site elapsed_min=87.2 files_done=96 resolved=2290 errors=3939 current=Tests/helper.py
[2026-09-20T16:40:21Z] [iter=1] HEARTBEAT target_type=call_site elapsed_min=91.0 files_done=99 resolved=2616 errors=4111 current=Tests/test_file_png.py
[2026-09-20T16:42:28Z] [iter=1] HEARTBEAT target_type=call_site elapsed_min=93.1 files_done=100 resolved=2811 errors=4207 current=Tests/test_imageops.py
[2026-09-20T16:44:23Z] [iter=1] HEARTBEAT target_type=call_site elapsed_min=95.0 files_done=101 resolved=2983 errors=4295 current=src/PIL/ImageColor.py
[2026-09-20T16:45:21Z] [iter=1] HEARTBEAT target_type=call_site elapsed_min=96.0 files_done=103 resolved=3086 errors=4336 current=Tests/test_format_lab.py
[2026-09-20T16:47:44Z] [iter=1] HEARTBEAT target_type=call_site elapsed_min=98.4 files_done=106 resolved=3503 errors=4441 current=Tests/test_numpy.py
[2026-09-20T16:48:47Z] [iter=1] HEARTBEAT target_type=call_site elapsed_min=99.4 files_done=107 resolved=3549 errors=4488 current=src/PIL/Image.py
[2026-09-20T16:55:41Z] [iter=1] HEARTBEAT target_type=call_site elapsed_min=106.3 files_done=108 resolved=3895 errors=4795 current=Tests/test_image_rotate.py
[2026-09-20T16:56:12Z] [iter=1] HEARTBEAT target_type=call_site elapsed_min=106.8 files_done=109 resolved=3923 errors=4819 current=Tests/test_file_jpeg2k.py
[2026-09-20T16:56:57Z] [iter=1] HEARTBEAT target_type=call_site elapsed_min=107.6 files_done=110 resolved=3996 errors=4853 current=Tests/test_file_psd.py
[2026-09-20T16:58:48Z] [iter=1] HEARTBEAT target_type=call_site elapsed_min=109.4 files_done=112 resolved=4128 errors=4937 current=src/PIL/GifImagePlugin.py
[2026-09-20T17:02:12Z] [iter=1] HEARTBEAT target_type=call_site elapsed_min=112.8 files_done=113 resolved=4211 errors=5085 current=Tests/test_file_eps.py
[2026-09-20T17:03:16Z] [iter=1] HEARTBEAT target_type=call_site elapsed_min=113.9 files_done=115 resolved=4368 errors=5133 current=Tests/test_mode_i16.py
[2026-09-20T17:04:48Z] [iter=1] HEARTBEAT target_type=call_site elapsed_min=115.4 files_done=117 resolved=4688 errors=5203 current=Tests/test_imagepath.py
[2026-09-20T17:05:22Z] [iter=1] HEARTBEAT target_type=call_site elapsed_min=116.0 files_done=119 resolved=4779 errors=5229 current=Tests/test_image_access.py
[2026-09-20T17:06:13Z] [iter=1] HEARTBEAT target_type=call_site elapsed_min=116.9 files_done=120 resolved=4879 errors=5268 current=src/PIL/ImageSequence.py
[2026-09-20T17:06:49Z] [iter=1] HEARTBEAT target_type=call_site elapsed_min=117.4 files_done=122 resolved=4949 errors=5295 current=Tests/test_file_webp_alpha.py
[2026-09-20T17:07:20Z] [iter=1] HEARTBEAT target_type=call_site elapsed_min=118.0 files_done=126 resolved=5140 errors=5318 current=Tests/test_imagemath_unsafe_eval.py
[2026-09-20T17:09:25Z] [iter=1] HEARTBEAT target_type=call_site elapsed_min=120.1 files_done=127 resolved=5253 errors=5415 current=Tests/test_file_pdf.py
[2026-09-20T17:09:57Z] [iter=1] HEARTBEAT target_type=call_site elapsed_min=120.6 files_done=128 resolved=5368 errors=5439 current=src/PIL/ImageOps.py
[2026-09-20T17:11:02Z] [iter=1] HEARTBEAT target_type=call_site elapsed_min=121.7 files_done=129 resolved=5459 errors=5488 current=Tests/test_file_mpo.py
[2026-09-20T17:11:49Z] [iter=1] HEARTBEAT target_type=call_site elapsed_min=122.4 files_done=131 resolved=5529 errors=5522 current=src/PIL/PalmImagePlugin.py
[2026-09-20T17:12:23Z] [iter=1] HEARTBEAT target_type=call_site elapsed_min=123.0 files_done=132 resolved=5540 errors=5548 current=src/PIL/TiffImagePlugin.py
[2026-09-20T17:16:15Z] [iter=1] HEARTBEAT target_type=call_site elapsed_min=126.9 files_done=133 resolved=5872 errors=5718 current=src/PIL/PdfImagePlugin.py
[2026-09-20T17:17:20Z] [iter=1] HEARTBEAT target_type=call_site elapsed_min=128.0 files_done=134 resolved=5891 errors=5767 current=src/PIL/PcfFontFile.py
[2026-09-20T17:18:24Z] [iter=1] HEARTBEAT target_type=call_site elapsed_min=129.0 files_done=135 resolved=5951 errors=5816 current=src/PIL/ImageShow.py
[2026-09-20T17:20:12Z] [iter=1] HEARTBEAT target_type=call_site elapsed_min=130.8 files_done=137 resolved=6022 errors=5899 current=Tests/test_file_dds.py
[2026-09-20T17:21:55Z] [iter=1] HEARTBEAT target_type=call_site elapsed_min=132.5 files_done=139 resolved=6465 errors=5974 current=src/PIL/PSDraw.py
[2026-09-20T17:22:45Z] [iter=1] HEARTBEAT target_type=call_site elapsed_min=133.4 files_done=141 resolved=6522 errors=6012 current=Tests/test_file_tiff.py
[2026-09-20T17:23:37Z] [iter=1] HEARTBEAT target_type=call_site elapsed_min=134.3 files_done=142 resolved=6708 errors=6050 current=Tests/test_image_quantize.py
[2026-09-20T17:24:36Z] [iter=1] HEARTBEAT target_type=call_site elapsed_min=135.2 files_done=144 resolved=6832 errors=6095 current=src/PIL/BlpImagePlugin.py
[2026-09-20T17:25:50Z] [iter=1] HEARTBEAT target_type=call_site elapsed_min=136.5 files_done=145 resolved=6893 errors=6150 current=Tests/test_image_paste.py
[2026-09-20T17:26:21Z] [iter=1] HEARTBEAT target_type=call_site elapsed_min=137.0 files_done=147 resolved=6980 errors=6173 current=Tests/test_color_lut.py
[2026-09-20T17:27:06Z] [iter=1] HEARTBEAT target_type=call_site elapsed_min=137.7 files_done=148 resolved=7135 errors=6207 current=Tests/test_file_gribstub.py
[2026-09-20T17:27:43Z] [iter=1] HEARTBEAT target_type=call_site elapsed_min=138.4 files_done=151 resolved=7187 errors=6235 current=Tests/test_imagetk.py
[2026-09-20T17:28:15Z] [iter=1] HEARTBEAT target_type=call_site elapsed_min=138.9 files_done=153 resolved=7220 errors=6259 current=Tests/test_file_blp.py
[2026-09-20T17:29:10Z] [iter=1] HEARTBEAT target_type=call_site elapsed_min=139.8 files_done=155 resolved=7296 errors=6301 current=Tests/test_lib_pack.py
[2026-09-20T17:36:05Z] [iter=1] HEARTBEAT target_type=call_site elapsed_min=146.7 files_done=156 resolved=7313 errors=6623 current=Tests/test_imageqt.py
[2026-09-20T17:36:39Z] [iter=1] HEARTBEAT target_type=call_site elapsed_min=147.3 files_done=158 resolved=7326 errors=6649 current=Tests/test_decompression_bomb.py
[2026-09-20T17:39:12Z] [iter=1] HEARTBEAT target_type=call_site elapsed_min=149.8 files_done=160 resolved=7487 errors=6767 current=Tests/test_bmp_reference.py
[2026-09-20T17:40:57Z] [iter=1] HEARTBEAT target_type=call_site elapsed_min=151.6 files_done=165 resolved=7548 errors=6848 current=Tests/test_map.py
[2026-09-20T17:41:46Z] [iter=1] HEARTBEAT target_type=call_site elapsed_min=152.4 files_done=167 resolved=7590 errors=6886 current=Tests/test_file_cur.py
[2026-09-20T17:43:30Z] [iter=1] HEARTBEAT target_type=call_site elapsed_min=154.1 files_done=170 resolved=7871 errors=6965 current=Tests/check_png_dos.py
[2026-09-20T17:46:30Z] [iter=1] HEARTBEAT target_type=call_site elapsed_min=157.1 files_done=172 resolved=8088 errors=7102 current=src/PIL/ImageChops.py
[2026-09-20T17:48:00Z] [iter=1] HEARTBEAT target_type=call_site elapsed_min=158.6 files_done=173 resolved=8088 errors=7172 current=src/PIL/ImageWin.py
[2026-09-20T17:48:51Z] [iter=1] HEARTBEAT target_type=call_site elapsed_min=159.5 files_done=176 resolved=8195 errors=7211 current=Tests/test_binary.py
[2026-09-20T17:49:34Z] [iter=1] HEARTBEAT target_type=call_site elapsed_min=160.2 files_done=178 resolved=8248 errors=7243 current=src/PIL/ImageTk.py
[2026-09-20T17:50:04Z] [iter=1] HEARTBEAT target_type=call_site elapsed_min=160.7 files_done=180 resolved=8291 errors=7265 current=_custom_build/backend.py
[2026-09-20T17:50:45Z] [iter=1] HEARTBEAT target_type=call_site elapsed_min=161.4 files_done=183 resolved=8347 errors=7296 current=src/PIL/_binary.py
[2026-09-20T17:51:22Z] [iter=1] HEARTBEAT target_type=call_site elapsed_min=162.0 files_done=189 resolved=8490 errors=7324 current=Tests/test_features.py
[2026-09-20T17:51:55Z] [iter=1] HEARTBEAT target_type=call_site elapsed_min=162.5 files_done=191 resolved=8550 errors=7349 current=Tests/oss-fuzz/fuzzers.py
[2026-09-20T17:52:45Z] [iter=1] HEARTBEAT target_type=call_site elapsed_min=163.4 files_done=195 resolved=8669 errors=7387 current=src/PIL/ImageQt.py
[2026-09-20T17:53:16Z] [iter=1] HEARTBEAT target_type=call_site elapsed_min=163.9 files_done=197 resolved=8709 errors=7410 current=Tests/test_file_webp.py
[2026-09-20T17:53:50Z] [iter=1] HEARTBEAT target_type=call_site elapsed_min=164.5 files_done=199 resolved=8776 errors=7436 current=Tests/test_image_fromqimage.py
[2026-09-20T17:56:15Z] [iter=1] HEARTBEAT target_type=call_site elapsed_min=166.9 files_done=201 resolved=8781 errors=7548 current=Tests/test_imagegrab.py
[2026-09-20T17:56:50Z] [iter=1] HEARTBEAT target_type=call_site elapsed_min=167.5 files_done=204 resolved=8894 errors=7573 current=src/PIL/MicImagePlugin.py
[2026-09-20T17:58:27Z] [iter=1] HEARTBEAT target_type=call_site elapsed_min=169.1 files_done=207 resolved=8953 errors=7647 current=Tests/test_image_copy.py
[2026-09-20T17:59:02Z] [iter=1] HEARTBEAT target_type=call_site elapsed_min=169.7 files_done=210 resolved=8997 errors=7674 current=src/PIL/FtexImagePlugin.py
[2026-09-20T17:59:45Z] [iter=1] HEARTBEAT target_type=call_site elapsed_min=170.4 files_done=213 resolved=9153 errors=7707 current=src/PIL/ImageMorph.py
[2026-09-20T18:00:44Z] [iter=1] HEARTBEAT target_type=call_site elapsed_min=171.4 files_done=215 resolved=9253 errors=7751 current=Tests/test_image_getpalette.py
[2026-09-20T18:01:35Z] [iter=1] HEARTBEAT target_type=call_site elapsed_min=172.2 files_done=217 resolved=9300 errors=7790 current=Tests/test_psdraw.py
[2026-09-20T18:02:10Z] [iter=1] HEARTBEAT target_type=call_site elapsed_min=172.8 files_done=220 resolved=9344 errors=7817 current=Tests/test_tiff_ifdrational.py
[2026-09-20T18:03:37Z] [iter=1] HEARTBEAT target_type=call_site elapsed_min=174.2 files_done=223 resolved=9501 errors=7880 current=Tests/test_file_icns.py
[2026-09-20T18:04:14Z] [iter=1] HEARTBEAT target_type=call_site elapsed_min=174.9 files_done=227 resolved=9631 errors=7907 current=Tests/test_imagedraw2.py
[2026-09-20T18:05:02Z] [iter=1] HEARTBEAT target_type=call_site elapsed_min=175.7 files_done=229 resolved=9731 errors=7944 current=Tests/test_file_msp.py
[2026-09-20T18:05:37Z] [iter=1] HEARTBEAT target_type=call_site elapsed_min=176.3 files_done=232 resolved=9847 errors=7970 current=Tests/oss-fuzz/test_fuzzers.py
[2026-09-20T18:06:10Z] [iter=1] HEARTBEAT target_type=call_site elapsed_min=176.8 files_done=236 resolved=9890 errors=7995 current=Tests/test_file_qoi.py
[2026-09-20T18:06:48Z] [iter=1] HEARTBEAT target_type=call_site elapsed_min=177.4 files_done=241 resolved=9968 errors=8024 current=Tests/test_image_filter.py
[2026-09-20T18:07:40Z] [iter=1] HEARTBEAT target_type=call_site elapsed_min=178.3 files_done=248 resolved=10091 errors=8063 current=src/PIL/MpoImagePlugin.py
[2026-09-20T18:08:39Z] [iter=1] HEARTBEAT target_type=call_site elapsed_min=179.3 files_done=250 resolved=10155 errors=8108 current=Tests/test_image_point.py
[2026-09-20T18:09:10Z] [iter=1] HEARTBEAT target_type=call_site elapsed_min=179.8 files_done=256 resolved=10268 errors=8131 current=Tests/test_file_bufrstub.py
[2026-09-20T18:09:54Z] [iter=1] HEARTBEAT target_type=call_site elapsed_min=180.5 files_done=258 resolved=10310 errors=8164 current=Tests/test_qt_image_qapplication.py
[2026-09-20T18:10:25Z] [iter=1] HEARTBEAT target_type=call_site elapsed_min=181.0 files_done=262 resolved=10388 errors=8186 current=src/PIL/PyAccess.py
[2026-09-20T18:11:01Z] [iter=1] HEARTBEAT target_type=call_site elapsed_min=181.7 files_done=264 resolved=10428 errors=8214 current=src/PIL/QoiImagePlugin.py
[2026-09-20T18:11:50Z] [iter=1] HEARTBEAT target_type=call_site elapsed_min=182.5 files_done=266 resolved=10457 errors=8251 current=Tests/test_image_histogram.py
[2026-09-20T18:12:21Z] [iter=1] HEARTBEAT target_type=call_site elapsed_min=183.0 files_done=268 resolved=10477 errors=8275 current=src/PIL/MpegImagePlugin.py
[2026-09-20T18:13:15Z] [iter=1] HEARTBEAT target_type=call_site elapsed_min=183.9 files_done=270 resolved=10541 errors=8316 current=src/PIL/ImtImagePlugin.py
[2026-09-20T18:14:03Z] [iter=1] HEARTBEAT target_type=call_site elapsed_min=184.7 files_done=275 resolved=10616 errors=8352 current=Tests/test_image_getbbox.py
[2026-09-20T18:14:37Z] [iter=1] HEARTBEAT target_type=call_site elapsed_min=185.2 files_done=277 resolved=10629 errors=8378 current=src/PIL/MspImagePlugin.py
[2026-09-20T18:15:12Z] [iter=1] HEARTBEAT target_type=call_site elapsed_min=185.8 files_done=279 resolved=10657 errors=8405 current=src/PIL/CurImagePlugin.py
[2026-09-20T18:15:47Z] [iter=1] HEARTBEAT target_type=call_site elapsed_min=186.4 files_done=284 resolved=10731 errors=8431 current=src/PIL/PcxImagePlugin.py
[2026-09-20T18:16:31Z] [iter=1] HEARTBEAT target_type=call_site elapsed_min=187.2 files_done=285 resolved=10755 errors=8465 current=Tests/test_image_entropy.py
[2026-09-20T18:17:02Z] [iter=1] HEARTBEAT target_type=call_site elapsed_min=187.7 files_done=287 resolved=10806 errors=8489 current=src/PIL/McIdasImagePlugin.py
[2026-09-20T18:17:50Z] [iter=1] HEARTBEAT target_type=call_site elapsed_min=188.5 files_done=292 resolved=10891 errors=8525 current=src/PIL/_deprecate.py
[2026-09-20T18:18:22Z] [iter=1] HEARTBEAT target_type=call_site elapsed_min=189.0 files_done=300 resolved=10974 errors=8548 current=Tests/test_box_blur.py
[2026-09-20T18:18:58Z] [iter=1] HEARTBEAT target_type=call_site elapsed_min=189.6 files_done=301 resolved=11005 errors=8576 current=src/PIL/GdImageFile.py
[2026-09-20T18:19:41Z] [iter=1] HEARTBEAT target_type=call_site elapsed_min=190.3 files_done=306 resolved=11074 errors=8609 current=Tests/check_jp2_overflow.py
[2026-09-20T18:20:21Z] [iter=1] HEARTBEAT target_type=call_site elapsed_min=191.0 files_done=311 resolved=11114 errors=8640 current=src/PIL/PcdImagePlugin.py
[2026-09-20T18:21:08Z] [iter=1] HEARTBEAT target_type=call_site elapsed_min=191.8 files_done=317 resolved=11161 errors=8675 current=Tests/test_imageshow.py
[2026-09-20T18:21:42Z] [iter=1] HEARTBEAT target_type=call_site elapsed_min=192.3 files_done=328 resolved=11258 errors=8701 current=Tests/test_util.py
[2026-09-20T18:22:14Z] [iter=1] HEARTBEAT target_type=call_site elapsed_min=192.9 files_done=334 resolved=11293 errors=8726 current=Tests/check_fli_overflow.py
[2026-09-20T18:22:48Z] [iter=1] HEARTBEAT target_type=call_site elapsed_min=193.4 files_done=348 resolved=11344 errors=8752 current=Tests/test_file_gd.py
[2026-09-20T18:23:13Z] [iter=1] Target type resolved target_type=call_site resolved=11387 errors=8768 secs=11514 mem_mb=1010 MB
[2026-09-20T18:23:13Z] [iter=1] Resolving target type target_type=import_statement count=90
[2026-09-20T18:23:16Z] [iter=1] Target type resolved target_type=import_statement resolved=73 errors=0 secs=2 mem_mb=1010 MB
[2026-09-20T18:23:16Z] [iter=1] Resolving target type target_type=extends_clause count=2
[2026-09-20T18:23:17Z] [iter=1] Target type resolved target_type=extends_clause resolved=2 errors=0 secs=1 mem_mb=1010 MB
[2026-09-20T18:23:35Z] [iter=1] Step 5: Writing final enrichment file triples=186265
[2026-09-20T18:23:39Z] [iter=1] Enrichment file written path=/home/runner/work/forx/forx/storage/aggregate/lsp/5c89d88eee199ba53f64581ea39b6a1bc52feb1a.nq.gz size_kb=3967
[2026-09-20T18:23:39Z] [iter=1] PHASE END: enrich elapsed_s=11657 elapsed_min=194.3 total_triples=186265
