[2026-09-19T03:37:18Z] === ENRICH ITERATION 1 START | repo=python-pillow/Pillow sha=693df7b4 ===
[2026-09-19T03:37:18Z] [iter=1] PHASE START: enrich repo=python-pillow/Pillow sha=693df7b4 runlog=/home/runner/work/forx/forx/storage/aggregate/lsp/logs/693df7b4-enrich-iter-001.log output=/home/runner/work/forx/forx/storage/aggregate/lsp/693df7b42c666f88c719f9973be0ad71607328e0.nq.gz
[2026-09-19T03:37:36Z] [iter=1] Step 1: Loading AST into disk-backed store mem_mb=79 MB
[2026-09-19T03:38:17Z] [iter=1] AST store loaded triples=4502604 load_secs=40 mem_mb=1017 MB
[2026-09-19T03:38:17Z] [iter=1] Step 2: Finding LSP targets mem_mb=1017 MB
[2026-09-19T03:38:26Z] [iter=1] LSP targets found call_sites=28587 imports=542 extends=54 implements=0 secs=8
[2026-09-19T03:38:32Z] [iter=1] Step 2.7: Building position index (one-shot, shared across resolvers) mem_mb=1017 MB
[2026-09-19T03:39:00Z] [iter=1] Position index built positions=293324 nodes_with_types=369119 secs=29 mem_mb=1017 MB
[2026-09-19T03:39:00Z] [iter=1] Step 3: Starting LSP resolution mem_mb=1017 MB already_completed_types=[] already_completed_files=0
[2026-09-19T03:39:00Z] [iter=1] Resolving target type target_type=call_site count=28587
[2026-09-19T03:39:02Z] [iter=1] HEARTBEAT target_type=call_site elapsed_min=1.7 files_done=0 resolved=0 errors=0 current=src/thirdparty/pythoncapi_compat.h
[2026-09-19T03:40:24Z] [iter=1] HEARTBEAT target_type=call_site elapsed_min=3.1 files_done=1 resolved=13 errors=43 current=src/libImaging/BoxBlur.c
[2026-09-19T03:42:26Z] [iter=1] HEARTBEAT target_type=call_site elapsed_min=5.1 files_done=2 resolved=13 errors=108 current=src/libImaging/Draw.c
[2026-09-19T03:47:17Z] [iter=1] HEARTBEAT target_type=call_site elapsed_min=10.0 files_done=3 resolved=60 errors=263 current=src/_webp.c
[2026-09-19T03:48:34Z] [iter=1] HEARTBEAT target_type=call_site elapsed_min=11.3 files_done=4 resolved=61 errors=304 current=src/_imagingmath.c
[2026-09-19T03:50:05Z] [iter=1] HEARTBEAT target_type=call_site elapsed_min=12.8 files_done=5 resolved=62 errors=352 current=src/libImaging/QuantHash.c
[2026-09-19T03:50:46Z] [iter=1] HEARTBEAT target_type=call_site elapsed_min=13.5 files_done=6 resolved=79 errors=374 current=src/libImaging/Paste.c
[2026-09-19T03:53:03Z] [iter=1] HEARTBEAT target_type=call_site elapsed_min=15.8 files_done=7 resolved=79 errors=447 current=src/libImaging/Filter.c
[2026-09-19T03:58:12Z] [iter=1] HEARTBEAT target_type=call_site elapsed_min=20.9 files_done=8 resolved=79 errors=611 current=src/thirdparty/raqm/raqm.c
[2026-09-19T04:02:46Z] [iter=1] HEARTBEAT target_type=call_site elapsed_min=25.5 files_done=9 resolved=88 errors=757 current=src/_imaging.c
[2026-09-19T04:17:05Z] [iter=1] HEARTBEAT target_type=call_site elapsed_min=39.8 files_done=10 resolved=91 errors=1213 current=src/decode.c
[2026-09-19T04:19:58Z] [iter=1] HEARTBEAT target_type=call_site elapsed_min=42.7 files_done=11 resolved=93 errors=1305 current=src/libImaging/Reduce.c
[2026-09-19T04:23:40Z] [iter=1] HEARTBEAT target_type=call_site elapsed_min=46.4 files_done=12 resolved=93 errors=1421 current=src/thirdparty/fribidi-shim/fribidi.c
[2026-09-19T04:27:51Z] [iter=1] HEARTBEAT target_type=call_site elapsed_min=50.6 files_done=14 resolved=99 errors=1554 current=src/libImaging/Geometry.c
[2026-09-19T04:32:22Z] [iter=1] HEARTBEAT target_type=call_site elapsed_min=55.1 files_done=15 resolved=99 errors=1697 current=src/libImaging/TiffDecode.c
[2026-09-19T04:35:01Z] [iter=1] HEARTBEAT target_type=call_site elapsed_min=57.7 files_done=17 resolved=172 errors=1781 current=src/libImaging/Quant.c
[2026-09-19T04:38:41Z] [iter=1] HEARTBEAT target_type=call_site elapsed_min=61.4 files_done=18 resolved=342 errors=1897 current=src/_imagingft.c
[2026-09-19T04:42:47Z] [iter=1] HEARTBEAT target_type=call_site elapsed_min=65.5 files_done=19 resolved=347 errors=2027 current=src/libImaging/Convert.c
[2026-09-19T04:48:10Z] [iter=1] HEARTBEAT target_type=call_site elapsed_min=70.9 files_done=20 resolved=347 errors=2198 current=src/display.c
[2026-09-19T04:48:45Z] [iter=1] HEARTBEAT target_type=call_site elapsed_min=71.4 files_done=22 resolved=350 errors=2216 current=src/libImaging/QuantOctree.c
[2026-09-19T04:50:15Z] [iter=1] HEARTBEAT target_type=call_site elapsed_min=73.0 files_done=23 resolved=371 errors=2264 current=src/libImaging/Palette.c
[2026-09-19T04:51:02Z] [iter=1] HEARTBEAT target_type=call_site elapsed_min=73.7 files_done=24 resolved=371 errors=2289 current=src/_imagingcms.c
[2026-09-19T04:53:11Z] [iter=1] HEARTBEAT target_type=call_site elapsed_min=75.9 files_done=25 resolved=371 errors=2357 current=src/_avif.c
[2026-09-19T04:54:06Z] [iter=1] HEARTBEAT target_type=call_site elapsed_min=76.8 files_done=26 resolved=371 errors=2386 current=src/encode.c
[2026-09-19T04:56:20Z] [iter=1] HEARTBEAT target_type=call_site elapsed_min=79.0 files_done=27 resolved=419 errors=2457 current=src/path.c
[2026-09-19T04:57:38Z] [iter=1] HEARTBEAT target_type=call_site elapsed_min=80.3 files_done=28 resolved=419 errors=2498 current=src/libImaging/GetBBox.c
[2026-09-19T04:58:17Z] [iter=1] HEARTBEAT target_type=call_site elapsed_min=81.0 files_done=29 resolved=419 errors=2519 current=src/libImaging/BcnDecode.c
[2026-09-19T05:01:11Z] [iter=1] HEARTBEAT target_type=call_site elapsed_min=83.9 files_done=30 resolved=419 errors=2611 current=src/libImaging/Arrow.c
[2026-09-19T05:02:48Z] [iter=1] HEARTBEAT target_type=call_site elapsed_min=85.5 files_done=31 resolved=431 errors=2662 current=src/_imagingmorph.c
[2026-09-19T05:06:12Z] [iter=1] HEARTBEAT target_type=call_site elapsed_min=88.9 files_done=36 resolved=444 errors=2770 current=src/libImaging/Effects.c
[2026-09-19T05:07:35Z] [iter=1] HEARTBEAT target_type=call_site elapsed_min=90.3 files_done=39 resolved=460 errors=2814 current=src/libImaging/Matrix.c
[2026-09-19T05:08:34Z] [iter=1] HEARTBEAT target_type=call_site elapsed_min=91.3 files_done=41 resolved=460 errors=2845 current=src/libImaging/Histo.c
[2026-09-19T05:09:36Z] [iter=1] HEARTBEAT target_type=call_site elapsed_min=92.3 files_done=42 resolved=460 errors=2878 current=src/libImaging/Bands.c
[2026-09-19T05:11:02Z] [iter=1] HEARTBEAT target_type=call_site elapsed_min=93.7 files_done=43 resolved=460 errors=2923 current=src/libImaging/Jpeg2KEncode.c
[2026-09-19T05:11:49Z] [iter=1] HEARTBEAT target_type=call_site elapsed_min=94.5 files_done=46 resolved=497 errors=2948 current=src/libImaging/RankFilter.c
[2026-09-19T05:12:19Z] [iter=1] HEARTBEAT target_type=call_site elapsed_min=95.0 files_done=47 resolved=497 errors=2964 current=src/libImaging/Jpeg2KDecode.c
[2026-09-19T05:13:18Z] [iter=1] HEARTBEAT target_type=call_site elapsed_min=96.0 files_done=50 resolved=511 errors=2995 current=src/libImaging/SgiRleDecode.c
[2026-09-19T05:13:52Z] [iter=1] HEARTBEAT target_type=call_site elapsed_min=96.6 files_done=51 resolved=511 errors=3013 current=src/libImaging/File.c
[2026-09-19T05:14:26Z] [iter=1] HEARTBEAT target_type=call_site elapsed_min=97.1 files_done=54 resolved=519 errors=3031 current=src/libImaging/BcnEncode.c
[2026-09-19T05:15:21Z] [iter=1] HEARTBEAT target_type=call_site elapsed_min=98.1 files_done=56 resolved=519 errors=3060 current=src/libImaging/RawDecode.c
[2026-09-19T05:16:33Z] [iter=1] HEARTBEAT target_type=call_site elapsed_min=99.3 files_done=60 resolved=529 errors=3098 current=src/libImaging/FliDecode.c
[2026-09-19T05:17:26Z] [iter=1] HEARTBEAT target_type=call_site elapsed_min=100.1 files_done=61 resolved=529 errors=3126 current=src/libImaging/QuantHeap.c
[2026-09-19T05:18:02Z] [iter=1] HEARTBEAT target_type=call_site elapsed_min=100.7 files_done=64 resolved=543 errors=3145 current=src/libImaging/PcxDecode.c
[2026-09-19T05:18:41Z] [iter=1] HEARTBEAT target_type=call_site elapsed_min=101.4 files_done=68 resolved=550 errors=3166 current=src/libImaging/AlphaComposite.c
[2026-09-19T05:19:15Z] [iter=1] HEARTBEAT target_type=call_site elapsed_min=102.0 files_done=71 resolved=550 errors=3184 current=src/libImaging/GifDecode.c
[2026-09-19T05:19:51Z] [iter=1] HEARTBEAT target_type=call_site elapsed_min=102.6 files_done=77 resolved=551 errors=3203 current=src/libImaging/SunRleDecode.c
[2026-09-19T05:20:23Z] [iter=1] HEARTBEAT target_type=call_site elapsed_min=103.1 files_done=86 resolved=555 errors=3219 current=src/PIL/PsdImagePlugin.py
[2026-09-19T05:22:40Z] [iter=1] HEARTBEAT target_type=call_site elapsed_min=105.4 files_done=87 resolved=593 errors=3291 current=src/PIL/ImageFilter.py
[2026-09-19T05:23:20Z] [iter=1] HEARTBEAT target_type=call_site elapsed_min=106.0 files_done=88 resolved=628 errors=3312 current=Tests/test_file_apng.py
[2026-09-19T05:24:15Z] [iter=1] HEARTBEAT target_type=call_site elapsed_min=107.0 files_done=91 resolved=875 errors=3337 current=src/PIL/ImageText.py
[2026-09-19T05:31:47Z] [iter=1] HEARTBEAT target_type=call_site elapsed_min=114.5 files_done=93 resolved=1140 errors=3572 current=Tests/test_imagecms.py
[2026-09-19T05:33:44Z] [iter=1] HEARTBEAT target_type=call_site elapsed_min=116.4 files_done=94 resolved=1308 errors=3633 current=Tests/test_mode_i16.py
[2026-09-19T05:35:04Z] [iter=1] HEARTBEAT target_type=call_site elapsed_min=117.8 files_done=95 resolved=1320 errors=3675 current=Tests/test_imagefont.py
[2026-09-19T05:36:59Z] [iter=1] HEARTBEAT target_type=call_site elapsed_min=119.7 files_done=96 resolved=1619 errors=3734 current=Tests/test_image_quantize.py
[2026-09-19T05:37:39Z] [iter=1] HEARTBEAT target_type=call_site elapsed_min=120.4 files_done=97 resolved=1676 errors=3755 current=src/PIL/GifImagePlugin.py
[2026-09-19T05:42:36Z] [iter=1] HEARTBEAT target_type=call_site elapsed_min=125.3 files_done=98 resolved=1792 errors=3910 current=src/PIL/PSDraw.py
[2026-09-19T05:53:16Z] [iter=1] HEARTBEAT target_type=call_site elapsed_min=136.0 files_done=101 resolved=1848 errors=4248 current=Tests/test_file_tga.py
[2026-09-19T05:58:04Z] [iter=1] HEARTBEAT target_type=call_site elapsed_min=140.8 files_done=103 resolved=2270 errors=4398 current=Tests/test_imagefontctl.py
[2026-09-19T06:00:10Z] [iter=1] HEARTBEAT target_type=call_site elapsed_min=142.9 files_done=104 resolved=2334 errors=4464 current=src/PIL/TiffImagePlugin.py
[2026-09-19T06:06:35Z] [iter=1] HEARTBEAT target_type=call_site elapsed_min=149.3 files_done=105 resolved=2703 errors=4663 current=src/PIL/SpiderImagePlugin.py
[2026-09-19T06:07:22Z] [iter=1] HEARTBEAT target_type=call_site elapsed_min=150.1 files_done=106 resolved=2761 errors=4688 current=src/PIL/ImageChops.py
[2026-09-19T06:09:35Z] [iter=1] HEARTBEAT target_type=call_site elapsed_min=152.3 files_done=107 resolved=2761 errors=4758 current=Tests/test_file_jpeg.py
[2026-09-19T06:14:11Z] [iter=1] HEARTBEAT target_type=call_site elapsed_min=156.9 files_done=108 resolved=2974 errors=4902 current=winbuild/build_prepare.py
[2026-09-19T06:16:02Z] [iter=1] HEARTBEAT target_type=call_site elapsed_min=158.7 files_done=109 resolved=3114 errors=4959 current=src/PIL/Jpeg2KImagePlugin.py
[2026-09-19T06:17:25Z] [iter=1] HEARTBEAT target_type=call_site elapsed_min=160.1 files_done=110 resolved=3193 errors=5002 current=src/PIL/IcnsImagePlugin.py
[2026-09-19T06:18:34Z] [iter=1] HEARTBEAT target_type=call_site elapsed_min=161.3 files_done=111 resolved=3260 errors=5038 current=src/PIL/EpsImagePlugin.py
[2026-09-19T06:19:16Z] [iter=1] HEARTBEAT target_type=call_site elapsed_min=162.0 files_done=112 resolved=3343 errors=5060 current=Tests/test_deprecate.py
[2026-09-19T06:21:05Z] [iter=1] HEARTBEAT target_type=call_site elapsed_min=163.8 files_done=114 resolved=3661 errors=5116 current=src/PIL/BmpImagePlugin.py
[2026-09-19T06:23:07Z] [iter=1] HEARTBEAT target_type=call_site elapsed_min=165.8 files_done=115 resolved=3730 errors=5179 current=Tests/test_image_rotate.py
[2026-09-19T06:23:53Z] [iter=1] HEARTBEAT target_type=call_site elapsed_min=166.6 files_done=116 resolved=3758 errors=5203 current=Tests/test_file_ppm.py
[2026-09-19T06:24:30Z] [iter=1] HEARTBEAT target_type=call_site elapsed_min=167.2 files_done=117 resolved=3829 errors=5222 current=Tests/test_image_reduce.py
[2026-09-19T06:26:30Z] [iter=1] HEARTBEAT target_type=call_site elapsed_min=169.2 files_done=118 resolved=3856 errors=5284 current=Tests/test_imagemorph.py
[2026-09-19T06:27:01Z] [iter=1] HEARTBEAT target_type=call_site elapsed_min=169.7 files_done=120 resolved=3935 errors=5300 current=Tests/test_image_putdata.py
[2026-09-19T06:30:37Z] [iter=1] HEARTBEAT target_type=call_site elapsed_min=173.3 files_done=122 resolved=4219 errors=5411 current=src/PIL/BlpImagePlugin.py
[2026-09-19T06:32:16Z] [iter=1] HEARTBEAT target_type=call_site elapsed_min=175.0 files_done=123 resolved=4299 errors=5463 current=Tests/test_file_dds.py
[2026-09-19T06:33:22Z] [iter=1] HEARTBEAT target_type=call_site elapsed_min=176.1 files_done=124 resolved=4362 errors=5497 current=Tests/test_file_gif.py
[2026-09-19T06:35:19Z] [iter=1] HEARTBEAT target_type=call_site elapsed_min=178.0 files_done=125 resolved=4764 errors=5555 current=Tests/test_file_webp.py
[2026-09-19T06:35:52Z] [iter=1] HEARTBEAT target_type=call_site elapsed_min=178.6 files_done=126 resolved=4808 errors=5572 current=src/PIL/PdfParser.py
[2026-09-19T06:39:20Z] [iter=1] HEARTBEAT target_type=call_site elapsed_min=182.0 files_done=127 resolved=5127 errors=5679 current=Tests/test_image_access.py
[2026-09-19T06:39:54Z] [iter=1] HEARTBEAT target_type=call_site elapsed_min=182.6 files_done=128 resolved=5211 errors=5697 current=src/PIL/Image.py
[2026-09-19T06:49:47Z] [iter=1] HEARTBEAT target_type=call_site elapsed_min=192.5 files_done=129 resolved=5598 errors=6006 current=Tests/test_imageops.py
[2026-09-19T06:52:35Z] [iter=1] HEARTBEAT target_type=call_site elapsed_min=195.3 files_done=130 resolved=5791 errors=6094 current=Tests/oss-fuzz/fuzz_font.py
[2026-09-19T06:53:42Z] [iter=1] HEARTBEAT target_type=call_site elapsed_min=196.4 files_done=132 resolved=5831 errors=6129 current=Tests/test_file_eps.py
[2026-09-19T06:54:36Z] [iter=1] HEARTBEAT target_type=call_site elapsed_min=197.3 files_done=134 resolved=5943 errors=6157 current=Tests/test_tiff_crashes.py
[2026-09-19T06:55:57Z] [iter=1] HEARTBEAT target_type=call_site elapsed_min=198.7 files_done=136 resolved=6023 errors=6199 current=Tests/test_nanoarrow.py
[2026-09-19T06:56:31Z] [iter=1] HEARTBEAT target_type=call_site elapsed_min=199.2 files_done=137 resolved=6056 errors=6217 current=Tests/test_file_avif.py
[2026-09-19T06:57:53Z] [iter=1] HEARTBEAT target_type=call_site elapsed_min=200.6 files_done=138 resolved=6189 errors=6259 current=Tests/test_file_webp_alpha.py
[2026-09-19T06:58:59Z] [iter=1] HEARTBEAT target_type=call_site elapsed_min=201.7 files_done=140 resolved=6255 errors=6293 current=Tests/test_color_lut.py
[2026-09-19T07:02:15Z] [iter=1] HEARTBEAT target_type=call_site elapsed_min=205.0 files_done=141 resolved=6359 errors=6395 current=Tests/test_file_pcx.py
[2026-09-19T07:02:45Z] [iter=1] HEARTBEAT target_type=call_site elapsed_min=205.5 files_done=142 resolved=6410 errors=6411 current=Tests/test_file_tiff.py
[2026-09-19T07:04:01Z] [iter=1] HEARTBEAT target_type=call_site elapsed_min=206.7 files_done=143 resolved=6640 errors=6449 current=Tests/test_pdfparser.py
[2026-09-19T07:10:02Z] [iter=1] HEARTBEAT target_type=call_site elapsed_min=212.7 files_done=145 resolved=6945 errors=6638 current=Tests/test_file_palm.py
[2026-09-19T07:11:14Z] [iter=1] HEARTBEAT target_type=call_site elapsed_min=213.9 files_done=147 resolved=6961 errors=6676 current=Tests/test_file_bmp.py
[2026-09-19T07:14:49Z] [iter=1] HEARTBEAT target_type=call_site elapsed_min=217.5 files_done=149 resolved=7212 errors=6787 current=Tests/test_image_point.py
[2026-09-19T07:15:49Z] [iter=1] HEARTBEAT target_type=call_site elapsed_min=218.5 files_done=150 resolved=7223 errors=6819 current=Tests/test_imagemath_unsafe_eval.py
[2026-09-19T07:18:59Z] [iter=1] HEARTBEAT target_type=call_site elapsed_min=221.7 files_done=151 resolved=7333 errors=6919 current=Tests/test_imagetk.py
[2026-09-19T07:19:33Z] [iter=1] HEARTBEAT target_type=call_site elapsed_min=222.2 files_done=152 resolved=7353 errors=6936 current=src/PIL/ImageEnhance.py
[2026-09-19T07:20:09Z] [iter=1] HEARTBEAT target_type=call_site elapsed_min=222.8 files_done=153 resolved=7354 errors=6955 current=src/PIL/PcxImagePlugin.py
[2026-09-19T07:21:17Z] [iter=1] HEARTBEAT target_type=call_site elapsed_min=224.0 files_done=154 resolved=7378 errors=6991 current=Tests/test_qt_image_qapplication.py
[2026-09-19T07:21:51Z] [iter=1] HEARTBEAT target_type=call_site elapsed_min=224.6 files_done=155 resolved=7393 errors=7009 current=Tests/test_imageqt.py
[2026-09-19T07:23:26Z] [iter=1] HEARTBEAT target_type=call_site elapsed_min=226.1 files_done=158 resolved=7411 errors=7059 current=src/PIL/ImageFile.py
[2026-09-19T07:24:47Z] [iter=1] HEARTBEAT target_type=call_site elapsed_min=227.5 files_done=159 resolved=7513 errors=7101 current=src/PIL/IptcImagePlugin.py
[2026-09-19T07:25:23Z] [iter=1] HEARTBEAT target_type=call_site elapsed_min=228.1 files_done=160 resolved=7538 errors=7120 current=Tests/test_file_sun.py
[2026-09-19T07:30:00Z] [iter=1] HEARTBEAT target_type=call_site elapsed_min=232.7 files_done=162 resolved=7688 errors=7266 current=src/PIL/ImageFont.py
[2026-09-19T07:31:11Z] [iter=1] HEARTBEAT target_type=call_site elapsed_min=233.9 files_done=163 resolved=7745 errors=7303 current=Tests/test_000_sanity.py
[2026-09-19T07:32:51Z] [iter=1] HEARTBEAT target_type=call_site elapsed_min=235.6 files_done=165 resolved=7796 errors=7356 current=Tests/test_pyarrow.py
[2026-09-19T07:33:24Z] [iter=1] HEARTBEAT target_type=call_site elapsed_min=236.1 files_done=166 resolved=7824 errors=7373 current=src/PIL/ImageColor.py
[2026-09-19T07:34:04Z] [iter=1] HEARTBEAT target_type=call_site elapsed_min=236.8 files_done=167 resolved=7885 errors=7394 current=Tests/test_file_blp.py
[2026-09-19T07:34:57Z] [iter=1] HEARTBEAT target_type=call_site elapsed_min=237.7 files_done=169 resolved=7937 errors=7422 current=Tests/helper.py
[2026-09-19T07:36:18Z] [iter=1] HEARTBEAT target_type=call_site elapsed_min=239.0 files_done=171 resolved=8052 errors=7464 current=Tests/test_file_spider.py
[2026-09-19T07:37:20Z] [iter=1] CHECKPOINT TRIGGERED elapsed_min=240.0 files_completed=173 new_files_this_iter=173 mem_mb=1046 MB
[2026-09-19T07:37:20Z] [iter=1] Writing partial enrichment graph path=/home/runner/work/forx/forx/storage/aggregate/lsp/693df7b42c666f88c719f9973be0ad71607328e0.nq.gz triples=101126
[2026-09-19T07:37:22Z] [iter=1] Checkpoint written, exiting with code 7
[2026-09-19T07:37:22Z] [iter=1] PHASE END: enrich (checkpointed) elapsed_s=14403 elapsed_min=240.0 files_completed=173
