[2026-09-21T01:06:46Z] === ENRICH ITERATION 1 START | repo=python-pillow/Pillow sha=6956d0b2 ===
[2026-09-21T01:06:46Z] [iter=1] PHASE START: enrich repo=python-pillow/Pillow sha=6956d0b2 runlog=/home/runner/work/forx/forx/storage/aggregate/lsp/logs/6956d0b2-enrich-iter-001.log output=/home/runner/work/forx/forx/storage/aggregate/lsp/6956d0b2853f5c7ec5f6ec4c60725c5a7ee73aeb.nq.gz
[2026-09-21T01:07:01Z] [iter=1] Step 1: Loading AST into disk-backed store mem_mb=79 MB
[2026-09-21T01:07:48Z] [iter=1] AST store loaded triples=3828147 load_secs=45 mem_mb=909 MB
[2026-09-21T01:07:48Z] [iter=1] Step 2: Finding LSP targets mem_mb=909 MB
[2026-09-21T01:07:53Z] [iter=1] LSP targets found call_sites=25472 imports=23 extends=0 implements=0 secs=6
[2026-09-21T01:07:57Z] [iter=1] Step 2.7: Building position index (one-shot, shared across resolvers) mem_mb=909 MB
[2026-09-21T01:08:15Z] [iter=1] Position index built positions=258147 nodes_with_types=323670 secs=17 mem_mb=909 MB
[2026-09-21T01:08:15Z] [iter=1] Step 3: Starting LSP resolution mem_mb=909 MB already_completed_types=[] already_completed_files=0
[2026-09-21T01:08:15Z] [iter=1] Resolving target type target_type=call_site count=25472
[2026-09-21T01:08:15Z] [iter=1] HEARTBEAT target_type=call_site elapsed_min=1.5 files_done=0 resolved=0 errors=0 current=src/PIL/ImagePalette.py
[2026-09-21T01:09:06Z] [iter=1] HEARTBEAT target_type=call_site elapsed_min=2.3 files_done=3 resolved=223 errors=30 current=src/PIL/IptcImagePlugin.py
[2026-09-21T01:10:25Z] [iter=1] HEARTBEAT target_type=call_site elapsed_min=3.7 files_done=5 resolved=410 errors=88 current=Tests/test_file_tiff_metadata.py
[2026-09-21T01:11:50Z] [iter=1] HEARTBEAT target_type=call_site elapsed_min=5.1 files_done=7 resolved=745 errors=150 current=src/PIL/PalmImagePlugin.py
[2026-09-21T01:12:24Z] [iter=1] HEARTBEAT target_type=call_site elapsed_min=5.6 files_done=8 resolved=756 errors=176 current=Tests/test_file_sun.py
[2026-09-21T01:15:28Z] [iter=1] HEARTBEAT target_type=call_site elapsed_min=8.7 files_done=10 resolved=940 errors=317 current=Tests/test_file_gif.py
[2026-09-21T01:16:47Z] [iter=1] HEARTBEAT target_type=call_site elapsed_min=10.0 files_done=11 resolved=1306 errors=374 current=Tests/test_file_libtiff.py
[2026-09-21T01:18:56Z] [iter=1] HEARTBEAT target_type=call_site elapsed_min=12.2 files_done=12 resolved=1509 errors=472 current=Tests/test_imagedraw.py
[2026-09-21T01:21:43Z] [iter=1] HEARTBEAT target_type=call_site elapsed_min=15.0 files_done=13 resolved=1886 errors=600 current=src/PIL/Image.py
[2026-09-21T01:28:57Z] [iter=1] HEARTBEAT target_type=call_site elapsed_min=22.2 files_done=14 resolved=2216 errors=887 current=Tests/test_lib_pack.py
[2026-09-21T01:35:50Z] [iter=1] HEARTBEAT target_type=call_site elapsed_min=29.1 files_done=15 resolved=2233 errors=1209 current=src/PIL/PcxImagePlugin.py
[2026-09-21T01:36:34Z] [iter=1] HEARTBEAT target_type=call_site elapsed_min=29.8 files_done=16 resolved=2251 errors=1243 current=Tests/test_image_resample.py
[2026-09-21T01:39:06Z] [iter=1] HEARTBEAT target_type=call_site elapsed_min=32.3 files_done=17 resolved=2355 errors=1360 current=src/PIL/ImageDraw.py
[2026-09-21T01:40:50Z] [iter=1] HEARTBEAT target_type=call_site elapsed_min=34.1 files_done=18 resolved=2457 errors=1438 current=Tests/test_file_png.py
[2026-09-21T01:42:55Z] [iter=1] HEARTBEAT target_type=call_site elapsed_min=36.2 files_done=19 resolved=2639 errors=1533 current=Tests/test_image_convert.py
[2026-09-21T01:43:36Z] [iter=1] HEARTBEAT target_type=call_site elapsed_min=36.8 files_done=20 resolved=2667 errors=1564 current=src/PIL/FitsImagePlugin.py
[2026-09-21T01:44:23Z] [iter=1] HEARTBEAT target_type=call_site elapsed_min=37.6 files_done=24 resolved=2828 errors=1599 current=Tests/test_uploader.py
[2026-09-21T01:44:54Z] [iter=1] HEARTBEAT target_type=call_site elapsed_min=38.1 files_done=26 resolved=2859 errors=1623 current=src/PIL/SunImagePlugin.py
[2026-09-21T01:46:25Z] [iter=1] HEARTBEAT target_type=call_site elapsed_min=39.7 files_done=28 resolved=3014 errors=1693 current=src/PIL/MpegImagePlugin.py
[2026-09-21T01:47:43Z] [iter=1] HEARTBEAT target_type=call_site elapsed_min=40.9 files_done=30 resolved=3036 errors=1752 current=Tests/test_file_ppm.py
[2026-09-21T01:48:15Z] [iter=1] HEARTBEAT target_type=call_site elapsed_min=41.5 files_done=33 resolved=3146 errors=1776 current=Tests/test_file_pdf.py
[2026-09-21T01:48:48Z] [iter=1] HEARTBEAT target_type=call_site elapsed_min=42.0 files_done=34 resolved=3253 errors=1800 current=src/PIL/SgiImagePlugin.py
[2026-09-21T01:53:05Z] [iter=1] HEARTBEAT target_type=call_site elapsed_min=46.3 files_done=36 resolved=3414 errors=1990 current=src/PIL/PdfParser.py
[2026-09-21T01:55:26Z] [iter=1] HEARTBEAT target_type=call_site elapsed_min=48.7 files_done=37 resolved=3723 errors=2095 current=Tests/test_image_fromqimage.py
[2026-09-21T01:56:20Z] [iter=1] HEARTBEAT target_type=call_site elapsed_min=49.6 files_done=39 resolved=3771 errors=2135 current=Tests/test_imagepalette.py
[2026-09-21T01:57:36Z] [iter=1] HEARTBEAT target_type=call_site elapsed_min=50.8 files_done=41 resolved=3867 errors=2188 current=Tests/test_file_cur.py
[2026-09-21T01:58:13Z] [iter=1] HEARTBEAT target_type=call_site elapsed_min=51.5 files_done=43 resolved=3959 errors=2211 current=Tests/test_features.py
[2026-09-21T01:58:51Z] [iter=1] HEARTBEAT target_type=call_site elapsed_min=52.1 files_done=46 resolved=4090 errors=2239 current=Tests/test_image_transform.py
[2026-09-21T01:59:24Z] [iter=1] HEARTBEAT target_type=call_site elapsed_min=52.6 files_done=47 resolved=4143 errors=2264 current=Tests/test_file_bufrstub.py
[2026-09-21T01:59:56Z] [iter=1] HEARTBEAT target_type=call_site elapsed_min=53.2 files_done=49 resolved=4212 errors=2288 current=src/PIL/PsdImagePlugin.py
[2026-09-21T02:01:27Z] [iter=1] HEARTBEAT target_type=call_site elapsed_min=54.7 files_done=50 resolved=4239 errors=2358 current=winbuild/build_prepare.py
[2026-09-21T02:02:47Z] [iter=1] HEARTBEAT target_type=call_site elapsed_min=56.0 files_done=51 resolved=4378 errors=2417 current=Tests/test_imagefontctl.py
[2026-09-21T02:04:26Z] [iter=1] HEARTBEAT target_type=call_site elapsed_min=57.7 files_done=55 resolved=4867 errors=2491 current=src/PIL/MspImagePlugin.py
[2026-09-21T02:05:18Z] [iter=1] HEARTBEAT target_type=call_site elapsed_min=58.5 files_done=57 resolved=4928 errors=2531 current=src/PIL/ImageFont.py
[2026-09-21T02:06:04Z] [iter=1] HEARTBEAT target_type=call_site elapsed_min=59.3 files_done=58 resolved=4983 errors=2566 current=src/PIL/PixarImagePlugin.py
[2026-09-21T02:07:17Z] [iter=1] HEARTBEAT target_type=call_site elapsed_min=60.5 files_done=60 resolved=5046 errors=2622 current=src/PIL/MicImagePlugin.py
[2026-09-21T02:08:14Z] [iter=1] HEARTBEAT target_type=call_site elapsed_min=61.5 files_done=63 resolved=5328 errors=2663 current=src/PIL/PpmImagePlugin.py
[2026-09-21T02:08:49Z] [iter=1] HEARTBEAT target_type=call_site elapsed_min=62.1 files_done=64 resolved=5371 errors=2690 current=src/PIL/GifImagePlugin.py
[2026-09-21T02:12:09Z] [iter=1] HEARTBEAT target_type=call_site elapsed_min=65.4 files_done=65 resolved=5451 errors=2833 current=setup.py
[2026-09-21T02:15:32Z] [iter=1] HEARTBEAT target_type=call_site elapsed_min=68.8 files_done=66 resolved=5673 errors=2987 current=Tests/test_file_iptc.py
[2026-09-21T02:17:40Z] [iter=1] HEARTBEAT target_type=call_site elapsed_min=70.9 files_done=68 resolved=5705 errors=3086 current=src/PIL/BlpImagePlugin.py
[2026-09-21T02:18:53Z] [iter=1] HEARTBEAT target_type=call_site elapsed_min=72.1 files_done=69 resolved=5768 errors=3140 current=Tests/test_file_pcx.py
[2026-09-21T02:19:58Z] [iter=1] HEARTBEAT target_type=call_site elapsed_min=73.2 files_done=71 resolved=5877 errors=3190 current=Tests/test_image_crop.py
[2026-09-21T02:21:36Z] [iter=1] HEARTBEAT target_type=call_site elapsed_min=74.8 files_done=73 resolved=5932 errors=3265 current=Tests/check_jpeg_leaks.py
[2026-09-21T02:22:53Z] [iter=1] HEARTBEAT target_type=call_site elapsed_min=76.1 files_done=75 resolved=5972 errors=3322 current=Tests/test_image_putdata.py
[2026-09-21T02:27:05Z] [iter=1] HEARTBEAT target_type=call_site elapsed_min=80.3 files_done=78 resolved=6362 errors=3509 current=Tests/test_imagedraw2.py
[2026-09-21T02:28:08Z] [iter=1] HEARTBEAT target_type=call_site elapsed_min=81.4 files_done=80 resolved=6489 errors=3557 current=Tests/test_image_thumbnail.py
[2026-09-21T02:28:43Z] [iter=1] HEARTBEAT target_type=call_site elapsed_min=82.0 files_done=82 resolved=6549 errors=3583 current=Tests/test_image_frombytes.py
[2026-09-21T02:29:29Z] [iter=1] HEARTBEAT target_type=call_site elapsed_min=82.7 files_done=84 resolved=6592 errors=3618 current=src/PIL/GribStubImagePlugin.py
[2026-09-21T02:30:54Z] [iter=1] HEARTBEAT target_type=call_site elapsed_min=84.1 files_done=88 resolved=6708 errors=3681 current=Tests/test_imageshow.py
[2026-09-21T02:32:06Z] [iter=1] HEARTBEAT target_type=call_site elapsed_min=85.3 files_done=92 resolved=6832 errors=3736 current=Tests/test_image_reduce.py
[2026-09-21T02:32:47Z] [iter=1] HEARTBEAT target_type=call_site elapsed_min=86.0 files_done=93 resolved=6880 errors=3767 current=Tests/check_large_memory_numpy.py
[2026-09-21T02:33:25Z] [iter=1] HEARTBEAT target_type=call_site elapsed_min=86.7 files_done=96 resolved=6964 errors=3795 current=Tests/test_file_ico.py
[2026-09-21T02:33:59Z] [iter=1] HEARTBEAT target_type=call_site elapsed_min=87.2 files_done=100 resolved=7099 errors=3819 current=src/PIL/Hdf5StubImagePlugin.py
[2026-09-21T02:35:16Z] [iter=1] HEARTBEAT target_type=call_site elapsed_min=88.5 files_done=103 resolved=7235 errors=3878 current=src/PIL/IcoImagePlugin.py
[2026-09-21T02:36:05Z] [iter=1] HEARTBEAT target_type=call_site elapsed_min=89.3 files_done=104 resolved=7269 errors=3915 current=Tests/test_imagechops.py
[2026-09-21T02:36:39Z] [iter=1] HEARTBEAT target_type=call_site elapsed_min=89.9 files_done=105 resolved=7410 errors=3941 current=src/PIL/features.py
[2026-09-21T02:37:24Z] [iter=1] HEARTBEAT target_type=call_site elapsed_min=90.6 files_done=107 resolved=7548 errors=3975 current=Tests/test_imageops.py
[2026-09-21T02:39:19Z] [iter=1] HEARTBEAT target_type=call_site elapsed_min=92.6 files_done=108 resolved=7707 errors=4063 current=src/PIL/WebPImagePlugin.py
[2026-09-21T02:40:08Z] [iter=1] HEARTBEAT target_type=call_site elapsed_min=93.4 files_done=110 resolved=7805 errors=4099 current=Tests/test_file_spider.py
[2026-09-21T02:40:45Z] [iter=1] HEARTBEAT target_type=call_site elapsed_min=94.0 files_done=113 resolved=7835 errors=4123 current=Tests/test_imagesequence.py
[2026-09-21T02:41:58Z] [iter=1] HEARTBEAT target_type=call_site elapsed_min=95.2 files_done=115 resolved=7906 errors=4179 current=Tests/test_image_rotate.py
[2026-09-21T02:42:29Z] [iter=1] HEARTBEAT target_type=call_site elapsed_min=95.7 files_done=116 resolved=7926 errors=4203 current=Tests/test_core_resources.py
[2026-09-21T02:43:04Z] [iter=1] HEARTBEAT target_type=call_site elapsed_min=96.3 files_done=119 resolved=7990 errors=4229 current=Tests/test_file_im.py
[2026-09-21T02:43:38Z] [iter=1] HEARTBEAT target_type=call_site elapsed_min=96.9 files_done=122 resolved=8045 errors=4255 current=Tests/test_file_gimpgradient.py
[2026-09-21T02:44:11Z] [iter=1] HEARTBEAT target_type=call_site elapsed_min=97.4 files_done=124 resolved=8073 errors=4280 current=Tests/test_file_mpo.py
[2026-09-21T02:45:23Z] [iter=1] HEARTBEAT target_type=call_site elapsed_min=98.6 files_done=127 resolved=8135 errors=4333 current=Tests/test_imageops_usm.py
[2026-09-21T02:46:07Z] [iter=1] HEARTBEAT target_type=call_site elapsed_min=99.4 files_done=129 resolved=8151 errors=4365 current=src/PIL/_deprecate.py
[2026-09-21T02:47:00Z] [iter=1] HEARTBEAT target_type=call_site elapsed_min=100.2 files_done=132 resolved=8187 errors=4405 current=Tests/test_file_webp_alpha.py
[2026-09-21T02:47:59Z] [iter=1] HEARTBEAT target_type=call_site elapsed_min=101.2 files_done=136 resolved=8297 errors=4450 current=Tests/test_image_getdata.py
[2026-09-21T02:48:29Z] [iter=1] HEARTBEAT target_type=call_site elapsed_min=101.7 files_done=139 resolved=8321 errors=4473 current=src/PIL/DdsImagePlugin.py
[2026-09-21T02:49:10Z] [iter=1] HEARTBEAT target_type=call_site elapsed_min=102.4 files_done=140 resolved=8355 errors=4504 current=Tests/test_file_icns.py
[2026-09-21T02:49:44Z] [iter=1] HEARTBEAT target_type=call_site elapsed_min=103.0 files_done=149 resolved=8530 errors=4529 current=Tests/test_bmp_reference.py
[2026-09-21T02:50:14Z] [iter=1] HEARTBEAT target_type=call_site elapsed_min=103.5 files_done=153 resolved=8596 errors=4552 current=docs/example/DdsImagePlugin.py
[2026-09-21T02:50:44Z] [iter=1] HEARTBEAT target_type=call_site elapsed_min=104.0 files_done=154 resolved=8629 errors=4575 current=Tests/test_imagewin_pointers.py
[2026-09-21T02:51:30Z] [iter=1] HEARTBEAT target_type=call_site elapsed_min=104.7 files_done=156 resolved=8689 errors=4609 current=Tests/test_file_gbr.py
[2026-09-21T02:52:19Z] [iter=1] HEARTBEAT target_type=call_site elapsed_min=105.6 files_done=162 resolved=8784 errors=4646 current=Tests/test_image_getprojection.py
[2026-09-21T02:53:02Z] [iter=1] HEARTBEAT target_type=call_site elapsed_min=106.3 files_done=166 resolved=8842 errors=4679 current=src/PIL/FontFile.py
[2026-09-21T02:53:57Z] [iter=1] HEARTBEAT target_type=call_site elapsed_min=107.2 files_done=169 resolved=8904 errors=4720 current=src/PIL/ImageTk.py
[2026-09-21T02:54:32Z] [iter=1] HEARTBEAT target_type=call_site elapsed_min=107.8 files_done=172 resolved=8958 errors=4745 current=src/PIL/ImageDraw2.py
[2026-09-21T02:55:33Z] [iter=1] HEARTBEAT target_type=call_site elapsed_min=108.8 files_done=176 resolved=9041 errors=4792 current=src/PIL/ImageEnhance.py
[2026-09-21T02:56:08Z] [iter=1] HEARTBEAT target_type=call_site elapsed_min=109.4 files_done=180 resolved=9094 errors=4818 current=Tests/check_imaging_leaks.py
[2026-09-21T02:56:43Z] [iter=1] HEARTBEAT target_type=call_site elapsed_min=110.0 files_done=186 resolved=9172 errors=4843 current=src/PIL/ImImagePlugin.py
[2026-09-21T02:58:36Z] [iter=1] HEARTBEAT target_type=call_site elapsed_min=111.8 files_done=192 resolved=9247 errors=4930 current=Tests/test_file_wal.py
[2026-09-21T02:59:21Z] [iter=1] HEARTBEAT target_type=call_site elapsed_min=112.6 files_done=199 resolved=9317 errors=4964 current=Tests/check_j2k_overflow.py
[2026-09-21T02:59:54Z] [iter=1] HEARTBEAT target_type=call_site elapsed_min=113.1 files_done=202 resolved=9357 errors=4989 current=src/PIL/ContainerIO.py
[2026-09-21T03:00:35Z] [iter=1] HEARTBEAT target_type=call_site elapsed_min=113.8 files_done=208 resolved=9399 errors=5020 current=Tests/check_icns_dos.py
[2026-09-21T03:01:06Z] [iter=1] HEARTBEAT target_type=call_site elapsed_min=114.3 files_done=211 resolved=9422 errors=5043 current=src/PIL/WalImageFile.py
[2026-09-21T03:01:40Z] [iter=1] HEARTBEAT target_type=call_site elapsed_min=114.9 files_done=214 resolved=9445 errors=5069 current=Tests/check_libtiff_segfault.py
[2026-09-21T03:02:12Z] [iter=1] HEARTBEAT target_type=call_site elapsed_min=115.4 files_done=229 resolved=9586 errors=5093 current=Tests/test_image_copy.py
[2026-09-21T03:02:57Z] [iter=1] HEARTBEAT target_type=call_site elapsed_min=116.2 files_done=234 resolved=9608 errors=5127 current=Tests/test_util.py
[2026-09-21T03:03:48Z] [iter=1] HEARTBEAT target_type=call_site elapsed_min=117.0 files_done=243 resolved=9693 errors=5166 current=Tests/test_format_lab.py
[2026-09-21T03:04:20Z] [iter=1] HEARTBEAT target_type=call_site elapsed_min=117.6 files_done=252 resolved=9747 errors=5190 current=Tests/test_file_ftex.py
[2026-09-21T03:04:50Z] [iter=1] HEARTBEAT target_type=call_site elapsed_min=118.1 files_done=263 resolved=9803 errors=5213 current=Tests/test_pyroma.py
[2026-09-21T03:13:59Z] [iter=1] HEARTBEAT target_type=call_site elapsed_min=127.2 files_done=279 resolved=9828 errors=5635 current=src/decode.c
[2026-09-21T03:15:31Z] [iter=1] HEARTBEAT target_type=call_site elapsed_min=128.8 files_done=280 resolved=9834 errors=5707 current=src/encode.c
[2026-09-21T03:16:38Z] [iter=1] HEARTBEAT target_type=call_site elapsed_min=129.9 files_done=281 resolved=9882 errors=5759 current=src/_webp.c
[2026-09-21T03:19:38Z] [iter=1] HEARTBEAT target_type=call_site elapsed_min=132.9 files_done=283 resolved=9894 errors=5899 current=src/libImaging/Geometry.c
[2026-09-21T03:22:54Z] [iter=1] HEARTBEAT target_type=call_site elapsed_min=136.1 files_done=284 resolved=9894 errors=6052 current=src/libImaging/Quant.c
[2026-09-21T03:25:23Z] [iter=1] HEARTBEAT target_type=call_site elapsed_min=138.6 files_done=285 resolved=10077 errors=6168 current=src/libImaging/Unpack.c
[2026-09-21T03:28:21Z] [iter=1] HEARTBEAT target_type=call_site elapsed_min=141.6 files_done=286 resolved=10077 errors=6306 current=src/libImaging/Paste.c
[2026-09-21T03:30:05Z] [iter=1] HEARTBEAT target_type=call_site elapsed_min=143.3 files_done=287 resolved=10077 errors=6387 current=src/libImaging/SgiRleDecode.c
[2026-09-21T03:32:57Z] [iter=1] HEARTBEAT target_type=call_site elapsed_min=146.2 files_done=289 resolved=10085 errors=6520 current=src/libImaging/ZipDecode.c
[2026-09-21T03:34:35Z] [iter=1] HEARTBEAT target_type=call_site elapsed_min=147.8 files_done=291 resolved=10098 errors=6596 current=src/libImaging/Jpeg2KDecode.c
[2026-09-21T03:38:15Z] [iter=1] HEARTBEAT target_type=call_site elapsed_min=151.5 files_done=294 resolved=10150 errors=6767 current=src/thirdparty/raqm/raqm.c
[2026-09-21T03:41:24Z] [iter=1] HEARTBEAT target_type=call_site elapsed_min=154.6 files_done=295 resolved=10159 errors=6913 current=src/libImaging/JpegDecode.c
[2026-09-21T03:42:43Z] [iter=1] HEARTBEAT target_type=call_site elapsed_min=156.0 files_done=298 resolved=10200 errors=6975 current=src/libImaging/TiffDecode.c
[2026-09-21T03:43:36Z] [iter=1] HEARTBEAT target_type=call_site elapsed_min=156.8 files_done=300 resolved=10217 errors=7016 current=src/libImaging/Filter.c
[2026-09-21T03:46:47Z] [iter=1] HEARTBEAT target_type=call_site elapsed_min=160.0 files_done=301 resolved=10217 errors=7165 current=src/_imagingtk.c
[2026-09-21T03:48:11Z] [iter=1] HEARTBEAT target_type=call_site elapsed_min=161.4 files_done=304 resolved=10238 errors=7230 current=src/libImaging/Offset.c
[2026-09-21T03:50:32Z] [iter=1] HEARTBEAT target_type=call_site elapsed_min=163.8 files_done=308 resolved=10262 errors=7340 current=src/libImaging/FliDecode.c
[2026-09-21T03:51:07Z] [iter=1] HEARTBEAT target_type=call_site elapsed_min=164.4 files_done=309 resolved=10262 errors=7368 current=src/libImaging/GifDecode.c
[2026-09-21T03:53:03Z] [iter=1] HEARTBEAT target_type=call_site elapsed_min=166.3 files_done=311 resolved=10267 errors=7458 current=src/libImaging/QuantHash.c
[2026-09-21T03:54:17Z] [iter=1] HEARTBEAT target_type=call_site elapsed_min=167.5 files_done=313 resolved=10296 errors=7516 current=src/libImaging/Bands.c
[2026-09-21T03:55:14Z] [iter=1] HEARTBEAT target_type=call_site elapsed_min=168.5 files_done=314 resolved=10296 errors=7561 current=src/libImaging/Convert.c
[2026-09-21T03:59:45Z] [iter=1] HEARTBEAT target_type=call_site elapsed_min=173.0 files_done=315 resolved=10296 errors=7773 current=src/libImaging/File.c
[2026-09-21T04:01:39Z] [iter=1] HEARTBEAT target_type=call_site elapsed_min=174.9 files_done=317 resolved=10296 errors=7862 current=src/libImaging/GifEncode.c
[2026-09-21T04:02:43Z] [iter=1] HEARTBEAT target_type=call_site elapsed_min=176.0 files_done=323 resolved=10353 errors=7912 current=src/libImaging/Fill.c
[2026-09-21T04:04:08Z] [iter=1] HEARTBEAT target_type=call_site elapsed_min=177.4 files_done=325 resolved=10355 errors=7978 current=src/_imagingmorph.c
[2026-09-21T04:05:03Z] [iter=1] HEARTBEAT target_type=call_site elapsed_min=178.3 files_done=327 resolved=10355 errors=8021 current=src/libImaging/Blend.c
[2026-09-21T04:05:39Z] [iter=1] HEARTBEAT target_type=call_site elapsed_min=178.9 files_done=330 resolved=10365 errors=8049 current=src/libImaging/Pack.c
[2026-09-21T04:06:24Z] [iter=1] HEARTBEAT target_type=call_site elapsed_min=179.6 files_done=333 resolved=10365 errors=8084 current=src/libImaging/Access.c
[2026-09-21T04:07:24Z] [iter=1] HEARTBEAT target_type=call_site elapsed_min=180.6 files_done=334 resolved=10365 errors=8131 current=src/libImaging/QuantHeap.c
[2026-09-21T04:08:20Z] [iter=1] HEARTBEAT target_type=call_site elapsed_min=181.6 files_done=339 resolved=10386 errors=8175 current=src/libImaging/AlphaComposite.c
[2026-09-21T04:09:12Z] [iter=1] HEARTBEAT target_type=call_site elapsed_min=182.4 files_done=341 resolved=10386 errors=8215 current=src/libImaging/RankFilter.c
[2026-09-21T04:09:42Z] [iter=1] HEARTBEAT target_type=call_site elapsed_min=182.9 files_done=343 resolved=10386 errors=8239 current=src/libImaging/Matrix.c
[2026-09-21T04:10:39Z] [iter=1] HEARTBEAT target_type=call_site elapsed_min=183.9 files_done=347 resolved=10386 errors=8283 current=src/libImaging/Except.c
[2026-09-21T04:11:12Z] [iter=1] HEARTBEAT target_type=call_site elapsed_min=184.4 files_done=354 resolved=10388 errors=8309 current=src/libImaging/PcxEncode.c
[2026-09-21T04:11:30Z] [iter=1] Target type resolved target_type=call_site resolved=10390 errors=8320 secs=10996 mem_mb=935 MB
[2026-09-21T04:11:30Z] [iter=1] Resolving target type target_type=import_statement count=23
[2026-09-21T04:11:32Z] [iter=1] Target type resolved target_type=import_statement resolved=22 errors=0 secs=2 mem_mb=935 MB
[2026-09-21T04:11:45Z] [iter=1] Step 5: Writing final enrichment file triples=174245
[2026-09-21T04:11:48Z] [iter=1] Enrichment file written path=/home/runner/work/forx/forx/storage/aggregate/lsp/6956d0b2853f5c7ec5f6ec4c60725c5a7ee73aeb.nq.gz size_kb=3696
[2026-09-21T04:11:48Z] [iter=1] PHASE END: enrich elapsed_s=11103 elapsed_min=185.0 total_triples=174245
