[2026-09-26T19:07:48Z] === ENRICH ITERATION 1 START | repo=python-pillow/Pillow sha=6e28ed1f ===
[2026-09-26T19:07:48Z] [iter=1] PHASE START: enrich repo=python-pillow/Pillow sha=6e28ed1f runlog=/home/runner/work/forx/forx/storage/aggregate/lsp/logs/6e28ed1f-enrich-iter-001.log output=/home/runner/work/forx/forx/storage/aggregate/lsp/6e28ed1f36d0eb74053af54e1eddc9c29db698cd.nq.gz
[2026-09-26T19:07:48Z] [iter=1] Step 1: Loading AST into disk-backed store mem_mb=78 MB
[2026-09-26T19:08:37Z] [iter=1] AST store loaded triples=3883198 load_secs=47 mem_mb=914 MB
[2026-09-26T19:08:37Z] [iter=1] Step 2: Finding LSP targets mem_mb=914 MB
[2026-09-26T19:08:40Z] [iter=1] LSP targets found call_sites=25194 imports=835 extends=116 implements=0 secs=4
[2026-09-26T19:08:43Z] [iter=1] Step 2.7: Building position index (one-shot, shared across resolvers) mem_mb=914 MB
[2026-09-26T19:08:55Z] [iter=1] Position index built positions=253794 nodes_with_types=317752 secs=12 mem_mb=914 MB
[2026-09-26T19:08:55Z] [iter=1] Step 3: Starting LSP resolution mem_mb=914 MB already_completed_types=[] already_completed_files=0
[2026-09-26T19:08:55Z] [iter=1] Resolving target type target_type=call_site count=25194
[2026-09-26T19:08:56Z] [iter=1] HEARTBEAT target_type=call_site elapsed_min=1.1 files_done=0 resolved=0 errors=0 current=Tests/test_file_bmp.py
[2026-09-26T19:13:26Z] [iter=1] HEARTBEAT target_type=call_site elapsed_min=5.6 files_done=2 resolved=60 errors=340 current=Tests/test_image.py
[2026-09-26T19:14:10Z] [iter=1] HEARTBEAT target_type=call_site elapsed_min=6.4 files_done=3 resolved=288 errors=392 current=setup.py
[2026-09-26T19:16:16Z] [iter=1] HEARTBEAT target_type=call_site elapsed_min=8.5 files_done=4 resolved=512 errors=546 current=Tests/test_color_lut.py
[2026-09-26T19:16:46Z] [iter=1] HEARTBEAT target_type=call_site elapsed_min=9.0 files_done=5 resolved=672 errors=580 current=Tests/test_file_tga.py
[2026-09-26T19:18:12Z] [iter=1] HEARTBEAT target_type=call_site elapsed_min=10.4 files_done=8 resolved=861 errors=683 current=Tests/test_file_jpeg.py
[2026-09-26T19:20:04Z] [iter=1] HEARTBEAT target_type=call_site elapsed_min=12.3 files_done=9 resolved=1011 errors=821 current=Tests/test_numpy.py
[2026-09-26T19:20:42Z] [iter=1] HEARTBEAT target_type=call_site elapsed_min=12.9 files_done=10 resolved=1054 errors=868 current=Tests/test_imageops.py
[2026-09-26T19:21:55Z] [iter=1] HEARTBEAT target_type=call_site elapsed_min=14.1 files_done=11 resolved=1207 errors=954 current=Tests/test_file_mpo.py
[2026-09-26T19:24:34Z] [iter=1] HEARTBEAT target_type=call_site elapsed_min=16.8 files_done=13 resolved=1568 errors=1137 current=Tests/test_image_getpalette.py
[2026-09-26T19:26:07Z] [iter=1] HEARTBEAT target_type=call_site elapsed_min=18.3 files_done=15 resolved=1773 errors=1244 current=src/PIL/Image.py
[2026-09-26T19:30:50Z] [iter=1] HEARTBEAT target_type=call_site elapsed_min=23.0 files_done=16 resolved=2105 errors=1527 current=Tests/helper.py
[2026-09-26T19:33:00Z] [iter=1] HEARTBEAT target_type=call_site elapsed_min=25.2 files_done=19 resolved=2294 errors=1681 current=src/PIL/ImageColor.py
[2026-09-26T19:34:53Z] [iter=1] HEARTBEAT target_type=call_site elapsed_min=27.1 files_done=21 resolved=2713 errors=1809 current=.github/workflows/system-info.py
[2026-09-26T19:37:33Z] [iter=1] HEARTBEAT target_type=call_site elapsed_min=29.7 files_done=25 resolved=2901 errors=2002 current=Tests/test_file_png.py
[2026-09-26T19:38:53Z] [iter=1] HEARTBEAT target_type=call_site elapsed_min=31.1 files_done=26 resolved=3083 errors=2097 current=Tests/test_file_eps.py
[2026-09-26T19:39:32Z] [iter=1] HEARTBEAT target_type=call_site elapsed_min=31.7 files_done=28 resolved=3184 errors=2144 current=docs/example/DdsImagePlugin.py
[2026-09-26T19:40:03Z] [iter=1] HEARTBEAT target_type=call_site elapsed_min=32.2 files_done=31 resolved=3251 errors=2181 current=Tests/test_file_gif.py
[2026-09-26T19:40:53Z] [iter=1] HEARTBEAT target_type=call_site elapsed_min=33.1 files_done=32 resolved=3588 errors=2240 current=Tests/test_locale.py
[2026-09-26T19:41:38Z] [iter=1] HEARTBEAT target_type=call_site elapsed_min=33.8 files_done=34 resolved=3830 errors=2291 current=Tests/test_file_pdf.py
[2026-09-26T19:42:16Z] [iter=1] HEARTBEAT target_type=call_site elapsed_min=34.5 files_done=40 resolved=4091 errors=2329 current=src/PIL/XpmImagePlugin.py
[2026-09-26T19:42:46Z] [iter=1] HEARTBEAT target_type=call_site elapsed_min=35.0 files_done=44 resolved=4195 errors=2363 current=Tests/test_imagechops.py
[2026-09-26T19:43:41Z] [iter=1] HEARTBEAT target_type=call_site elapsed_min=35.9 files_done=46 resolved=4371 errors=2426 current=winbuild/build_prepare.py
[2026-09-26T19:44:34Z] [iter=1] HEARTBEAT target_type=call_site elapsed_min=36.8 files_done=47 resolved=4509 errors=2482 current=src/PIL/ImageOps.py
[2026-09-26T19:45:12Z] [iter=1] HEARTBEAT target_type=call_site elapsed_min=37.4 files_done=48 resolved=4593 errors=2503 current=src/PIL/XVThumbImagePlugin.py
[2026-09-26T19:47:01Z] [iter=1] HEARTBEAT target_type=call_site elapsed_min=39.2 files_done=51 resolved=4720 errors=2630 current=Tests/bench_cffi_access.py
[2026-09-26T19:48:30Z] [iter=1] HEARTBEAT target_type=call_site elapsed_min=40.7 files_done=53 resolved=4742 errors=2733 current=Tests/test_image_putdata.py
[2026-09-26T19:49:05Z] [iter=1] HEARTBEAT target_type=call_site elapsed_min=41.3 files_done=56 resolved=4861 errors=2773 current=src/PIL/ImageCms.py
[2026-09-26T19:49:52Z] [iter=1] HEARTBEAT target_type=call_site elapsed_min=42.1 files_done=57 resolved=4896 errors=2826 current=Tests/test_file_dds.py
[2026-09-26T19:50:33Z] [iter=1] HEARTBEAT target_type=call_site elapsed_min=42.7 files_done=60 resolved=4953 errors=2874 current=src/PIL/ImageMath.py
[2026-09-26T19:51:23Z] [iter=1] HEARTBEAT target_type=call_site elapsed_min=43.6 files_done=61 resolved=4976 errors=2926 current=src/PIL/ImagePalette.py
[2026-09-26T19:53:08Z] [iter=1] HEARTBEAT target_type=call_site elapsed_min=45.3 files_done=63 resolved=5346 errors=3042 current=Tests/test_image_reduce.py
[2026-09-26T19:53:41Z] [iter=1] HEARTBEAT target_type=call_site elapsed_min=45.9 files_done=65 resolved=5406 errors=3081 current=src/PIL/ImageMorph.py
[2026-09-26T19:54:18Z] [iter=1] HEARTBEAT target_type=call_site elapsed_min=46.5 files_done=67 resolved=5471 errors=3124 current=Tests/test_image_histogram.py
[2026-09-26T19:54:53Z] [iter=1] HEARTBEAT target_type=call_site elapsed_min=47.1 files_done=69 resolved=5517 errors=3165 current=Tests/test_file_pcx.py
[2026-09-26T19:55:43Z] [iter=1] HEARTBEAT target_type=call_site elapsed_min=47.9 files_done=74 resolved=5688 errors=3225 current=Tests/test_pdfparser.py
[2026-09-26T19:56:48Z] [iter=1] HEARTBEAT target_type=call_site elapsed_min=49.0 files_done=77 resolved=5999 errors=3301 current=Tests/oss-fuzz/test_fuzzers.py
[2026-09-26T19:57:29Z] [iter=1] HEARTBEAT target_type=call_site elapsed_min=49.7 files_done=82 resolved=6202 errors=3348 current=Tests/test_imagepalette.py
[2026-09-26T19:58:21Z] [iter=1] HEARTBEAT target_type=call_site elapsed_min=50.5 files_done=87 resolved=6376 errors=3411 current=src/PIL/PcfFontFile.py
[2026-09-26T19:59:01Z] [iter=1] HEARTBEAT target_type=call_site elapsed_min=51.2 files_done=88 resolved=6400 errors=3460 current=Tests/test_image_point.py
[2026-09-26T19:59:35Z] [iter=1] HEARTBEAT target_type=call_site elapsed_min=51.8 files_done=91 resolved=6431 errors=3502 current=Tests/test_file_ico.py
[2026-09-26T20:00:06Z] [iter=1] HEARTBEAT target_type=call_site elapsed_min=52.3 files_done=93 resolved=6476 errors=3541 current=Tests/test_features.py
[2026-09-26T20:00:41Z] [iter=1] HEARTBEAT target_type=call_site elapsed_min=52.9 files_done=95 resolved=6585 errors=3584 current=Tests/test_file_spider.py
[2026-09-26T20:01:28Z] [iter=1] HEARTBEAT target_type=call_site elapsed_min=53.7 files_done=100 resolved=6791 errors=3638 current=Tests/test_imagefile.py
[2026-09-26T20:02:07Z] [iter=1] HEARTBEAT target_type=call_site elapsed_min=54.3 files_done=101 resolved=6864 errors=3686 current=src/PIL/ImageTk.py
[2026-09-26T20:03:07Z] [iter=1] HEARTBEAT target_type=call_site elapsed_min=55.3 files_done=106 resolved=6941 errors=3752 current=Tests/test_imagefontctl.py
[2026-09-26T20:03:39Z] [iter=1] HEARTBEAT target_type=call_site elapsed_min=55.8 files_done=110 resolved=7195 errors=3789 current=Tests/test_image_transpose.py
[2026-09-26T20:04:10Z] [iter=1] HEARTBEAT target_type=call_site elapsed_min=56.4 files_done=113 resolved=7246 errors=3822 current=src/PIL/FliImagePlugin.py
[2026-09-26T20:05:18Z] [iter=1] HEARTBEAT target_type=call_site elapsed_min=57.5 files_done=115 resolved=7317 errors=3904 current=Tests/test_file_mic.py
[2026-09-26T20:06:01Z] [iter=1] HEARTBEAT target_type=call_site elapsed_min=58.2 files_done=118 resolved=7389 errors=3956 current=Tests/test_image_tobitmap.py
[2026-09-26T20:06:32Z] [iter=1] HEARTBEAT target_type=call_site elapsed_min=58.7 files_done=123 resolved=7499 errors=3994 current=src/PIL/SgiImagePlugin.py
[2026-09-26T20:07:13Z] [iter=1] HEARTBEAT target_type=call_site elapsed_min=59.4 files_done=127 resolved=7640 errors=4043 current=Tests/test_core_resources.py
[2026-09-26T20:07:44Z] [iter=1] HEARTBEAT target_type=call_site elapsed_min=59.9 files_done=131 resolved=7719 errors=4079 current=src/PIL/ImageFont.py
[2026-09-26T20:08:21Z] [iter=1] HEARTBEAT target_type=call_site elapsed_min=60.5 files_done=133 resolved=7782 errors=4122 current=src/PIL/ImageFilter.py
[2026-09-26T20:08:52Z] [iter=1] HEARTBEAT target_type=call_site elapsed_min=61.1 files_done=137 resolved=7899 errors=4160 current=Tests/test_main.py
[2026-09-26T20:09:42Z] [iter=1] HEARTBEAT target_type=call_site elapsed_min=61.9 files_done=143 resolved=8064 errors=4216 current=src/PIL/ImImagePlugin.py
[2026-09-26T20:10:14Z] [iter=1] HEARTBEAT target_type=call_site elapsed_min=62.4 files_done=149 resolved=8147 errors=4256 current=Tests/test_file_fpx.py
[2026-09-26T20:11:12Z] [iter=1] HEARTBEAT target_type=call_site elapsed_min=63.4 files_done=153 resolved=8186 errors=4328 current=src/PIL/ImageDraw2.py
[2026-09-26T20:12:18Z] [iter=1] HEARTBEAT target_type=call_site elapsed_min=64.5 files_done=155 resolved=8232 errors=4409 current=Tests/test_file_wmf.py
[2026-09-26T20:12:53Z] [iter=1] HEARTBEAT target_type=call_site elapsed_min=65.1 files_done=164 resolved=8440 errors=4450 current=src/PIL/ImageStat.py
[2026-09-26T20:13:31Z] [iter=1] HEARTBEAT target_type=call_site elapsed_min=65.7 files_done=166 resolved=8492 errors=4496 current=src/PIL/PaletteFile.py
[2026-09-26T20:14:18Z] [iter=1] HEARTBEAT target_type=call_site elapsed_min=66.5 files_done=171 resolved=8600 errors=4555 current=src/PIL/PSDraw.py
[2026-09-26T20:14:51Z] [iter=1] HEARTBEAT target_type=call_site elapsed_min=67.0 files_done=176 resolved=8682 errors=4594 current=Tests/test_imageops_usm.py
[2026-09-26T20:15:26Z] [iter=1] HEARTBEAT target_type=call_site elapsed_min=67.6 files_done=179 resolved=8742 errors=4634 current=Tests/test_file_webp_animated.py
[2026-09-26T20:15:56Z] [iter=1] HEARTBEAT target_type=call_site elapsed_min=68.1 files_done=183 resolved=8791 errors=4671 current=Tests/test_bmp_reference.py
[2026-09-26T20:16:40Z] [iter=1] HEARTBEAT target_type=call_site elapsed_min=68.9 files_done=192 resolved=8919 errors=4723 current=Tests/test_file_gribstub.py
[2026-09-26T20:17:18Z] [iter=1] HEARTBEAT target_type=call_site elapsed_min=69.5 files_done=200 resolved=9008 errors=4767 current=Tests/test_image_copy.py
[2026-09-26T20:17:49Z] [iter=1] HEARTBEAT target_type=call_site elapsed_min=70.0 files_done=204 resolved=9073 errors=4806 current=src/PIL/_binary.py
[2026-09-26T20:18:20Z] [iter=1] HEARTBEAT target_type=call_site elapsed_min=70.5 files_done=213 resolved=9159 errors=4844 current=Tests/test_shell_injection.py
[2026-09-26T20:18:50Z] [iter=1] HEARTBEAT target_type=call_site elapsed_min=71.0 files_done=219 resolved=9214 errors=4881 current=src/PIL/ImageShow.py
[2026-09-26T20:19:30Z] [iter=1] HEARTBEAT target_type=call_site elapsed_min=71.7 files_done=228 resolved=9306 errors=4929 current=Tests/test_image_putalpha.py
[2026-09-26T20:20:01Z] [iter=1] HEARTBEAT target_type=call_site elapsed_min=72.2 files_done=235 resolved=9372 errors=4967 current=Tests/test_font_bdf.py
[2026-09-26T20:20:33Z] [iter=1] HEARTBEAT target_type=call_site elapsed_min=72.7 files_done=255 resolved=9497 errors=5006 current=src/PIL/McIdasImagePlugin.py
[2026-09-26T20:23:06Z] [iter=1] HEARTBEAT target_type=call_site elapsed_min=75.3 files_done=278 resolved=9604 errors=5196 current=src/_imagingcms.c
[2026-09-26T20:24:03Z] [iter=1] HEARTBEAT target_type=call_site elapsed_min=76.2 files_done=279 resolved=9604 errors=5269 current=src/libImaging/Paste.c
[2026-09-26T20:25:07Z] [iter=1] HEARTBEAT target_type=call_site elapsed_min=77.3 files_done=280 resolved=9604 errors=5350 current=src/libImaging/Quant.c
[2026-09-26T20:26:39Z] [iter=1] HEARTBEAT target_type=call_site elapsed_min=78.8 files_done=281 resolved=9787 errors=5466 current=src/libImaging/Convert.c
[2026-09-26T20:29:31Z] [iter=1] HEARTBEAT target_type=call_site elapsed_min=81.7 files_done=282 resolved=9787 errors=5678 current=src/_imaging.c
[2026-09-26T20:34:59Z] [iter=1] HEARTBEAT target_type=call_site elapsed_min=87.2 files_done=283 resolved=9790 errors=6088 current=src/thirdparty/raqm/raqm.c
[2026-09-26T20:36:59Z] [iter=1] HEARTBEAT target_type=call_site elapsed_min=89.2 files_done=284 resolved=9799 errors=6234 current=src/libImaging/Bands.c
[2026-09-26T20:37:36Z] [iter=1] HEARTBEAT target_type=call_site elapsed_min=89.8 files_done=285 resolved=9799 errors=6279 current=src/_webp.c
[2026-09-26T20:38:18Z] [iter=1] HEARTBEAT target_type=call_site elapsed_min=90.5 files_done=288 resolved=9825 errors=6332 current=src/libImaging/Unpack.c
[2026-09-26T20:40:09Z] [iter=1] HEARTBEAT target_type=call_site elapsed_min=92.3 files_done=289 resolved=9825 errors=6469 current=src/encode.c
[2026-09-26T20:40:51Z] [iter=1] HEARTBEAT target_type=call_site elapsed_min=93.0 files_done=290 resolved=9873 errors=6521 current=src/libImaging/ZipDecode.c
[2026-09-26T20:41:25Z] [iter=1] HEARTBEAT target_type=call_site elapsed_min=93.6 files_done=293 resolved=9891 errors=6563 current=src/libImaging/JpegEncode.c
[2026-09-26T20:43:43Z] [iter=1] HEARTBEAT target_type=call_site elapsed_min=95.9 files_done=297 resolved=9907 errors=6728 current=src/libImaging/TiffDecode.c
[2026-09-26T20:44:21Z] [iter=1] HEARTBEAT target_type=call_site elapsed_min=96.5 files_done=299 resolved=9931 errors=6774 current=src/libImaging/Filter.c
[2026-09-26T20:46:18Z] [iter=1] HEARTBEAT target_type=call_site elapsed_min=98.5 files_done=300 resolved=9931 errors=6923 current=src/libImaging/GetBBox.c
[2026-09-26T20:47:19Z] [iter=1] HEARTBEAT target_type=call_site elapsed_min=99.5 files_done=302 resolved=9932 errors=6997 current=src/libImaging/BcnDecode.c
[2026-09-26T20:48:33Z] [iter=1] HEARTBEAT target_type=call_site elapsed_min=100.7 files_done=303 resolved=9932 errors=7090 current=src/libImaging/codec_fd.c
[2026-09-26T20:49:06Z] [iter=1] HEARTBEAT target_type=call_site elapsed_min=101.3 files_done=305 resolved=9932 errors=7130 current=src/libImaging/Dib.c
[2026-09-26T20:50:57Z] [iter=1] HEARTBEAT target_type=call_site elapsed_min=103.1 files_done=308 resolved=9950 errors=7268 current=src/libImaging/QuantHash.c
[2026-09-26T20:52:13Z] [iter=1] HEARTBEAT target_type=call_site elapsed_min=104.4 files_done=311 resolved=9976 errors=7362 current=src/decode.c
[2026-09-26T20:53:11Z] [iter=1] HEARTBEAT target_type=call_site elapsed_min=105.4 files_done=312 resolved=9982 errors=7434 current=src/libImaging/Resample.c
[2026-09-26T20:54:21Z] [iter=1] HEARTBEAT target_type=call_site elapsed_min=106.5 files_done=313 resolved=9986 errors=7522 current=src/libImaging/File.c
[2026-09-26T20:56:09Z] [iter=1] HEARTBEAT target_type=call_site elapsed_min=108.3 files_done=317 resolved=10012 errors=7656 current=src/_imagingmorph.c
[2026-09-26T20:57:02Z] [iter=1] HEARTBEAT target_type=call_site elapsed_min=109.2 files_done=320 resolved=10070 errors=7722 current=src/map.c
[2026-09-26T20:57:42Z] [iter=1] HEARTBEAT target_type=call_site elapsed_min=109.9 files_done=322 resolved=10070 errors=7772 current=src/libImaging/JpegDecode.c
[2026-09-26T20:58:21Z] [iter=1] HEARTBEAT target_type=call_site elapsed_min=110.5 files_done=326 resolved=10085 errors=7821 current=src/libImaging/ColorLUT.c
[2026-09-26T20:58:59Z] [iter=1] HEARTBEAT target_type=call_site elapsed_min=111.2 files_done=328 resolved=10085 errors=7868 current=src/outline.c
[2026-09-26T20:59:32Z] [iter=1] HEARTBEAT target_type=call_site elapsed_min=111.7 files_done=331 resolved=10091 errors=7910 current=src/libImaging/Palette.c
[2026-09-26T21:00:11Z] [iter=1] HEARTBEAT target_type=call_site elapsed_min=112.4 files_done=334 resolved=10092 errors=7959 current=src/libImaging/ModeFilter.c
[2026-09-26T21:01:05Z] [iter=1] HEARTBEAT target_type=call_site elapsed_min=113.3 files_done=338 resolved=10120 errors=8027 current=src/libImaging/Crop.c
[2026-09-26T21:01:39Z] [iter=1] HEARTBEAT target_type=call_site elapsed_min=113.8 files_done=343 resolved=10122 errors=8069 current=src/libImaging/HexDecode.c
[2026-09-26T21:02:10Z] [iter=1] HEARTBEAT target_type=call_site elapsed_min=114.4 files_done=352 resolved=10122 errors=8105 current=src/libImaging/PcxEncode.c
[2026-09-26T21:02:25Z] [iter=1] Target type resolved target_type=call_site resolved=10123 errors=8120 secs=6810 mem_mb=914 MB
[2026-09-26T21:02:25Z] [iter=1] Resolving target type target_type=import_statement count=835
[2026-09-26T21:02:33Z] [iter=1] Target type resolved target_type=import_statement resolved=649 errors=0 secs=7 mem_mb=914 MB
[2026-09-26T21:02:33Z] [iter=1] Resolving target type target_type=extends_clause count=116
[2026-09-26T21:02:34Z] [iter=1] Target type resolved target_type=extends_clause resolved=114 errors=0 secs=2 mem_mb=914 MB
[2026-09-26T21:02:47Z] [iter=1] Step 5: Writing final enrichment file triples=181689
[2026-09-26T21:02:48Z] [iter=1] Enrichment file written path=/home/runner/work/forx/forx/storage/aggregate/lsp/6e28ed1f36d0eb74053af54e1eddc9c29db698cd.nq.gz size_kb=3859
[2026-09-26T21:02:48Z] [iter=1] PHASE END: enrich elapsed_s=6899 elapsed_min=115.0 total_triples=181689
