[2026-09-19T09:48:56Z] === ENRICH ITERATION 1 START | repo=python-pillow/Pillow sha=89f1f462 ===
[2026-09-19T09:48:56Z] [iter=1] PHASE START: enrich repo=python-pillow/Pillow sha=89f1f462 runlog=/home/runner/work/forx/forx/storage/aggregate/lsp/logs/89f1f462-enrich-iter-001.log output=/home/runner/work/forx/forx/storage/aggregate/lsp/89f1f4626a2aaf5f3d5ca6437f41def2998fbe09.nq.gz
[2026-09-19T09:49:16Z] [iter=1] Step 1: Loading AST into disk-backed store mem_mb=79 MB
[2026-09-19T09:50:16Z] [iter=1] AST store loaded triples=4399941 load_secs=58 mem_mb=917 MB
[2026-09-19T09:50:16Z] [iter=1] Step 2: Finding LSP targets mem_mb=917 MB
[2026-09-19T09:50:23Z] [iter=1] LSP targets found call_sites=28459 imports=332 extends=22 implements=0 secs=7
[2026-09-19T09:50:28Z] [iter=1] Step 2.7: Building position index (one-shot, shared across resolvers) mem_mb=917 MB
[2026-09-19T09:50:49Z] [iter=1] Position index built positions=291616 nodes_with_types=366819 secs=21 mem_mb=917 MB
[2026-09-19T09:50:49Z] [iter=1] Step 3: Starting LSP resolution mem_mb=917 MB already_completed_types=[] already_completed_files=0
[2026-09-19T09:50:49Z] [iter=1] Resolving target type target_type=call_site count=28459
[2026-09-19T09:50:49Z] [iter=1] HEARTBEAT target_type=call_site elapsed_min=1.9 files_done=0 resolved=0 errors=0 current=Tests/test_imagechops.py
[2026-09-19T09:51:28Z] [iter=1] HEARTBEAT target_type=call_site elapsed_min=2.5 files_done=1 resolved=141 errors=26 current=Tests/test_file_ico.py
[2026-09-19T09:52:49Z] [iter=1] HEARTBEAT target_type=call_site elapsed_min=3.9 files_done=2 resolved=185 errors=83 current=Tests/test_imagemath_lambda_eval.py
[2026-09-19T09:55:42Z] [iter=1] HEARTBEAT target_type=call_site elapsed_min=6.8 files_done=3 resolved=297 errors=205 current=Tests/test_pyarrow.py
[2026-09-19T09:59:28Z] [iter=1] HEARTBEAT target_type=call_site elapsed_min=10.5 files_done=5 resolved=699 errors=362 current=src/PIL/ImageColor.py
[2026-09-19T09:59:59Z] [iter=1] HEARTBEAT target_type=call_site elapsed_min=11.0 files_done=6 resolved=760 errors=383 current=Tests/test_deprecate.py
[2026-09-19T10:00:29Z] [iter=1] HEARTBEAT target_type=call_site elapsed_min=11.6 files_done=8 resolved=791 errors=404 current=Tests/test_file_gif.py
[2026-09-19T10:01:57Z] [iter=1] HEARTBEAT target_type=call_site elapsed_min=13.0 files_done=9 resolved=1191 errors=462 current=Tests/test_file_jpeg.py
[2026-09-19T10:05:28Z] [iter=1] HEARTBEAT target_type=call_site elapsed_min=16.5 files_done=10 resolved=1400 errors=608 current=setup.py
[2026-09-19T10:10:53Z] [iter=1] HEARTBEAT target_type=call_site elapsed_min=22.0 files_done=11 resolved=1638 errors=833 current=src/PIL/PdfParser.py
[2026-09-19T10:13:29Z] [iter=1] HEARTBEAT target_type=call_site elapsed_min=24.6 files_done=12 resolved=1957 errors=940 current=Tests/test_image_resample.py
[2026-09-19T10:18:51Z] [iter=1] HEARTBEAT target_type=call_site elapsed_min=29.9 files_done=13 resolved=2007 errors=1166 current=src/PIL/Image.py
[2026-09-19T10:26:23Z] [iter=1] HEARTBEAT target_type=call_site elapsed_min=37.5 files_done=14 resolved=2397 errors=1479 current=src/PIL/PcfFontFile.py
[2026-09-19T10:27:33Z] [iter=1] HEARTBEAT target_type=call_site elapsed_min=38.6 files_done=15 resolved=2457 errors=1528 current=Tests/test_tiff_crashes.py
[2026-09-19T10:30:08Z] [iter=1] HEARTBEAT target_type=call_site elapsed_min=41.2 files_done=17 resolved=2691 errors=1634 current=Tests/test_file_jpeg2k.py
[2026-09-19T10:31:03Z] [iter=1] HEARTBEAT target_type=call_site elapsed_min=42.1 files_done=18 resolved=2786 errors=1672 current=src/PIL/ImtImagePlugin.py
[2026-09-19T10:36:09Z] [iter=1] HEARTBEAT target_type=call_site elapsed_min=47.2 files_done=20 resolved=3162 errors=1883 current=src/PIL/PcxImagePlugin.py
[2026-09-19T10:37:00Z] [iter=1] HEARTBEAT target_type=call_site elapsed_min=48.1 files_done=21 resolved=3185 errors=1919 current=Tests/test_lib_pack.py
[2026-09-19T10:44:39Z] [iter=1] HEARTBEAT target_type=call_site elapsed_min=55.7 files_done=22 resolved=3202 errors=2242 current=Tests/test_imagefont.py
[2026-09-19T10:46:02Z] [iter=1] HEARTBEAT target_type=call_site elapsed_min=57.1 files_done=23 resolved=3514 errors=2299 current=Tests/test_file_mpo.py
[2026-09-19T10:46:32Z] [iter=1] HEARTBEAT target_type=call_site elapsed_min=57.6 files_done=24 resolved=3564 errors=2320 current=src/PIL/PdfImagePlugin.py
[2026-09-19T10:47:45Z] [iter=1] HEARTBEAT target_type=call_site elapsed_min=58.8 files_done=25 resolved=3593 errors=2371 current=src/PIL/ImageFont.py
[2026-09-19T10:48:40Z] [iter=1] HEARTBEAT target_type=call_site elapsed_min=59.7 files_done=26 resolved=3657 errors=2409 current=Tests/test_image_reduce.py
[2026-09-19T10:50:08Z] [iter=1] HEARTBEAT target_type=call_site elapsed_min=61.2 files_done=27 resolved=3684 errors=2471 current=src/PIL/ImageGrab.py
[2026-09-19T10:52:01Z] [iter=1] HEARTBEAT target_type=call_site elapsed_min=63.1 files_done=29 resolved=4004 errors=2548 current=Tests/test_file_apng.py
[2026-09-19T10:53:03Z] [iter=1] HEARTBEAT target_type=call_site elapsed_min=64.1 files_done=31 resolved=4398 errors=2586 current=src/PIL/ImageTk.py
[2026-09-19T10:53:41Z] [iter=1] HEARTBEAT target_type=call_site elapsed_min=64.7 files_done=32 resolved=4409 errors=2612 current=Tests/test_file_tiff_metadata.py
[2026-09-19T10:56:17Z] [iter=1] HEARTBEAT target_type=call_site elapsed_min=67.4 files_done=35 resolved=4561 errors=2722 current=src/PIL/EpsImagePlugin.py
[2026-09-19T10:56:49Z] [iter=1] HEARTBEAT target_type=call_site elapsed_min=67.9 files_done=36 resolved=4642 errors=2744 current=Tests/test_image_putalpha.py
[2026-09-19T10:57:46Z] [iter=1] HEARTBEAT target_type=call_site elapsed_min=68.8 files_done=39 resolved=4741 errors=2784 current=src/PIL/ImageFile.py
[2026-09-19T10:58:51Z] [iter=1] HEARTBEAT target_type=call_site elapsed_min=69.9 files_done=40 resolved=4842 errors=2829 current=Tests/test_imagemath_unsafe_eval.py
[2026-09-19T11:01:09Z] [iter=1] HEARTBEAT target_type=call_site elapsed_min=72.2 files_done=41 resolved=4956 errors=2926 current=Tests/test_imagemorph.py
[2026-09-19T11:01:51Z] [iter=1] HEARTBEAT target_type=call_site elapsed_min=72.9 files_done=43 resolved=5106 errors=2955 current=.github/workflows/system-info.py
[2026-09-19T11:02:26Z] [iter=1] HEARTBEAT target_type=call_site elapsed_min=73.5 files_done=45 resolved=5175 errors=2979 current=src/PIL/ImageDraw.py
[2026-09-19T11:04:11Z] [iter=1] HEARTBEAT target_type=call_site elapsed_min=75.3 files_done=46 resolved=5297 errors=3052 current=Tests/test_file_ppm.py
[2026-09-19T11:09:08Z] [iter=1] HEARTBEAT target_type=call_site elapsed_min=80.2 files_done=48 resolved=5569 errors=3258 current=Tests/test_image_paste.py
[2026-09-19T11:10:50Z] [iter=1] HEARTBEAT target_type=call_site elapsed_min=81.9 files_done=50 resolved=5759 errors=3328 current=src/PIL/ImageOps.py
[2026-09-19T11:12:01Z] [iter=1] HEARTBEAT target_type=call_site elapsed_min=83.1 files_done=51 resolved=5859 errors=3377 current=src/PIL/ImageFilter.py
[2026-09-19T11:13:21Z] [iter=1] HEARTBEAT target_type=call_site elapsed_min=84.4 files_done=55 resolved=6066 errors=3431 current=Tests/test_imagefontctl.py
[2026-09-19T11:14:37Z] [iter=1] HEARTBEAT target_type=call_site elapsed_min=85.7 files_done=57 resolved=6214 errors=3484 current=src/PIL/ImageWin.py
[2026-09-19T11:15:12Z] [iter=1] HEARTBEAT target_type=call_site elapsed_min=86.3 files_done=58 resolved=6228 errors=3509 current=Tests/test_file_sun.py
[2026-09-19T11:15:58Z] [iter=1] HEARTBEAT target_type=call_site elapsed_min=87.0 files_done=60 resolved=6261 errors=3541 current=Tests/test_image_rotate.py
[2026-09-19T11:16:32Z] [iter=1] HEARTBEAT target_type=call_site elapsed_min=87.6 files_done=61 resolved=6289 errors=3565 current=Tests/test_file_blp.py
[2026-09-19T11:17:48Z] [iter=1] HEARTBEAT target_type=call_site elapsed_min=88.9 files_done=64 resolved=6378 errors=3618 current=src/PIL/ImageCms.py
[2026-09-19T11:19:31Z] [iter=1] HEARTBEAT target_type=call_site elapsed_min=90.6 files_done=65 resolved=6418 errors=3690 current=src/PIL/PsdImagePlugin.py
[2026-09-19T11:21:13Z] [iter=1] HEARTBEAT target_type=call_site elapsed_min=92.3 files_done=66 resolved=6456 errors=3762 current=src/PIL/ImImagePlugin.py
[2026-09-19T11:22:13Z] [iter=1] HEARTBEAT target_type=call_site elapsed_min=93.3 files_done=68 resolved=6534 errors=3804 current=src/PIL/BlpImagePlugin.py
[2026-09-19T11:23:28Z] [iter=1] HEARTBEAT target_type=call_site elapsed_min=94.5 files_done=69 resolved=6614 errors=3856 current=Tests/test_imagewin.py
[2026-09-19T11:24:52Z] [iter=1] HEARTBEAT target_type=call_site elapsed_min=95.9 files_done=71 resolved=6753 errors=3914 current=selftest.py
[2026-09-19T11:26:31Z] [iter=1] HEARTBEAT target_type=call_site elapsed_min=97.6 files_done=75 resolved=7000 errors=3982 current=Tests/test_file_tga.py
[2026-09-19T11:27:16Z] [iter=1] HEARTBEAT target_type=call_site elapsed_min=98.3 files_done=77 resolved=7064 errors=4013 current=Tests/test_file_fli.py
[2026-09-19T11:28:02Z] [iter=1] HEARTBEAT target_type=call_site elapsed_min=99.1 files_done=81 resolved=7261 errors=4045 current=Tests/test_color_lut.py
[2026-09-19T11:30:29Z] [iter=1] HEARTBEAT target_type=call_site elapsed_min=101.6 files_done=82 resolved=7365 errors=4147 current=Tests/test_file_psd.py
[2026-09-19T11:31:30Z] [iter=1] HEARTBEAT target_type=call_site elapsed_min=102.6 files_done=84 resolved=7460 errors=4190 current=Tests/test_image_resize.py
[2026-09-19T11:32:22Z] [iter=1] HEARTBEAT target_type=call_site elapsed_min=103.4 files_done=85 resolved=7499 errors=4226 current=Tests/test_image_getbbox.py
[2026-09-19T11:32:53Z] [iter=1] HEARTBEAT target_type=call_site elapsed_min=104.0 files_done=87 resolved=7537 errors=4248 current=Tests/test_file_mpeg.py
[2026-09-19T11:34:44Z] [iter=1] HEARTBEAT target_type=call_site elapsed_min=105.8 files_done=90 resolved=7699 errors=4325 current=Tests/test_imageops.py
[2026-09-19T11:36:50Z] [iter=1] HEARTBEAT target_type=call_site elapsed_min=107.9 files_done=91 resolved=7887 errors=4413 current=src/PIL/GimpPaletteFile.py
[2026-09-19T11:37:43Z] [iter=1] HEARTBEAT target_type=call_site elapsed_min=108.8 files_done=96 resolved=8058 errors=4449 current=Tests/test_image_putdata.py
[2026-09-19T11:38:48Z] [iter=1] HEARTBEAT target_type=call_site elapsed_min=109.9 files_done=98 resolved=8171 errors=4494 current=Tests/test_file_palm.py
[2026-09-19T11:40:42Z] [iter=1] HEARTBEAT target_type=call_site elapsed_min=111.8 files_done=100 resolved=8202 errors=4574 current=Tests/test_file_iptc.py
[2026-09-19T11:41:57Z] [iter=1] HEARTBEAT target_type=call_site elapsed_min=113.0 files_done=103 resolved=8387 errors=4626 current=Tests/test_file_png.py
[2026-09-19T11:44:18Z] [iter=1] HEARTBEAT target_type=call_site elapsed_min=115.4 files_done=104 resolved=8580 errors=4724 current=Tests/test_file_gd.py
[2026-09-19T11:44:50Z] [iter=1] HEARTBEAT target_type=call_site elapsed_min=115.9 files_done=107 resolved=8662 errors=4746 current=src/PIL/_binary.py
[2026-09-19T11:46:00Z] [iter=1] HEARTBEAT target_type=call_site elapsed_min=117.1 files_done=109 resolved=8669 errors=4795 current=Tests/test_image_fromqimage.py
[2026-09-19T11:47:14Z] [iter=1] HEARTBEAT target_type=call_site elapsed_min=118.3 files_done=111 resolved=8749 errors=4847 current=Tests/test_file_hdf5stub.py
[2026-09-19T11:47:52Z] [iter=1] HEARTBEAT target_type=call_site elapsed_min=118.9 files_done=114 resolved=8806 errors=4873 current=src/PIL/DdsImagePlugin.py
[2026-09-19T11:48:41Z] [iter=1] HEARTBEAT target_type=call_site elapsed_min=119.8 files_done=115 resolved=8846 errors=4907 current=Tests/test_file_webp_metadata.py
[2026-09-19T11:49:29Z] [iter=1] HEARTBEAT target_type=call_site elapsed_min=120.5 files_done=119 resolved=8955 errors=4940 current=Tests/test_imagecms.py
[2026-09-19T11:50:57Z] [iter=1] HEARTBEAT target_type=call_site elapsed_min=122.0 files_done=120 resolved=9130 errors=5001 current=Tests/test_image_transform.py
[2026-09-19T11:51:36Z] [iter=1] HEARTBEAT target_type=call_site elapsed_min=122.7 files_done=121 resolved=9198 errors=5028 current=src/PIL/SpiderImagePlugin.py
[2026-09-19T11:52:12Z] [iter=1] HEARTBEAT target_type=call_site elapsed_min=123.3 files_done=122 resolved=9256 errors=5053 current=src/PIL/DcxImagePlugin.py
[2026-09-19T11:53:10Z] [iter=1] HEARTBEAT target_type=call_site elapsed_min=124.2 files_done=124 resolved=9282 errors=5094 current=Tests/test_features.py
[2026-09-19T11:53:43Z] [iter=1] HEARTBEAT target_type=call_site elapsed_min=124.8 files_done=126 resolved=9383 errors=5117 current=Tests/test_imagefontpil.py
[2026-09-19T11:54:22Z] [iter=1] HEARTBEAT target_type=call_site elapsed_min=125.4 files_done=129 resolved=9446 errors=5144 current=src/PIL/MpegImagePlugin.py
[2026-09-19T11:54:56Z] [iter=1] HEARTBEAT target_type=call_site elapsed_min=126.0 files_done=131 resolved=9457 errors=5168 current=Tests/test_file_icns.py
[2026-09-19T11:55:40Z] [iter=1] HEARTBEAT target_type=call_site elapsed_min=126.7 files_done=134 resolved=9520 errors=5198 current=checks/check_png_dos.py
[2026-09-19T11:56:10Z] [iter=1] HEARTBEAT target_type=call_site elapsed_min=127.2 files_done=136 resolved=9579 errors=5219 current=src/PIL/FpxImagePlugin.py
[2026-09-19T11:56:43Z] [iter=1] HEARTBEAT target_type=call_site elapsed_min=127.8 files_done=137 resolved=9601 errors=5242 current=src/PIL/WalImageFile.py
[2026-09-19T11:57:35Z] [iter=1] HEARTBEAT target_type=call_site elapsed_min=128.7 files_done=139 resolved=9654 errors=5278 current=Tests/test_file_container.py
[2026-09-19T12:01:35Z] [iter=1] HEARTBEAT target_type=call_site elapsed_min=132.7 files_done=142 resolved=9884 errors=5445 current=Tests/test_image_mode.py
[2026-09-19T12:02:40Z] [iter=1] HEARTBEAT target_type=call_site elapsed_min=133.7 files_done=144 resolved=9980 errors=5489 current=Tests/test_imagesequence.py
[2026-09-19T12:03:28Z] [iter=1] HEARTBEAT target_type=call_site elapsed_min=134.5 files_done=147 resolved=10075 errors=5522 current=src/PIL/TiffTags.py
[2026-09-19T12:04:23Z] [iter=1] HEARTBEAT target_type=call_site elapsed_min=135.5 files_done=150 resolved=10149 errors=5560 current=src/PIL/TgaImagePlugin.py
[2026-09-19T12:05:04Z] [iter=1] HEARTBEAT target_type=call_site elapsed_min=136.1 files_done=151 resolved=10177 errors=5589 current=Tests/test_bmp_reference.py
[2026-09-19T12:05:57Z] [iter=1] HEARTBEAT target_type=call_site elapsed_min=137.0 files_done=155 resolved=10265 errors=5626 current=Tests/test_image_getbands.py
[2026-09-19T12:06:54Z] [iter=1] HEARTBEAT target_type=call_site elapsed_min=138.0 files_done=158 resolved=10296 errors=5666 current=Tests/test_file_msp.py
[2026-09-19T12:08:24Z] [iter=1] HEARTBEAT target_type=call_site elapsed_min=139.5 files_done=161 resolved=10347 errors=5729 current=src/PIL/IcoImagePlugin.py
[2026-09-19T12:09:29Z] [iter=1] HEARTBEAT target_type=call_site elapsed_min=140.6 files_done=162 resolved=10400 errors=5775 current=Tests/test_image_filter.py
[2026-09-19T12:10:11Z] [iter=1] HEARTBEAT target_type=call_site elapsed_min=141.2 files_done=163 resolved=10430 errors=5804 current=_custom_build/backend.py
[2026-09-19T12:11:05Z] [iter=1] HEARTBEAT target_type=call_site elapsed_min=142.2 files_done=168 resolved=10499 errors=5842 current=src/PIL/ImageShow.py
[2026-09-19T12:11:45Z] [iter=1] HEARTBEAT target_type=call_site elapsed_min=142.8 files_done=169 resolved=10537 errors=5870 current=Tests/test_arrow.py
[2026-09-19T12:12:33Z] [iter=1] HEARTBEAT target_type=call_site elapsed_min=143.6 files_done=174 resolved=10575 errors=5904 current=checks/check_j2k_overflow.py
[2026-09-19T12:14:29Z] [iter=1] HEARTBEAT target_type=call_site elapsed_min=145.6 files_done=180 resolved=10790 errors=5985 current=Tests/test_file_xbm.py
[2026-09-19T12:15:22Z] [iter=1] HEARTBEAT target_type=call_site elapsed_min=146.4 files_done=182 resolved=10859 errors=6022 current=Tests/test_file_xpm.py
[2026-09-19T12:15:53Z] [iter=1] HEARTBEAT target_type=call_site elapsed_min=147.0 files_done=184 resolved=10882 errors=6044 current=Tests/test_file_im.py
[2026-09-19T12:16:31Z] [iter=1] HEARTBEAT target_type=call_site elapsed_min=147.6 files_done=186 resolved=10907 errors=6070 current=Tests/test_image_point.py
[2026-09-19T12:17:16Z] [iter=1] HEARTBEAT target_type=call_site elapsed_min=148.3 files_done=187 resolved=10918 errors=6102 current=src/PIL/SunImagePlugin.py
[2026-09-19T12:17:49Z] [iter=1] HEARTBEAT target_type=call_site elapsed_min=148.9 files_done=189 resolved=10937 errors=6125 current=src/PIL/BdfFontFile.py
[2026-09-19T12:18:30Z] [iter=1] HEARTBEAT target_type=call_site elapsed_min=149.6 files_done=192 resolved=11001 errors=6154 current=Tests/test_imagewin_pointers.py
[2026-09-19T12:19:26Z] [iter=1] HEARTBEAT target_type=call_site elapsed_min=150.5 files_done=194 resolved=11031 errors=6193 current=Tests/test_image_entropy.py
[2026-09-19T12:20:06Z] [iter=1] HEARTBEAT target_type=call_site elapsed_min=151.2 files_done=196 resolved=11069 errors=6221 current=Tests/test_image_putpalette.py
[2026-09-19T12:20:46Z] [iter=1] HEARTBEAT target_type=call_site elapsed_min=151.8 files_done=200 resolved=11164 errors=6249 current=Tests/test_file_webp_lossless.py
[2026-09-19T12:21:18Z] [iter=1] HEARTBEAT target_type=call_site elapsed_min=152.4 files_done=203 resolved=11168 errors=6271 current=Tests/test_image_getprojection.py
[2026-09-19T12:21:49Z] [iter=1] HEARTBEAT target_type=call_site elapsed_min=152.9 files_done=205 resolved=11177 errors=6293 current=docs/example/anchors.py
[2026-09-19T12:22:22Z] [iter=1] HEARTBEAT target_type=call_site elapsed_min=153.4 files_done=207 resolved=11203 errors=6316 current=Tests/test_imageqt.py
[2026-09-19T12:22:55Z] [iter=1] HEARTBEAT target_type=call_site elapsed_min=154.0 files_done=211 resolved=11231 errors=6339 current=Tests/oss-fuzz/fuzz_font.py
[2026-09-19T12:24:36Z] [iter=1] HEARTBEAT target_type=call_site elapsed_min=155.7 files_done=213 resolved=11234 errors=6410 current=Tests/test_file_fits.py
[2026-09-19T12:25:08Z] [iter=1] HEARTBEAT target_type=call_site elapsed_min=156.2 files_done=217 resolved=11268 errors=6432 current=Tests/test_file_ftex.py
[2026-09-19T12:25:49Z] [iter=1] HEARTBEAT target_type=call_site elapsed_min=156.9 files_done=221 resolved=11287 errors=6461 current=Tests/test_image_array.py
[2026-09-19T12:26:39Z] [iter=1] HEARTBEAT target_type=call_site elapsed_min=157.7 files_done=223 resolved=11321 errors=6496 current=checks/check_j2k_leaks.py
[2026-09-19T12:27:39Z] [iter=1] HEARTBEAT target_type=call_site elapsed_min=158.7 files_done=225 resolved=11343 errors=6538 current=Tests/test_lib_image.py
[2026-09-19T12:28:11Z] [iter=1] HEARTBEAT target_type=call_site elapsed_min=159.3 files_done=228 resolved=11351 errors=6561 current=src/PIL/GbrImagePlugin.py
[2026-09-19T12:29:22Z] [iter=1] HEARTBEAT target_type=call_site elapsed_min=160.4 files_done=231 resolved=11368 errors=6611 current=src/PIL/TarIO.py
[2026-09-19T12:30:01Z] [iter=1] HEARTBEAT target_type=call_site elapsed_min=161.1 files_done=234 resolved=11398 errors=6638 current=checks/check_jp2_overflow.py
[2026-09-19T12:30:31Z] [iter=1] HEARTBEAT target_type=call_site elapsed_min=161.6 files_done=240 resolved=11439 errors=6659 current=Tests/test_pyroma.py
[2026-09-19T12:31:21Z] [iter=1] HEARTBEAT target_type=call_site elapsed_min=162.4 files_done=246 resolved=11466 errors=6694 current=Tests/test_file_wal.py
[2026-09-19T12:31:53Z] [iter=1] HEARTBEAT target_type=call_site elapsed_min=163.0 files_done=258 resolved=11549 errors=6716 current=Tests/test_file_gbr.py
[2026-09-19T12:32:25Z] [iter=1] HEARTBEAT target_type=call_site elapsed_min=163.5 files_done=263 resolved=11582 errors=6738 current=Tests/oss-fuzz/test_fuzzers.py
[2026-09-19T12:32:55Z] [iter=1] HEARTBEAT target_type=call_site elapsed_min=164.0 files_done=270 resolved=11605 errors=6759 current=Tests/test_file_imt.py
[2026-09-19T12:33:25Z] [iter=1] HEARTBEAT target_type=call_site elapsed_min=164.5 files_done=281 resolved=11639 errors=6780 current=checks/check_fli_oob.py
[2026-09-19T12:36:55Z] [iter=1] HEARTBEAT target_type=call_site elapsed_min=168.0 files_done=286 resolved=11643 errors=6926 current=src/encode.c
[2026-09-19T12:38:17Z] [iter=1] HEARTBEAT target_type=call_site elapsed_min=169.3 files_done=287 resolved=11691 errors=6983 current=src/path.c
[2026-09-19T12:39:15Z] [iter=1] HEARTBEAT target_type=call_site elapsed_min=170.3 files_done=288 resolved=11691 errors=7024 current=src/libImaging/JpegDecode.c
[2026-09-19T12:40:18Z] [iter=1] HEARTBEAT target_type=call_site elapsed_min=171.4 files_done=290 resolved=11719 errors=7068 current=src/_imaging.c
[2026-09-19T12:51:12Z] [iter=1] HEARTBEAT target_type=call_site elapsed_min=182.3 files_done=291 resolved=11722 errors=7528 current=src/libImaging/Draw.c
[2026-09-19T12:54:55Z] [iter=1] HEARTBEAT target_type=call_site elapsed_min=186.0 files_done=292 resolved=11769 errors=7686 current=src/libImaging/TiffDecode.c
[2026-09-19T13:00:24Z] [iter=1] HEARTBEAT target_type=call_site elapsed_min=191.5 files_done=294 resolved=11781 errors=7918 current=src/libImaging/Pack.c
[2026-09-19T13:04:09Z] [iter=1] HEARTBEAT target_type=call_site elapsed_min=195.2 files_done=297 resolved=11800 errors=8076 current=src/libImaging/FliDecode.c
[2026-09-19T13:04:49Z] [iter=1] HEARTBEAT target_type=call_site elapsed_min=195.9 files_done=298 resolved=11800 errors=8104 current=src/libImaging/Reduce.c
[2026-09-19T13:07:37Z] [iter=1] HEARTBEAT target_type=call_site elapsed_min=198.7 files_done=299 resolved=11800 errors=8223 current=src/libImaging/Resample.c
[2026-09-19T13:10:03Z] [iter=1] HEARTBEAT target_type=call_site elapsed_min=201.1 files_done=300 resolved=11804 errors=8326 current=src/libImaging/Geometry.c
[2026-09-19T13:13:39Z] [iter=1] HEARTBEAT target_type=call_site elapsed_min=204.7 files_done=301 resolved=11804 errors=8479 current=src/Tk/tkImaging.c
[2026-09-19T13:14:36Z] [iter=1] HEARTBEAT target_type=call_site elapsed_min=205.7 files_done=302 resolved=11815 errors=8519 current=src/_webp.c
[2026-09-19T13:15:40Z] [iter=1] HEARTBEAT target_type=call_site elapsed_min=206.7 files_done=303 resolved=11816 errors=8564 current=src/_avif.c
[2026-09-19T13:16:21Z] [iter=1] HEARTBEAT target_type=call_site elapsed_min=207.4 files_done=304 resolved=11816 errors=8593 current=src/_imagingcms.c
[2026-09-19T13:18:09Z] [iter=1] HEARTBEAT target_type=call_site elapsed_min=209.2 files_done=305 resolved=11816 errors=8669 current=src/libImaging/Storage.c
[2026-09-19T13:19:55Z] [iter=1] HEARTBEAT target_type=call_site elapsed_min=211.0 files_done=306 resolved=11906 errors=8744 current=src/display.c
[2026-09-19T13:21:14Z] [iter=1] HEARTBEAT target_type=call_site elapsed_min=212.3 files_done=309 resolved=11948 errors=8800 current=src/libImaging/Quant.c
[2026-09-19T13:23:59Z] [iter=1] HEARTBEAT target_type=call_site elapsed_min=215.1 files_done=310 resolved=12129 errors=8916 current=src/_imagingft.c
[2026-09-19T13:27:20Z] [iter=1] HEARTBEAT target_type=call_site elapsed_min=218.4 files_done=311 resolved=12138 errors=9058 current=src/libImaging/ZipEncode.c
[2026-09-19T13:31:23Z] [iter=1] HEARTBEAT target_type=call_site elapsed_min=222.5 files_done=313 resolved=12167 errors=9230 current=src/libImaging/File.c
[2026-09-19T13:33:28Z] [iter=1] HEARTBEAT target_type=call_site elapsed_min=224.5 files_done=315 resolved=12167 errors=9318 current=src/libImaging/GetBBox.c
[2026-09-19T13:34:06Z] [iter=1] HEARTBEAT target_type=call_site elapsed_min=225.2 files_done=316 resolved=12167 errors=9345 current=src/libImaging/Jpeg2KEncode.c
[2026-09-19T13:34:57Z] [iter=1] HEARTBEAT target_type=call_site elapsed_min=226.0 files_done=318 resolved=12184 errors=9381 current=src/libImaging/Access.c
[2026-09-19T13:36:04Z] [iter=1] HEARTBEAT target_type=call_site elapsed_min=227.1 files_done=319 resolved=12184 errors=9428 current=src/libImaging/Bands.c
[2026-09-19T13:37:08Z] [iter=1] HEARTBEAT target_type=call_site elapsed_min=228.2 files_done=320 resolved=12184 errors=9473 current=src/_imagingmath.c
[2026-09-19T13:38:16Z] [iter=1] HEARTBEAT target_type=call_site elapsed_min=229.3 files_done=321 resolved=12185 errors=9521 current=src/libImaging/Effects.c
[2026-09-19T13:38:57Z] [iter=1] HEARTBEAT target_type=call_site elapsed_min=230.0 files_done=323 resolved=12204 errors=9550 current=src/libImaging/UnsharpMask.c
[2026-09-19T13:41:22Z] [iter=1] HEARTBEAT target_type=call_site elapsed_min=232.4 files_done=326 resolved=12204 errors=9652 current=src/decode.c
[2026-09-19T13:43:03Z] [iter=1] HEARTBEAT target_type=call_site elapsed_min=234.1 files_done=327 resolved=12210 errors=9724 current=src/libImaging/Palette.c
[2026-09-19T13:43:42Z] [iter=1] HEARTBEAT target_type=call_site elapsed_min=234.8 files_done=328 resolved=12210 errors=9752 current=src/libImaging/Point.c
[2026-09-19T13:44:19Z] [iter=1] HEARTBEAT target_type=call_site elapsed_min=235.4 files_done=329 resolved=12210 errors=9778 current=src/libImaging/Copy.c
[2026-09-19T13:45:22Z] [iter=1] HEARTBEAT target_type=call_site elapsed_min=236.4 files_done=331 resolved=12210 errors=9822 current=src/libImaging/Chops.c
[2026-09-19T13:48:00Z] [iter=1] HEARTBEAT target_type=call_site elapsed_min=239.1 files_done=333 resolved=12210 errors=9933 current=src/_imagingtk.c
[2026-09-19T13:48:44Z] [iter=1] HEARTBEAT target_type=call_site elapsed_min=239.8 files_done=336 resolved=12210 errors=9964 current=src/outline.c
[2026-09-19T13:48:58Z] [iter=1] CHECKPOINT TRIGGERED elapsed_min=240.0 files_completed=336 new_files_this_iter=336 mem_mb=1033 MB
[2026-09-19T13:48:58Z] [iter=1] Writing partial enrichment graph path=/home/runner/work/forx/forx/storage/aggregate/lsp/89f1f4626a2aaf5f3d5ca6437f41def2998fbe09.nq.gz triples=140496
[2026-09-19T13:49:00Z] [iter=1] Checkpoint written, exiting with code 7
[2026-09-19T13:49:00Z] [iter=1] PHASE END: enrich (checkpointed) elapsed_s=14402 elapsed_min=240.0 files_completed=336
