[2026-09-22T12:18:24Z] === ENRICH ITERATION 1 START | repo=python-pillow/Pillow sha=da59ad00 ===
[2026-09-22T12:18:24Z] [iter=1] PHASE START: enrich repo=python-pillow/Pillow sha=da59ad00 runlog=/home/runner/work/forx/forx/storage/aggregate/lsp/logs/da59ad00-enrich-iter-001.log output=/home/runner/work/forx/forx/storage/aggregate/lsp/da59ad000d1405eaecd557175e29083a87d19f7c.nq.gz
[2026-09-22T12:18:24Z] [iter=1] Step 1: Loading AST into disk-backed store mem_mb=78 MB
[2026-09-22T12:18:57Z] [iter=1] AST store loaded triples=3865922 load_secs=32 mem_mb=910 MB
[2026-09-22T12:18:57Z] [iter=1] Step 2: Finding LSP targets mem_mb=910 MB
[2026-09-22T12:19:04Z] [iter=1] LSP targets found call_sites=25434 imports=805 extends=116 implements=0 secs=7
[2026-09-22T12:19:09Z] [iter=1] Step 2.7: Building position index (one-shot, shared across resolvers) mem_mb=910 MB
[2026-09-22T12:19:33Z] [iter=1] Position index built positions=255758 nodes_with_types=320263 secs=24 mem_mb=910 MB
[2026-09-22T12:19:33Z] [iter=1] Step 3: Starting LSP resolution mem_mb=910 MB already_completed_types=[] already_completed_files=0
[2026-09-22T12:19:33Z] [iter=1] Resolving target type target_type=call_site count=25434
[2026-09-22T12:19:34Z] [iter=1] HEARTBEAT target_type=call_site elapsed_min=1.2 files_done=0 resolved=0 errors=0 current=src/thirdparty/raqm/raqm.c
[2026-09-22T12:23:33Z] [iter=1] HEARTBEAT target_type=call_site elapsed_min=5.2 files_done=1 resolved=9 errors=146 current=src/libImaging/Reduce.c
[2026-09-22T12:26:50Z] [iter=1] HEARTBEAT target_type=call_site elapsed_min=8.4 files_done=2 resolved=9 errors=265 current=src/libImaging/Paste.c
[2026-09-22T12:29:05Z] [iter=1] HEARTBEAT target_type=call_site elapsed_min=10.7 files_done=3 resolved=9 errors=346 current=src/libImaging/codec_fd.c
[2026-09-22T12:31:13Z] [iter=1] HEARTBEAT target_type=call_site elapsed_min=12.8 files_done=5 resolved=9 errors=423 current=src/libImaging/Geometry.c
[2026-09-22T12:35:26Z] [iter=1] HEARTBEAT target_type=call_site elapsed_min=17.0 files_done=6 resolved=9 errors=576 current=src/libImaging/Quant.c
[2026-09-22T12:38:38Z] [iter=1] HEARTBEAT target_type=call_site elapsed_min=20.2 files_done=7 resolved=192 errors=692 current=src/libImaging/Unpack.c
[2026-09-22T12:42:26Z] [iter=1] HEARTBEAT target_type=call_site elapsed_min=24.0 files_done=8 resolved=192 errors=830 current=src/libImaging/GetBBox.c
[2026-09-22T12:43:11Z] [iter=1] HEARTBEAT target_type=call_site elapsed_min=24.8 files_done=9 resolved=192 errors=857 current=src/libImaging/Access.c
[2026-09-22T12:44:29Z] [iter=1] HEARTBEAT target_type=call_site elapsed_min=26.1 files_done=10 resolved=192 errors=904 current=src/_imaging.c
[2026-09-22T12:55:47Z] [iter=1] HEARTBEAT target_type=call_site elapsed_min=37.4 files_done=11 resolved=195 errors=1313 current=src/libImaging/GifEncode.c
[2026-09-22T12:56:33Z] [iter=1] HEARTBEAT target_type=call_site elapsed_min=38.2 files_done=13 resolved=196 errors=1341 current=src/decode.c
[2026-09-22T12:58:33Z] [iter=1] HEARTBEAT target_type=call_site elapsed_min=40.1 files_done=14 resolved=202 errors=1413 current=src/libImaging/BoxBlur.c
[2026-09-22T13:00:37Z] [iter=1] HEARTBEAT target_type=call_site elapsed_min=42.2 files_done=15 resolved=202 errors=1488 current=src/libImaging/Convert.c
[2026-09-22T13:06:27Z] [iter=1] HEARTBEAT target_type=call_site elapsed_min=48.1 files_done=16 resolved=202 errors=1700 current=src/_imagingmath.c
[2026-09-22T13:07:45Z] [iter=1] HEARTBEAT target_type=call_site elapsed_min=49.3 files_done=17 resolved=203 errors=1747 current=src/libImaging/Bands.c
[2026-09-22T13:08:59Z] [iter=1] HEARTBEAT target_type=call_site elapsed_min=50.6 files_done=18 resolved=203 errors=1792 current=src/libImaging/Resample.c
[2026-09-22T13:11:24Z] [iter=1] HEARTBEAT target_type=call_site elapsed_min=53.0 files_done=19 resolved=207 errors=1880 current=src/libImaging/Palette.c
[2026-09-22T13:12:11Z] [iter=1] HEARTBEAT target_type=call_site elapsed_min=53.8 files_done=20 resolved=207 errors=1908 current=src/thirdparty/fribidi-shim/fribidi.c
[2026-09-22T13:12:58Z] [iter=1] HEARTBEAT target_type=call_site elapsed_min=54.6 files_done=22 resolved=230 errors=1937 current=src/libImaging/TiffDecode.c
[2026-09-22T13:17:20Z] [iter=1] HEARTBEAT target_type=call_site elapsed_min=58.9 files_done=25 resolved=258 errors=2100 current=src/encode.c
[2026-09-22T13:18:43Z] [iter=1] HEARTBEAT target_type=call_site elapsed_min=60.3 files_done=26 resolved=306 errors=2152 current=src/libImaging/Draw.c
[2026-09-22T13:23:06Z] [iter=1] HEARTBEAT target_type=call_site elapsed_min=64.7 files_done=27 resolved=349 errors=2315 current=src/_imagingft.c
[2026-09-22T13:26:09Z] [iter=1] HEARTBEAT target_type=call_site elapsed_min=67.8 files_done=28 resolved=357 errors=2429 current=src/libImaging/RankFilter.c
[2026-09-22T13:27:32Z] [iter=1] HEARTBEAT target_type=call_site elapsed_min=69.1 files_done=30 resolved=357 errors=2481 current=src/Tk/tkImaging.c
[2026-09-22T13:28:30Z] [iter=1] HEARTBEAT target_type=call_site elapsed_min=70.1 files_done=31 resolved=369 errors=2517 current=src/path.c
[2026-09-22T13:29:20Z] [iter=1] HEARTBEAT target_type=call_site elapsed_min=70.9 files_done=32 resolved=374 errors=2548 current=src/libImaging/QuantHeap.c
[2026-09-22T13:30:53Z] [iter=1] HEARTBEAT target_type=call_site elapsed_min=72.5 files_done=34 resolved=414 errors=2606 current=src/libImaging/AlphaComposite.c
[2026-09-22T13:31:49Z] [iter=1] HEARTBEAT target_type=call_site elapsed_min=73.4 files_done=36 resolved=414 errors=2641 current=src/libImaging/Except.c
[2026-09-22T13:33:24Z] [iter=1] HEARTBEAT target_type=call_site elapsed_min=75.0 files_done=40 resolved=445 errors=2700 current=src/libImaging/File.c
[2026-09-22T13:34:23Z] [iter=1] HEARTBEAT target_type=call_site elapsed_min=76.0 files_done=43 resolved=460 errors=2737 current=src/libImaging/Jpeg2KDecode.c
[2026-09-22T13:37:08Z] [iter=1] HEARTBEAT target_type=call_site elapsed_min=78.7 files_done=46 resolved=473 errors=2840 current=src/libImaging/Effects.c
[2026-09-22T13:37:41Z] [iter=1] HEARTBEAT target_type=call_site elapsed_min=79.3 files_done=48 resolved=475 errors=2860 current=src/libImaging/GifDecode.c
[2026-09-22T13:38:18Z] [iter=1] HEARTBEAT target_type=call_site elapsed_min=79.9 files_done=52 resolved=494 errors=2883 current=src/libImaging/ColorLUT.c
[2026-09-22T13:39:07Z] [iter=1] HEARTBEAT target_type=call_site elapsed_min=80.7 files_done=53 resolved=494 errors=2914 current=src/outline.c
[2026-09-22T13:39:39Z] [iter=1] HEARTBEAT target_type=call_site elapsed_min=81.3 files_done=55 resolved=507 errors=2934 current=src/libImaging/Pack.c
[2026-09-22T13:40:42Z] [iter=1] HEARTBEAT target_type=call_site elapsed_min=82.3 files_done=57 resolved=507 errors=2973 current=src/libImaging/XbmDecode.c
[2026-09-22T13:41:13Z] [iter=1] HEARTBEAT target_type=call_site elapsed_min=82.8 files_done=62 resolved=522 errors=2992 current=src/libImaging/Chops.c
[2026-09-22T13:41:43Z] [iter=1] HEARTBEAT target_type=call_site elapsed_min=83.3 files_done=63 resolved=522 errors=3011 current=src/_imagingtk.c
[2026-09-22T13:42:23Z] [iter=1] HEARTBEAT target_type=call_site elapsed_min=84.0 files_done=69 resolved=563 errors=3036 current=src/libImaging/SgiRleDecode.c
[2026-09-22T13:42:54Z] [iter=1] HEARTBEAT target_type=call_site elapsed_min=84.5 files_done=71 resolved=563 errors=3055 current=src/libImaging/PackDecode.c
[2026-09-22T13:43:29Z] [iter=1] HEARTBEAT target_type=call_site elapsed_min=85.1 files_done=76 resolved=563 errors=3077 current=src/libImaging/PcxDecode.c
[2026-09-22T13:48:39Z] [iter=1] HEARTBEAT target_type=call_site elapsed_min=90.3 files_done=83 resolved=702 errors=3261 current=src/PIL/Image.py
[2026-09-22T13:57:45Z] [iter=1] HEARTBEAT target_type=call_site elapsed_min=99.4 files_done=84 resolved=1033 errors=3543 current=src/PIL/ImageGrab.py
[2026-09-22T14:00:35Z] [iter=1] HEARTBEAT target_type=call_site elapsed_min=102.2 files_done=87 resolved=1232 errors=3646 current=src/PIL/PdfParser.py
[2026-09-22T14:03:32Z] [iter=1] HEARTBEAT target_type=call_site elapsed_min=105.1 files_done=88 resolved=1541 errors=3751 current=Tests/test_imagedraw.py
[2026-09-22T14:07:00Z] [iter=1] HEARTBEAT target_type=call_site elapsed_min=108.6 files_done=89 resolved=1918 errors=3879 current=Tests/test_imagefont.py
[2026-09-22T14:08:27Z] [iter=1] HEARTBEAT target_type=call_site elapsed_min=110.0 files_done=90 resolved=2152 errors=3930 current=src/PIL/TiffImagePlugin.py
[2026-09-22T14:13:12Z] [iter=1] HEARTBEAT target_type=call_site elapsed_min=114.8 files_done=91 resolved=2480 errors=4099 current=Tests/test_image_quantize.py
[2026-09-22T14:14:02Z] [iter=1] HEARTBEAT target_type=call_site elapsed_min=115.6 files_done=93 resolved=2592 errors=4129 current=Tests/test_features.py
[2026-09-22T14:15:54Z] [iter=1] HEARTBEAT target_type=call_site elapsed_min=117.5 files_done=95 resolved=2987 errors=4195 current=src/PIL/IcnsImagePlugin.py
[2026-09-22T14:16:47Z] [iter=1] HEARTBEAT target_type=call_site elapsed_min=118.4 files_done=96 resolved=3030 errors=4226 current=Tests/test_image_rotate.py
[2026-09-22T14:17:26Z] [iter=1] HEARTBEAT target_type=call_site elapsed_min=119.0 files_done=97 resolved=3050 errors=4250 current=Tests/test_image_resample.py
[2026-09-22T14:20:36Z] [iter=1] HEARTBEAT target_type=call_site elapsed_min=122.2 files_done=98 resolved=3154 errors=4367 current=src/PIL/ImageCms.py
[2026-09-22T14:22:05Z] [iter=1] HEARTBEAT target_type=call_site elapsed_min=123.7 files_done=99 resolved=3189 errors=4420 current=Tests/test_file_tga.py
[2026-09-22T14:23:15Z] [iter=1] HEARTBEAT target_type=call_site elapsed_min=124.9 files_done=101 resolved=3258 errors=4463 current=src/PIL/FitsImagePlugin.py
[2026-09-22T14:23:58Z] [iter=1] HEARTBEAT target_type=call_site elapsed_min=125.6 files_done=104 resolved=3335 errors=4489 current=Tests/test_file_libtiff.py
[2026-09-22T14:26:40Z] [iter=1] HEARTBEAT target_type=call_site elapsed_min=128.3 files_done=105 resolved=3538 errors=4587 current=src/PIL/SgiImagePlugin.py
[2026-09-22T14:27:11Z] [iter=1] HEARTBEAT target_type=call_site elapsed_min=128.8 files_done=107 resolved=3563 errors=4605 current=Tests/test_image.py
[2026-09-22T14:28:37Z] [iter=1] HEARTBEAT target_type=call_site elapsed_min=130.2 files_done=108 resolved=3798 errors=4657 current=Tests/test_file_apng.py
[2026-09-22T14:29:28Z] [iter=1] HEARTBEAT target_type=call_site elapsed_min=131.1 files_done=111 resolved=4032 errors=4685 current=Tests/test_file_container.py
[2026-09-22T14:30:04Z] [iter=1] HEARTBEAT target_type=call_site elapsed_min=131.7 files_done=114 resolved=4132 errors=4706 current=winbuild/build_prepare.py
[2026-09-22T14:31:43Z] [iter=1] HEARTBEAT target_type=call_site elapsed_min=133.3 files_done=115 resolved=4269 errors=4764 current=src/PIL/ImageFont.py
[2026-09-22T14:32:35Z] [iter=1] HEARTBEAT target_type=call_site elapsed_min=134.2 files_done=116 resolved=4321 errors=4795 current=src/PIL/ImagePalette.py
[2026-09-22T14:37:11Z] [iter=1] HEARTBEAT target_type=call_site elapsed_min=138.8 files_done=118 resolved=4606 errors=4960 current=Tests/test_file_psd.py
[2026-09-22T14:38:40Z] [iter=1] HEARTBEAT target_type=call_site elapsed_min=140.3 files_done=120 resolved=4650 errors=5014 current=Tests/test_deprecate.py
[2026-09-22T14:39:54Z] [iter=1] HEARTBEAT target_type=call_site elapsed_min=141.5 files_done=122 resolved=4675 errors=5059 current=Tests/test_imagesequence.py
[2026-09-22T14:40:46Z] [iter=1] HEARTBEAT target_type=call_site elapsed_min=142.4 files_done=124 resolved=4703 errors=5087 current=src/PIL/PyAccess.py
[2026-09-22T14:42:32Z] [iter=1] HEARTBEAT target_type=call_site elapsed_min=144.1 files_done=126 resolved=4752 errors=5147 current=Tests/test_file_png.py
[2026-09-22T14:45:09Z] [iter=1] HEARTBEAT target_type=call_site elapsed_min=146.7 files_done=127 resolved=4934 errors=5242 current=src/PIL/ImageDraw.py
[2026-09-22T14:47:19Z] [iter=1] HEARTBEAT target_type=call_site elapsed_min=148.9 files_done=128 resolved=5036 errors=5320 current=Tests/test_file_webp_animated.py
[2026-09-22T14:47:59Z] [iter=1] HEARTBEAT target_type=call_site elapsed_min=149.6 files_done=131 resolved=5192 errors=5344 current=Tests/test_file_pcx.py
[2026-09-22T14:50:01Z] [iter=1] HEARTBEAT target_type=call_site elapsed_min=151.6 files_done=133 resolved=5380 errors=5419 current=src/PIL/BlpImagePlugin.py
[2026-09-22T14:51:32Z] [iter=1] HEARTBEAT target_type=call_site elapsed_min=153.1 files_done=134 resolved=5443 errors=5473 current=Tests/test_file_dds.py
[2026-09-22T14:52:37Z] [iter=1] HEARTBEAT target_type=call_site elapsed_min=154.2 files_done=136 resolved=5494 errors=5512 current=Tests/test_image_thumbnail.py
[2026-09-22T14:53:15Z] [iter=1] HEARTBEAT target_type=call_site elapsed_min=154.9 files_done=138 resolved=5578 errors=5534 current=Tests/test_file_jpeg2k.py
[2026-09-22T14:54:11Z] [iter=1] HEARTBEAT target_type=call_site elapsed_min=155.8 files_done=139 resolved=5645 errors=5568 current=src/PIL/XbmImagePlugin.py
[2026-09-22T14:55:06Z] [iter=1] HEARTBEAT target_type=call_site elapsed_min=156.7 files_done=142 resolved=5712 errors=5601 current=src/PIL/JpegImagePlugin.py
[2026-09-22T14:56:22Z] [iter=1] HEARTBEAT target_type=call_site elapsed_min=158.0 files_done=143 resolved=5807 errors=5647 current=Tests/test_box_blur.py
[2026-09-22T14:57:08Z] [iter=1] HEARTBEAT target_type=call_site elapsed_min=158.7 files_done=144 resolved=5838 errors=5675 current=Tests/test_image_access.py
[2026-09-22T14:58:14Z] [iter=1] HEARTBEAT target_type=call_site elapsed_min=159.8 files_done=145 resolved=5919 errors=5714 current=Tests/test_numpy.py
[2026-09-22T14:59:31Z] [iter=1] HEARTBEAT target_type=call_site elapsed_min=161.1 files_done=146 resolved=5962 errors=5761 current=Tests/test_file_tiff_metadata.py
[2026-09-22T15:00:13Z] [iter=1] HEARTBEAT target_type=call_site elapsed_min=161.8 files_done=148 resolved=6086 errors=5786 current=Tests/test_lib_pack.py
[2026-09-22T15:08:51Z] [iter=1] HEARTBEAT target_type=call_site elapsed_min=170.4 files_done=149 resolved=6103 errors=6108 current=Tests/test_imagedraw2.py
[2026-09-22T15:09:54Z] [iter=1] HEARTBEAT target_type=call_site elapsed_min=171.5 files_done=151 resolved=6276 errors=6146 current=Tests/test_qt_image_qapplication.py
[2026-09-22T15:10:39Z] [iter=1] HEARTBEAT target_type=call_site elapsed_min=172.2 files_done=153 resolved=6337 errors=6173 current=src/PIL/CurImagePlugin.py
[2026-09-22T15:11:32Z] [iter=1] HEARTBEAT target_type=call_site elapsed_min=173.1 files_done=155 resolved=6392 errors=6206 current=Tests/test_imagefile.py
[2026-09-22T15:12:51Z] [iter=1] HEARTBEAT target_type=call_site elapsed_min=174.4 files_done=156 resolved=6465 errors=6254 current=Tests/test_image_histogram.py
[2026-09-22T15:13:43Z] [iter=1] HEARTBEAT target_type=call_site elapsed_min=175.3 files_done=158 resolved=6511 errors=6286 current=Tests/test_file_webp_alpha.py
[2026-09-22T15:17:46Z] [iter=1] HEARTBEAT target_type=call_site elapsed_min=179.4 files_done=161 resolved=6692 errors=6434 current=docs/example/anchors.py
[2026-09-22T15:18:37Z] [iter=1] HEARTBEAT target_type=call_site elapsed_min=180.2 files_done=164 resolved=6741 errors=6464 current=Tests/test_imagepalette.py
[2026-09-22T15:19:14Z] [iter=1] HEARTBEAT target_type=call_site elapsed_min=180.8 files_done=169 resolved=6856 errors=6485 current=Tests/test_color_lut.py
[2026-09-22T15:20:10Z] [iter=1] HEARTBEAT target_type=call_site elapsed_min=181.8 files_done=170 resolved=7016 errors=6519 current=Tests/test_image_putdata.py
[2026-09-22T15:21:20Z] [iter=1] HEARTBEAT target_type=call_site elapsed_min=182.9 files_done=172 resolved=7093 errors=6561 current=Tests/test_file_gribstub.py
[2026-09-22T15:21:56Z] [iter=1] HEARTBEAT target_type=call_site elapsed_min=183.5 files_done=174 resolved=7124 errors=6582 current=Tests/test_file_tiff.py
[2026-09-22T15:22:56Z] [iter=1] HEARTBEAT target_type=call_site elapsed_min=184.5 files_done=175 resolved=7282 errors=6617 current=src/PIL/WebPImagePlugin.py
[2026-09-22T15:23:29Z] [iter=1] HEARTBEAT target_type=call_site elapsed_min=185.1 files_done=176 resolved=7304 errors=6636 current=Tests/oss-fuzz/test_fuzzers.py
[2026-09-22T15:24:12Z] [iter=1] HEARTBEAT target_type=call_site elapsed_min=185.8 files_done=179 resolved=7405 errors=6662 current=Tests/test_lib_image.py
[2026-09-22T15:24:44Z] [iter=1] HEARTBEAT target_type=call_site elapsed_min=186.3 files_done=181 resolved=7409 errors=6681 current=Tests/test_imagecolor.py
[2026-09-22T15:25:25Z] [iter=1] HEARTBEAT target_type=call_site elapsed_min=187.0 files_done=183 resolved=7539 errors=6706 current=Tests/test_image_transform.py
[2026-09-22T15:26:06Z] [iter=1] HEARTBEAT target_type=call_site elapsed_min=187.7 files_done=184 resolved=7592 errors=6731 current=src/PIL/DdsImagePlugin.py
[2026-09-22T15:26:49Z] [iter=1] HEARTBEAT target_type=call_site elapsed_min=188.4 files_done=185 resolved=7615 errors=6757 current=Tests/test_file_palm.py
[2026-09-22T15:27:42Z] [iter=1] HEARTBEAT target_type=call_site elapsed_min=189.3 files_done=187 resolved=7679 errors=6789 current=Tests/test_util.py
[2026-09-22T15:29:22Z] [iter=1] HEARTBEAT target_type=call_site elapsed_min=191.0 files_done=189 resolved=7724 errors=6850 current=Tests/test_file_tar.py
[2026-09-22T15:29:56Z] [iter=1] HEARTBEAT target_type=call_site elapsed_min=191.5 files_done=192 resolved=7769 errors=6870 current=Tests/test_imagemorph.py
[2026-09-22T15:30:53Z] [iter=1] HEARTBEAT target_type=call_site elapsed_min=192.5 files_done=194 resolved=7914 errors=6904 current=src/PIL/ImageColor.py
[2026-09-22T15:31:24Z] [iter=1] HEARTBEAT target_type=call_site elapsed_min=193.0 files_done=196 resolved=7997 errors=6912 current=Tests/test_file_spider.py
[2026-09-22T15:32:36Z] [iter=1] HEARTBEAT target_type=call_site elapsed_min=194.2 files_done=198 resolved=8041 errors=6955 current=docs/example/DdsImagePlugin.py
[2026-09-22T15:33:13Z] [iter=1] HEARTBEAT target_type=call_site elapsed_min=194.8 files_done=199 resolved=8074 errors=6978 current=src/PIL/ImageOps.py
[2026-09-22T15:34:16Z] [iter=1] HEARTBEAT target_type=call_site elapsed_min=195.9 files_done=200 resolved=8160 errors=6999 current=Tests/check_jpeg_leaks.py
[2026-09-22T15:34:46Z] [iter=1] HEARTBEAT target_type=call_site elapsed_min=196.4 files_done=203 resolved=8232 errors=7017 current=Tests/test_format_lab.py
[2026-09-22T15:35:29Z] [iter=1] HEARTBEAT target_type=call_site elapsed_min=197.1 files_done=205 resolved=8379 errors=7043 current=src/PIL/ImageChops.py
[2026-09-22T15:36:09Z] [iter=1] HEARTBEAT target_type=call_site elapsed_min=197.8 files_done=207 resolved=8386 errors=7066 current=src/PIL/ImageWin.py
[2026-09-22T15:37:16Z] [iter=1] HEARTBEAT target_type=call_site elapsed_min=198.9 files_done=210 resolved=8455 errors=7106 current=src/PIL/ImageTk.py
[2026-09-22T15:38:19Z] [iter=1] HEARTBEAT target_type=call_site elapsed_min=199.9 files_done=212 resolved=8483 errors=7141 current=Tests/createfontdatachunk.py
[2026-09-22T15:40:10Z] [iter=1] HEARTBEAT target_type=call_site elapsed_min=201.8 files_done=214 resolved=8525 errors=7209 current=Tests/test_image_load.py
[2026-09-22T15:43:45Z] [iter=1] HEARTBEAT target_type=call_site elapsed_min=205.3 files_done=216 resolved=8612 errors=7334 current=Tests/test_file_webp.py
[2026-09-22T15:44:19Z] [iter=1] HEARTBEAT target_type=call_site elapsed_min=205.9 files_done=217 resolved=8654 errors=7355 current=Tests/test_file_webp_metadata.py
[2026-09-22T15:45:20Z] [iter=1] HEARTBEAT target_type=call_site elapsed_min=206.9 files_done=219 resolved=8722 errors=7392 current=Tests/test_bmp_reference.py
[2026-09-22T15:46:14Z] [iter=1] HEARTBEAT target_type=call_site elapsed_min=207.8 files_done=221 resolved=8751 errors=7425 current=Tests/test_image_crop.py
[2026-09-22T15:49:13Z] [iter=1] HEARTBEAT target_type=call_site elapsed_min=210.8 files_done=224 resolved=8783 errors=7536 current=Tests/test_map.py
[2026-09-22T15:49:44Z] [iter=1] HEARTBEAT target_type=call_site elapsed_min=211.3 files_done=228 resolved=8810 errors=7555 current=Tests/test_imageshow.py
[2026-09-22T15:50:33Z] [iter=1] HEARTBEAT target_type=call_site elapsed_min=212.1 files_done=231 resolved=8862 errors=7584 current=Tests/test_file_ppm.py
[2026-09-22T15:51:42Z] [iter=1] HEARTBEAT target_type=call_site elapsed_min=213.3 files_done=235 resolved=8995 errors=7626 current=Tests/test_file_dcx.py
[2026-09-22T15:52:18Z] [iter=1] HEARTBEAT target_type=call_site elapsed_min=213.9 files_done=238 resolved=9041 errors=7648 current=Tests/test_file_xpm.py
[2026-09-22T15:53:08Z] [iter=1] HEARTBEAT target_type=call_site elapsed_min=214.7 files_done=240 resolved=9088 errors=7677 current=src/PIL/ImImagePlugin.py
[2026-09-22T15:53:46Z] [iter=1] HEARTBEAT target_type=call_site elapsed_min=215.4 files_done=243 resolved=9160 errors=7699 current=src/PIL/WalImageFile.py
[2026-09-22T15:54:17Z] [iter=1] HEARTBEAT target_type=call_site elapsed_min=215.9 files_done=248 resolved=9262 errors=7717 current=Tests/oss-fuzz/fuzz_pillow.py
[2026-09-22T15:55:22Z] [iter=1] HEARTBEAT target_type=call_site elapsed_min=217.0 files_done=251 resolved=9307 errors=7756 current=Tests/test_imageenhance.py
[2026-09-22T15:56:11Z] [iter=1] HEARTBEAT target_type=call_site elapsed_min=217.8 files_done=256 resolved=9369 errors=7786 current=Tests/test_font_pcf_charsets.py
[2026-09-22T15:56:45Z] [iter=1] HEARTBEAT target_type=call_site elapsed_min=218.3 files_done=259 resolved=9429 errors=7806 current=Tests/bench_cffi_access.py
[2026-09-22T15:57:56Z] [iter=1] HEARTBEAT target_type=call_site elapsed_min=219.5 files_done=262 resolved=9476 errors=7849 current=_custom_build/backend.py
[2026-09-22T15:58:28Z] [iter=1] HEARTBEAT target_type=call_site elapsed_min=220.1 files_done=270 resolved=9568 errors=7868 current=src/PIL/GdImageFile.py
[2026-09-22T15:58:59Z] [iter=1] HEARTBEAT target_type=call_site elapsed_min=220.6 files_done=273 resolved=9596 errors=7887 current=src/PIL/TiffTags.py
[2026-09-22T15:59:41Z] [iter=1] HEARTBEAT target_type=call_site elapsed_min=221.3 files_done=279 resolved=9651 errors=7912 current=Tests/test_file_fpx.py
[2026-09-22T16:00:12Z] [iter=1] HEARTBEAT target_type=call_site elapsed_min=221.8 files_done=286 resolved=9727 errors=7931 current=Tests/test_font_crash.py
[2026-09-22T16:00:45Z] [iter=1] HEARTBEAT target_type=call_site elapsed_min=222.4 files_done=289 resolved=9781 errors=7951 current=src/PIL/GbrImagePlugin.py
[2026-09-22T16:01:43Z] [iter=1] HEARTBEAT target_type=call_site elapsed_min=223.3 files_done=294 resolved=9841 errors=7986 current=Tests/check_large_memory.py
[2026-09-22T16:02:15Z] [iter=1] HEARTBEAT target_type=call_site elapsed_min=223.9 files_done=306 resolved=9953 errors=8005 current=src/PIL/XVThumbImagePlugin.py
[2026-09-22T16:02:55Z] [iter=1] HEARTBEAT target_type=call_site elapsed_min=224.5 files_done=313 resolved=10000 errors=8029 current=Tests/test_file_sgi.py
[2026-09-22T16:03:38Z] [iter=1] HEARTBEAT target_type=call_site elapsed_min=225.2 files_done=315 resolved=10024 errors=8056 current=src/PIL/GimpPaletteFile.py
[2026-09-22T16:04:14Z] [iter=1] HEARTBEAT target_type=call_site elapsed_min=225.8 files_done=320 resolved=10068 errors=8078 current=Tests/test_image_mode.py
[2026-09-22T16:04:45Z] [iter=1] HEARTBEAT target_type=call_site elapsed_min=226.4 files_done=327 resolved=10139 errors=8096 current=src/PIL/Hdf5StubImagePlugin.py
[2026-09-22T16:05:22Z] [iter=1] HEARTBEAT target_type=call_site elapsed_min=227.0 files_done=338 resolved=10182 errors=8118 current=Tests/test_binary.py
[2026-09-22T16:05:59Z] [iter=1] HEARTBEAT target_type=call_site elapsed_min=227.6 files_done=350 resolved=10220 errors=8141 current=Tests/check_fli_overflow.py
[2026-09-22T16:06:32Z] [iter=1] HEARTBEAT target_type=call_site elapsed_min=228.1 files_done=363 resolved=10244 errors=8156 current=.github/workflows/macos-install.sh
[2026-09-22T16:06:34Z] [iter=1] Target type resolved target_type=call_site resolved=10244 errors=8157 secs=13622 mem_mb=959 MB
[2026-09-22T16:06:34Z] [iter=1] Resolving target type target_type=import_statement count=805
[2026-09-22T16:06:45Z] [iter=1] Target type resolved target_type=import_statement resolved=631 errors=0 secs=11 mem_mb=959 MB
[2026-09-22T16:06:45Z] [iter=1] Resolving target type target_type=extends_clause count=116
[2026-09-22T16:06:48Z] [iter=1] Target type resolved target_type=extends_clause resolved=114 errors=0 secs=3 mem_mb=959 MB
[2026-09-22T16:07:06Z] [iter=1] Step 5: Writing final enrichment file triples=183219
[2026-09-22T16:07:08Z] [iter=1] Enrichment file written path=/home/runner/work/forx/forx/storage/aggregate/lsp/da59ad000d1405eaecd557175e29083a87d19f7c.nq.gz size_kb=3892
[2026-09-22T16:07:08Z] [iter=1] PHASE END: enrich elapsed_s=13724 elapsed_min=228.7 total_triples=183219
