[2026-09-25T07:12:32Z] === ENRICH ITERATION 1 START | repo=python-pillow/Pillow sha=e34d346f ===
[2026-09-25T07:12:32Z] [iter=1] PHASE START: enrich repo=python-pillow/Pillow sha=e34d346f runlog=/home/runner/work/forx/forx/storage/aggregate/lsp/logs/e34d346f-enrich-iter-001.log output=/home/runner/work/forx/forx/storage/aggregate/lsp/e34d346f10c0b1c814661e662a3e0c1ef084cf1c.nq.gz
[2026-09-25T07:12:32Z] [iter=1] Step 1: Loading AST into disk-backed store mem_mb=78 MB
[2026-09-25T07:13:07Z] [iter=1] AST store loaded triples=3883108 load_secs=34 mem_mb=911 MB
[2026-09-25T07:13:07Z] [iter=1] Step 2: Finding LSP targets mem_mb=911 MB
[2026-09-25T07:13:14Z] [iter=1] LSP targets found call_sites=25188 imports=835 extends=116 implements=0 secs=7
[2026-09-25T07:13:19Z] [iter=1] Step 2.7: Building position index (one-shot, shared across resolvers) mem_mb=911 MB
[2026-09-25T07:13:43Z] [iter=1] Position index built positions=253794 nodes_with_types=317746 secs=24 mem_mb=951 MB
[2026-09-25T07:13:43Z] [iter=1] Step 3: Starting LSP resolution mem_mb=951 MB already_completed_types=[] already_completed_files=0
[2026-09-25T07:13:43Z] [iter=1] Resolving target type target_type=call_site count=25188
[2026-09-25T07:13:49Z] [iter=1] HEARTBEAT target_type=call_site elapsed_min=1.3 files_done=0 resolved=0 errors=0 current=src/display.c
[2026-09-25T07:16:15Z] [iter=1] HEARTBEAT target_type=call_site elapsed_min=3.7 files_done=2 resolved=4 errors=88 current=src/encode.c
[2026-09-25T07:17:41Z] [iter=1] HEARTBEAT target_type=call_site elapsed_min=5.1 files_done=3 resolved=52 errors=140 current=src/libImaging/ZipEncode.c
[2026-09-25T07:20:03Z] [iter=1] HEARTBEAT target_type=call_site elapsed_min=7.5 files_done=5 resolved=84 errors=226 current=src/libImaging/TiffDecode.c
[2026-09-25T07:21:33Z] [iter=1] HEARTBEAT target_type=call_site elapsed_min=9.0 files_done=7 resolved=96 errors=281 current=src/libImaging/Draw.c
[2026-09-25T07:25:59Z] [iter=1] HEARTBEAT target_type=call_site elapsed_min=13.5 files_done=8 resolved=139 errors=442 current=src/_imagingft.c
[2026-09-25T07:28:50Z] [iter=1] HEARTBEAT target_type=call_site elapsed_min=16.3 files_done=9 resolved=147 errors=545 current=src/libImaging/Quant.c
[2026-09-25T07:32:01Z] [iter=1] HEARTBEAT target_type=call_site elapsed_min=19.5 files_done=10 resolved=330 errors=661 current=src/libImaging/Convert.c
[2026-09-25T07:37:50Z] [iter=1] HEARTBEAT target_type=call_site elapsed_min=25.3 files_done=11 resolved=330 errors=873 current=src/_webp.c
[2026-09-25T07:38:25Z] [iter=1] HEARTBEAT target_type=call_site elapsed_min=25.9 files_done=12 resolved=342 errors=894 current=src/_imaging.c
[2026-09-25T07:49:43Z] [iter=1] HEARTBEAT target_type=call_site elapsed_min=37.2 files_done=13 resolved=345 errors=1304 current=src/libImaging/Jpeg2KDecode.c
[2026-09-25T07:53:36Z] [iter=1] HEARTBEAT target_type=call_site elapsed_min=41.1 files_done=15 resolved=351 errors=1446 current=src/libImaging/BcnDecode.c
[2026-09-25T07:56:10Z] [iter=1] HEARTBEAT target_type=call_site elapsed_min=43.6 files_done=16 resolved=351 errors=1539 current=src/libImaging/Jpeg2KEncode.c
[2026-09-25T07:58:15Z] [iter=1] HEARTBEAT target_type=call_site elapsed_min=45.7 files_done=18 resolved=372 errors=1615 current=src/libImaging/Filter.c
[2026-09-25T08:02:21Z] [iter=1] HEARTBEAT target_type=call_site elapsed_min=49.8 files_done=19 resolved=372 errors=1764 current=src/libImaging/SunRleDecode.c
[2026-09-25T08:04:26Z] [iter=1] HEARTBEAT target_type=call_site elapsed_min=51.9 files_done=21 resolved=372 errors=1840 current=src/thirdparty/raqm/raqm.c
[2026-09-25T08:08:29Z] [iter=1] HEARTBEAT target_type=call_site elapsed_min=55.9 files_done=22 resolved=381 errors=1986 current=src/libImaging/Palette.c
[2026-09-25T08:09:15Z] [iter=1] HEARTBEAT target_type=call_site elapsed_min=56.7 files_done=23 resolved=381 errors=2014 current=src/path.c
[2026-09-25T08:10:06Z] [iter=1] HEARTBEAT target_type=call_site elapsed_min=57.6 files_done=24 resolved=386 errors=2045 current=src/outline.c
[2026-09-25T08:10:39Z] [iter=1] HEARTBEAT target_type=call_site elapsed_min=58.1 files_done=26 resolved=399 errors=2065 current=src/libImaging/QuantOctree.c
[2026-09-25T08:11:59Z] [iter=1] HEARTBEAT target_type=call_site elapsed_min=59.4 files_done=27 resolved=420 errors=2113 current=src/Tk/tkImaging.c
[2026-09-25T08:12:58Z] [iter=1] HEARTBEAT target_type=call_site elapsed_min=60.4 files_done=28 resolved=432 errors=2149 current=src/libImaging/Geometry.c
[2026-09-25T08:17:12Z] [iter=1] HEARTBEAT target_type=call_site elapsed_min=64.7 files_done=29 resolved=432 errors=2302 current=src/libImaging/QuantPngQuant.c
[2026-09-25T08:18:23Z] [iter=1] HEARTBEAT target_type=call_site elapsed_min=65.9 files_done=31 resolved=441 errors=2345 current=src/libImaging/BoxBlur.c
[2026-09-25T08:20:22Z] [iter=1] HEARTBEAT target_type=call_site elapsed_min=67.8 files_done=32 resolved=441 errors=2417 current=src/libImaging/Copy.c
[2026-09-25T08:22:16Z] [iter=1] HEARTBEAT target_type=call_site elapsed_min=69.7 files_done=35 resolved=467 errors=2486 current=src/libImaging/Dib.c
[2026-09-25T08:22:47Z] [iter=1] HEARTBEAT target_type=call_site elapsed_min=70.3 files_done=37 resolved=485 errors=2505 current=src/libImaging/RankFilter.c
[2026-09-25T08:26:30Z] [iter=1] HEARTBEAT target_type=call_site elapsed_min=74.0 files_done=39 resolved=485 errors=2640 current=src/libImaging/ColorLUT.c
[2026-09-25T08:27:21Z] [iter=1] HEARTBEAT target_type=call_site elapsed_min=74.8 files_done=40 resolved=485 errors=2671 current=src/thirdparty/fribidi-shim/fribidi.c
[2026-09-25T08:28:52Z] [iter=1] HEARTBEAT target_type=call_site elapsed_min=76.3 files_done=42 resolved=492 errors=2725 current=src/libImaging/Histo.c
[2026-09-25T08:29:52Z] [iter=1] HEARTBEAT target_type=call_site elapsed_min=77.3 files_done=43 resolved=492 errors=2761 current=src/libImaging/Fill.c
[2026-09-25T08:30:23Z] [iter=1] HEARTBEAT target_type=call_site elapsed_min=77.9 files_done=44 resolved=493 errors=2780 current=src/libImaging/GifEncode.c
[2026-09-25T08:31:12Z] [iter=1] HEARTBEAT target_type=call_site elapsed_min=78.7 files_done=47 resolved=508 errors=2809 current=src/libImaging/SgiRleDecode.c
[2026-09-25T08:32:25Z] [iter=1] HEARTBEAT target_type=call_site elapsed_min=79.9 files_done=49 resolved=508 errors=2853 current=src/_imagingmorph.c
[2026-09-25T08:33:21Z] [iter=1] HEARTBEAT target_type=call_site elapsed_min=80.8 files_done=51 resolved=508 errors=2887 current=src/libImaging/PcxDecode.c
[2026-09-25T08:33:56Z] [iter=1] HEARTBEAT target_type=call_site elapsed_min=81.4 files_done=55 resolved=524 errors=2908 current=src/libImaging/JpegEncode.c
[2026-09-25T08:34:54Z] [iter=1] HEARTBEAT target_type=call_site elapsed_min=82.4 files_done=58 resolved=534 errors=2943 current=src/libImaging/ModeFilter.c
[2026-09-25T08:35:25Z] [iter=1] HEARTBEAT target_type=call_site elapsed_min=82.9 files_done=62 resolved=535 errors=2961 current=src/libImaging/QuantHash.c
[2026-09-25T08:36:01Z] [iter=1] HEARTBEAT target_type=call_site elapsed_min=83.5 files_done=63 resolved=552 errors=2983 current=src/libImaging/TgaRleDecode.c
[2026-09-25T08:36:38Z] [iter=1] HEARTBEAT target_type=call_site elapsed_min=84.1 files_done=66 resolved=559 errors=3005 current=src/libImaging/Matrix.c
[2026-09-25T08:37:11Z] [iter=1] HEARTBEAT target_type=call_site elapsed_min=84.7 files_done=69 resolved=559 errors=3025 current=src/_imagingtk.c
[2026-09-25T08:37:44Z] [iter=1] HEARTBEAT target_type=call_site elapsed_min=85.2 files_done=72 resolved=559 errors=3045 current=src/libImaging/Negative.c
[2026-09-25T08:38:15Z] [iter=1] HEARTBEAT target_type=call_site elapsed_min=85.7 files_done=79 resolved=559 errors=3063 current=src/libImaging/PcxEncode.c
[2026-09-25T08:43:34Z] [iter=1] HEARTBEAT target_type=call_site elapsed_min=91.0 files_done=84 resolved=940 errors=3243 current=Tests/test_numpy.py
[2026-09-25T08:44:55Z] [iter=1] HEARTBEAT target_type=call_site elapsed_min=92.4 files_done=85 resolved=983 errors=3290 current=src/PIL/GifImagePlugin.py
[2026-09-25T08:48:35Z] [iter=1] HEARTBEAT target_type=call_site elapsed_min=96.1 files_done=86 resolved=1060 errors=3414 current=src/PIL/PngImagePlugin.py
[2026-09-25T08:53:32Z] [iter=1] HEARTBEAT target_type=call_site elapsed_min=101.0 files_done=87 resolved=1200 errors=3586 current=src/PIL/IptcImagePlugin.py
[2026-09-25T08:54:05Z] [iter=1] HEARTBEAT target_type=call_site elapsed_min=101.5 files_done=88 resolved=1223 errors=3605 current=Tests/test_file_gif.py
[2026-09-25T08:55:49Z] [iter=1] HEARTBEAT target_type=call_site elapsed_min=103.3 files_done=89 resolved=1560 errors=3664 current=Tests/test_imageenhance.py
[2026-09-25T08:59:46Z] [iter=1] HEARTBEAT target_type=call_site elapsed_min=107.2 files_done=92 resolved=1972 errors=3804 current=src/PIL/PdfParser.py
[2026-09-25T09:02:50Z] [iter=1] HEARTBEAT target_type=call_site elapsed_min=110.3 files_done=93 resolved=2281 errors=3909 current=winbuild/build_prepare.py
[2026-09-25T09:04:30Z] [iter=1] HEARTBEAT target_type=call_site elapsed_min=112.0 files_done=94 resolved=2419 errors=3965 current=src/PIL/Jpeg2KImagePlugin.py
[2026-09-25T09:05:27Z] [iter=1] HEARTBEAT target_type=call_site elapsed_min=112.9 files_done=95 resolved=2460 errors=3998 current=src/PIL/Image.py
[2026-09-25T09:14:48Z] [iter=1] HEARTBEAT target_type=call_site elapsed_min=122.3 files_done=96 resolved=2792 errors=4281 current=src/PIL/XVThumbImagePlugin.py
[2026-09-25T09:23:51Z] [iter=1] HEARTBEAT target_type=call_site elapsed_min=131.3 files_done=98 resolved=2822 errors=4605 current=Tests/test_tiff_ifdrational.py
[2026-09-25T09:24:36Z] [iter=1] HEARTBEAT target_type=call_site elapsed_min=132.1 files_done=100 resolved=2916 errors=4631 current=src/PIL/ImageFilter.py
[2026-09-25T09:26:17Z] [iter=1] HEARTBEAT target_type=call_site elapsed_min=133.7 files_done=102 resolved=3189 errors=4688 current=Tests/test_imagepalette.py
[2026-09-25T09:27:29Z] [iter=1] HEARTBEAT target_type=call_site elapsed_min=135.0 files_done=104 resolved=3338 errors=4728 current=src/PIL/ImageMath.py
[2026-09-25T09:29:05Z] [iter=1] HEARTBEAT target_type=call_site elapsed_min=136.6 files_done=105 resolved=3361 errors=4780 current=Tests/test_image_resample.py
[2026-09-25T09:32:23Z] [iter=1] HEARTBEAT target_type=call_site elapsed_min=139.8 files_done=106 resolved=3465 errors=4897 current=Tests/check_png_dos.py
[2026-09-25T09:33:13Z] [iter=1] HEARTBEAT target_type=call_site elapsed_min=140.7 files_done=108 resolved=3539 errors=4926 current=src/PIL/SpiderImagePlugin.py
[2026-09-25T09:33:50Z] [iter=1] HEARTBEAT target_type=call_site elapsed_min=141.3 files_done=109 resolved=3596 errors=4948 current=Tests/test_imageops.py
[2026-09-25T09:36:16Z] [iter=1] HEARTBEAT target_type=call_site elapsed_min=143.7 files_done=110 resolved=3749 errors=5034 current=Tests/test_image_resize.py
[2026-09-25T09:37:23Z] [iter=1] HEARTBEAT target_type=call_site elapsed_min=144.8 files_done=111 resolved=3766 errors=5072 current=Tests/test_file_palm.py
[2026-09-25T09:38:06Z] [iter=1] HEARTBEAT target_type=call_site elapsed_min=145.6 files_done=114 resolved=3815 errors=5097 current=src/PIL/PalmImagePlugin.py
[2026-09-25T09:38:49Z] [iter=1] HEARTBEAT target_type=call_site elapsed_min=146.3 files_done=115 resolved=3826 errors=5123 current=setup.py
[2026-09-25T09:43:10Z] [iter=1] HEARTBEAT target_type=call_site elapsed_min=150.6 files_done=116 resolved=4050 errors=5277 current=Tests/test_format_lab.py
[2026-09-25T09:44:00Z] [iter=1] HEARTBEAT target_type=call_site elapsed_min=151.5 files_done=121 resolved=4306 errors=5303 current=Tests/test_file_bufrstub.py
[2026-09-25T09:46:17Z] [iter=1] HEARTBEAT target_type=call_site elapsed_min=153.8 files_done=124 resolved=4424 errors=5383 current=Tests/test_file_libtiff_small.py
[2026-09-25T09:46:53Z] [iter=1] HEARTBEAT target_type=call_site elapsed_min=154.4 files_done=126 resolved=4536 errors=5404 current=Tests/test_file_sgi.py
[2026-09-25T09:48:08Z] [iter=1] HEARTBEAT target_type=call_site elapsed_min=155.6 files_done=129 resolved=4615 errors=5448 current=Tests/test_file_png.py
[2026-09-25T09:50:50Z] [iter=1] HEARTBEAT target_type=call_site elapsed_min=158.3 files_done=130 resolved=4797 errors=5543 current=src/PIL/ImageFont.py
[2026-09-25T09:51:43Z] [iter=1] HEARTBEAT target_type=call_site elapsed_min=159.2 files_done=131 resolved=4845 errors=5573 current=Tests/test_image_reduce.py
[2026-09-25T09:52:35Z] [iter=1] HEARTBEAT target_type=call_site elapsed_min=160.1 files_done=132 resolved=4893 errors=5604 current=src/PIL/ImagePalette.py
[2026-09-25T09:54:53Z] [iter=1] HEARTBEAT target_type=call_site elapsed_min=162.4 files_done=134 resolved=4980 errors=5683 current=src/PIL/PdfImagePlugin.py
[2026-09-25T09:56:10Z] [iter=1] HEARTBEAT target_type=call_site elapsed_min=163.6 files_done=135 resolved=4996 errors=5728 current=Tests/test_image_crop.py
[2026-09-25T09:56:55Z] [iter=1] HEARTBEAT target_type=call_site elapsed_min=164.4 files_done=137 resolved=5075 errors=5745 current=Tests/test_shell_injection.py
[2026-09-25T09:58:32Z] [iter=1] HEARTBEAT target_type=call_site elapsed_min=166.0 files_done=139 resolved=5156 errors=5802 current=src/PIL/ImageOps.py
[2026-09-25T09:59:37Z] [iter=1] HEARTBEAT target_type=call_site elapsed_min=167.1 files_done=140 resolved=5240 errors=5823 current=src/PIL/JpegImagePlugin.py
[2026-09-25T10:00:56Z] [iter=1] HEARTBEAT target_type=call_site elapsed_min=168.4 files_done=141 resolved=5333 errors=5869 current=Tests/test_image_transform.py
[2026-09-25T10:01:39Z] [iter=1] HEARTBEAT target_type=call_site elapsed_min=169.1 files_done=142 resolved=5386 errors=5894 current=Tests/test_file_fpx.py
[2026-09-25T10:02:15Z] [iter=1] HEARTBEAT target_type=call_site elapsed_min=169.7 files_done=144 resolved=5409 errors=5915 current=Tests/test_file_pdf.py
[2026-09-25T10:02:57Z] [iter=1] HEARTBEAT target_type=call_site elapsed_min=170.4 files_done=145 resolved=5511 errors=5939 current=Tests/test_file_tiff.py
[2026-09-25T10:03:59Z] [iter=1] HEARTBEAT target_type=call_site elapsed_min=171.5 files_done=146 resolved=5669 errors=5974 current=Tests/test_imagegrab.py
[2026-09-25T10:08:00Z] [iter=1] HEARTBEAT target_type=call_site elapsed_min=175.5 files_done=148 resolved=5859 errors=6116 current=Tests/test_imageops_usm.py
[2026-09-25T10:09:22Z] [iter=1] HEARTBEAT target_type=call_site elapsed_min=176.8 files_done=150 resolved=5900 errors=6162 current=Tests/helper.py
[2026-09-25T10:10:03Z] [iter=1] HEARTBEAT target_type=call_site elapsed_min=177.5 files_done=152 resolved=6074 errors=6185 current=Tests/test_image_transpose.py
[2026-09-25T10:10:42Z] [iter=1] HEARTBEAT target_type=call_site elapsed_min=178.2 files_done=153 resolved=6074 errors=6204 current=src/PIL/ImageShow.py
[2026-09-25T10:11:13Z] [iter=1] HEARTBEAT target_type=call_site elapsed_min=178.7 files_done=154 resolved=6104 errors=6222 current=Tests/test_file_webp.py
[2026-09-25T10:11:49Z] [iter=1] HEARTBEAT target_type=call_site elapsed_min=179.3 files_done=155 resolved=6141 errors=6243 current=src/PIL/XpmImagePlugin.py
[2026-09-25T10:12:25Z] [iter=1] HEARTBEAT target_type=call_site elapsed_min=179.9 files_done=157 resolved=6188 errors=6264 current=src/PIL/PyAccess.py
[2026-09-25T10:13:15Z] [iter=1] HEARTBEAT target_type=call_site elapsed_min=180.7 files_done=159 resolved=6268 errors=6293 current=Tests/test_image_getdata.py
[2026-09-25T10:14:09Z] [iter=1] HEARTBEAT target_type=call_site elapsed_min=181.6 files_done=163 resolved=6325 errors=6325 current=src/PIL/ImageCms.py
[2026-09-25T10:15:42Z] [iter=1] HEARTBEAT target_type=call_site elapsed_min=183.2 files_done=164 resolved=6360 errors=6378 current=Tests/test_file_webp_animated.py
[2026-09-25T10:16:45Z] [iter=1] HEARTBEAT target_type=call_site elapsed_min=184.2 files_done=166 resolved=6532 errors=6415 current=src/PIL/ImImagePlugin.py
[2026-09-25T10:18:36Z] [iter=1] HEARTBEAT target_type=call_site elapsed_min=186.1 files_done=168 resolved=6711 errors=6480 current=docs/example/DdsImagePlugin.py
[2026-09-25T10:19:15Z] [iter=1] HEARTBEAT target_type=call_site elapsed_min=186.7 files_done=169 resolved=6744 errors=6503 current=src/PIL/MicImagePlugin.py
[2026-09-25T10:20:14Z] [iter=1] HEARTBEAT target_type=call_site elapsed_min=187.7 files_done=171 resolved=6782 errors=6538 current=src/PIL/PcfFontFile.py
[2026-09-25T10:21:38Z] [iter=1] HEARTBEAT target_type=call_site elapsed_min=189.1 files_done=172 resolved=6806 errors=6587 current=Tests/test_image.py
[2026-09-25T10:23:08Z] [iter=1] HEARTBEAT target_type=call_site elapsed_min=190.6 files_done=173 resolved=7034 errors=6639 current=Tests/test_pdfparser.py
[2026-09-25T10:23:52Z] [iter=1] HEARTBEAT target_type=call_site elapsed_min=191.3 files_done=177 resolved=7197 errors=6663 current=src/PIL/ImageSequence.py
[2026-09-25T10:24:24Z] [iter=1] HEARTBEAT target_type=call_site elapsed_min=191.9 files_done=180 resolved=7254 errors=6681 current=Tests/test_file_bmp.py
[2026-09-25T10:25:01Z] [iter=1] HEARTBEAT target_type=call_site elapsed_min=192.5 files_done=181 resolved=7297 errors=6703 current=Tests/check_large_memory.py
[2026-09-25T10:26:15Z] [iter=1] HEARTBEAT target_type=call_site elapsed_min=193.7 files_done=185 resolved=7385 errors=6746 current=Tests/test_mode_i16.py
[2026-09-25T10:26:51Z] [iter=1] HEARTBEAT target_type=call_site elapsed_min=194.3 files_done=187 resolved=7413 errors=6767 current=src/PIL/ImageMorph.py
[2026-09-25T10:27:31Z] [iter=1] HEARTBEAT target_type=call_site elapsed_min=195.0 files_done=189 resolved=7477 errors=6789 current=Tests/test_file_container.py
[2026-09-25T10:28:32Z] [iter=1] HEARTBEAT target_type=call_site elapsed_min=196.0 files_done=191 resolved=7587 errors=6824 current=Tests/test_file_dcx.py
[2026-09-25T10:31:42Z] [iter=1] HEARTBEAT target_type=call_site elapsed_min=199.2 files_done=194 resolved=7816 errors=6935 current=src/PIL/TgaImagePlugin.py
[2026-09-25T10:32:24Z] [iter=1] HEARTBEAT target_type=call_site elapsed_min=199.9 files_done=195 resolved=7830 errors=6960 current=src/PIL/BlpImagePlugin.py
[2026-09-25T10:33:58Z] [iter=1] HEARTBEAT target_type=call_site elapsed_min=201.4 files_done=196 resolved=7891 errors=7014 current=Tests/test_lib_image.py
[2026-09-25T10:34:52Z] [iter=1] HEARTBEAT target_type=call_site elapsed_min=202.3 files_done=200 resolved=8045 errors=7045 current=Tests/test_image_array.py
[2026-09-25T10:35:26Z] [iter=1] HEARTBEAT target_type=call_site elapsed_min=202.9 files_done=201 resolved=8056 errors=7065 current=Tests/test_file_fli.py
[2026-09-25T10:38:16Z] [iter=1] HEARTBEAT target_type=call_site elapsed_min=205.7 files_done=203 resolved=8088 errors=7166 current=selftest.py
[2026-09-25T10:38:59Z] [iter=1] HEARTBEAT target_type=call_site elapsed_min=206.4 files_done=205 resolved=8118 errors=7191 current=Tests/test_file_msp.py
[2026-09-25T10:40:09Z] [iter=1] HEARTBEAT target_type=call_site elapsed_min=207.6 files_done=207 resolved=8295 errors=7232 current=Tests/test_imagepath.py
[2026-09-25T10:41:01Z] [iter=1] HEARTBEAT target_type=call_site elapsed_min=208.5 files_done=212 resolved=8497 errors=7262 current=Tests/test_image_getextrema.py
[2026-09-25T10:41:43Z] [iter=1] HEARTBEAT target_type=call_site elapsed_min=209.2 files_done=215 resolved=8560 errors=7286 current=src/PIL/ImageDraw2.py
[2026-09-25T10:42:16Z] [iter=1] HEARTBEAT target_type=call_site elapsed_min=209.7 files_done=216 resolved=8567 errors=7306 current=Tests/test_file_ico.py
[2026-09-25T10:42:51Z] [iter=1] HEARTBEAT target_type=call_site elapsed_min=210.3 files_done=217 resolved=8611 errors=7326 current=Tests/test_image_getbbox.py
[2026-09-25T10:43:21Z] [iter=1] HEARTBEAT target_type=call_site elapsed_min=210.8 files_done=220 resolved=8685 errors=7343 current=Tests/test_file_blp.py
[2026-09-25T10:43:53Z] [iter=1] HEARTBEAT target_type=call_site elapsed_min=211.4 files_done=222 resolved=8700 errors=7362 current=Tests/test_image_point.py
[2026-09-25T10:45:54Z] [iter=1] HEARTBEAT target_type=call_site elapsed_min=213.4 files_done=225 resolved=8780 errors=7432 current=src/PIL/ImageGrab.py
[2026-09-25T10:46:38Z] [iter=1] HEARTBEAT target_type=call_site elapsed_min=214.1 files_done=227 resolved=8851 errors=7458 current=Tests/test_file_im.py
[2026-09-25T10:47:09Z] [iter=1] HEARTBEAT target_type=call_site elapsed_min=214.6 files_done=229 resolved=8909 errors=7476 current=Tests/test_imagemorph.py
[2026-09-25T10:47:47Z] [iter=1] HEARTBEAT target_type=call_site elapsed_min=215.3 files_done=231 resolved=8998 errors=7498 current=Tests/test_file_wmf.py
[2026-09-25T10:48:18Z] [iter=1] HEARTBEAT target_type=call_site elapsed_min=215.8 files_done=234 resolved=9037 errors=7516 current=Tests/test_image_getim.py
[2026-09-25T10:48:52Z] [iter=1] HEARTBEAT target_type=call_site elapsed_min=216.3 files_done=236 resolved=9041 errors=7536 current=src/PIL/PSDraw.py
[2026-09-25T10:49:25Z] [iter=1] HEARTBEAT target_type=call_site elapsed_min=216.9 files_done=240 resolved=9080 errors=7555 current=Tests/test_image_draft.py
[2026-09-25T10:50:15Z] [iter=1] HEARTBEAT target_type=call_site elapsed_min=217.7 files_done=244 resolved=9116 errors=7584 current=src/PIL/ImageQt.py
[2026-09-25T10:51:28Z] [iter=1] HEARTBEAT target_type=call_site elapsed_min=218.9 files_done=247 resolved=9213 errors=7625 current=Tests/test_core_resources.py
[2026-09-25T10:52:01Z] [iter=1] HEARTBEAT target_type=call_site elapsed_min=219.5 files_done=252 resolved=9288 errors=7644 current=Tests/test_file_gribstub.py
[2026-09-25T10:53:17Z] [iter=1] HEARTBEAT target_type=call_site elapsed_min=220.7 files_done=256 resolved=9355 errors=7688 current=Tests/test_font_pcf.py
[2026-09-25T10:54:31Z] [iter=1] HEARTBEAT target_type=call_site elapsed_min=222.0 files_done=258 resolved=9416 errors=7732 current=Tests/test_qt_image_qapplication.py
[2026-09-25T10:55:17Z] [iter=1] HEARTBEAT target_type=call_site elapsed_min=222.8 files_done=262 resolved=9455 errors=7758 current=Tests/test_image_split.py
[2026-09-25T10:55:49Z] [iter=1] HEARTBEAT target_type=call_site elapsed_min=223.3 files_done=263 resolved=9462 errors=7777 current=src/PIL/GribStubImagePlugin.py
[2026-09-25T10:56:22Z] [iter=1] HEARTBEAT target_type=call_site elapsed_min=223.8 files_done=269 resolved=9488 errors=7795 current=Tests/oss-fuzz/test_fuzzers.py
[2026-09-25T10:57:00Z] [iter=1] HEARTBEAT target_type=call_site elapsed_min=224.5 files_done=272 resolved=9522 errors=7817 current=docs/Guardfile
[2026-09-25T10:57:31Z] [iter=1] HEARTBEAT target_type=call_site elapsed_min=225.0 files_done=276 resolved=9556 errors=7835 current=Tests/test_file_spider.py
[2026-09-25T10:58:09Z] [iter=1] HEARTBEAT target_type=call_site elapsed_min=225.6 files_done=278 resolved=9614 errors=7857 current=src/PIL/SgiImagePlugin.py
[2026-09-25T10:58:42Z] [iter=1] HEARTBEAT target_type=call_site elapsed_min=226.2 files_done=282 resolved=9656 errors=7876 current=Tests/check_j2k_leaks.py
[2026-09-25T10:59:16Z] [iter=1] HEARTBEAT target_type=call_site elapsed_min=226.7 files_done=286 resolved=9679 errors=7896 current=.github/workflows/system-info.py
[2026-09-25T10:59:49Z] [iter=1] HEARTBEAT target_type=call_site elapsed_min=227.3 files_done=290 resolved=9718 errors=7915 current=Tests/test_file_fits.py
[2026-09-25T11:00:39Z] [iter=1] HEARTBEAT target_type=call_site elapsed_min=228.1 files_done=293 resolved=9756 errors=7945 current=src/PIL/QoiImagePlugin.py
[2026-09-25T11:01:12Z] [iter=1] HEARTBEAT target_type=call_site elapsed_min=228.7 files_done=297 resolved=9788 errors=7964 current=Tests/test_file_iptc.py
[2026-09-25T11:01:57Z] [iter=1] HEARTBEAT target_type=call_site elapsed_min=229.4 files_done=303 resolved=9822 errors=7990 current=Tests/test_file_xbm.py
[2026-09-25T11:02:43Z] [iter=1] HEARTBEAT target_type=call_site elapsed_min=230.2 files_done=306 resolved=9842 errors=8016 current=src/PIL/_deprecate.py
[2026-09-25T11:03:17Z] [iter=1] HEARTBEAT target_type=call_site elapsed_min=230.8 files_done=311 resolved=9868 errors=8036 current=src/PIL/Hdf5StubImagePlugin.py
[2026-09-25T11:03:52Z] [iter=1] HEARTBEAT target_type=call_site elapsed_min=231.3 files_done=319 resolved=9922 errors=8056 current=Tests/test_file_wal.py
[2026-09-25T11:04:24Z] [iter=1] HEARTBEAT target_type=call_site elapsed_min=231.9 files_done=335 resolved=10039 errors=8073 current=Tests/createfontdatachunk.py
[2026-09-25T11:04:54Z] [iter=1] HEARTBEAT target_type=call_site elapsed_min=232.4 files_done=345 resolved=10084 errors=8091 current=Tests/test_font_leaks.py
[2026-09-25T11:05:25Z] [iter=1] Target type resolved target_type=call_site resolved=10120 errors=8106 secs=13902 mem_mb=1005 MB
[2026-09-25T11:05:25Z] [iter=1] Resolving target type target_type=import_statement count=835
[2026-09-25T11:05:25Z] [iter=1] HEARTBEAT target_type=import_statement elapsed_min=232.9 files_done=0 resolved=0 errors=0 current=src/libImaging/JpegEncode.c
[2026-09-25T11:05:37Z] [iter=1] Target type resolved target_type=import_statement resolved=649 errors=0 secs=12 mem_mb=1005 MB
[2026-09-25T11:05:37Z] [iter=1] Resolving target type target_type=extends_clause count=116
[2026-09-25T11:05:39Z] [iter=1] Target type resolved target_type=extends_clause resolved=114 errors=0 secs=2 mem_mb=1005 MB
[2026-09-25T11:05:58Z] [iter=1] Step 5: Writing final enrichment file triples=181564
[2026-09-25T11:06:00Z] [iter=1] Enrichment file written path=/home/runner/work/forx/forx/storage/aggregate/lsp/e34d346f10c0b1c814661e662a3e0c1ef084cf1c.nq.gz size_kb=3855
[2026-09-25T11:06:00Z] [iter=1] PHASE END: enrich elapsed_s=14008 elapsed_min=233.5 total_triples=181564
